Archive member included to satisfy reference by file (symbol)

c:/st/stm32cubeide_1.10.1/stm32cubeide/plugins/com.st.stm32cube.ide.mcu.externaltools.gnu-tools-for-stm32.10.3-2021.10.win32_1.0.0.202111181127/tools/bin/../lib/gcc/arm-none-eabi/10.3.1/../../../../arm-none-eabi/lib/thumb/v7e-m+fp/hard\libstdc++_nano.a(pure.o)
                              ./Core/Src/mainpp.o (__cxa_pure_virtual)
c:/st/stm32cubeide_1.10.1/stm32cubeide/plugins/com.st.stm32cube.ide.mcu.externaltools.gnu-tools-for-stm32.10.3-2021.10.win32_1.0.0.202111181127/tools/bin/../lib/gcc/arm-none-eabi/10.3.1/../../../../arm-none-eabi/lib/thumb/v7e-m+fp/hard\libstdc++_nano.a(eh_terminate.o)
                              c:/st/stm32cubeide_1.10.1/stm32cubeide/plugins/com.st.stm32cube.ide.mcu.externaltools.gnu-tools-for-stm32.10.3-2021.10.win32_1.0.0.202111181127/tools/bin/../lib/gcc/arm-none-eabi/10.3.1/../../../../arm-none-eabi/lib/thumb/v7e-m+fp/hard\libstdc++_nano.a(pure.o) (std::terminate())
c:/st/stm32cubeide_1.10.1/stm32cubeide/plugins/com.st.stm32cube.ide.mcu.externaltools.gnu-tools-for-stm32.10.3-2021.10.win32_1.0.0.202111181127/tools/bin/../lib/gcc/arm-none-eabi/10.3.1/../../../../arm-none-eabi/lib/thumb/v7e-m+fp/hard\libstdc++_nano.a(eh_unex_handler.o)
                              c:/st/stm32cubeide_1.10.1/stm32cubeide/plugins/com.st.stm32cube.ide.mcu.externaltools.gnu-tools-for-stm32.10.3-2021.10.win32_1.0.0.202111181127/tools/bin/../lib/gcc/arm-none-eabi/10.3.1/../../../../arm-none-eabi/lib/thumb/v7e-m+fp/hard\libstdc++_nano.a(eh_terminate.o) (__cxxabiv1::__unexpected_handler)
c:/st/stm32cubeide_1.10.1/stm32cubeide/plugins/com.st.stm32cube.ide.mcu.externaltools.gnu-tools-for-stm32.10.3-2021.10.win32_1.0.0.202111181127/tools/bin/../lib/gcc/arm-none-eabi/10.3.1/../../../../arm-none-eabi/lib/thumb/v7e-m+fp/hard\libstdc++_nano.a(eh_term_handler.o)
                              c:/st/stm32cubeide_1.10.1/stm32cubeide/plugins/com.st.stm32cube.ide.mcu.externaltools.gnu-tools-for-stm32.10.3-2021.10.win32_1.0.0.202111181127/tools/bin/../lib/gcc/arm-none-eabi/10.3.1/../../../../arm-none-eabi/lib/thumb/v7e-m+fp/hard\libstdc++_nano.a(eh_terminate.o) (__cxxabiv1::__terminate_handler)
c:/st/stm32cubeide_1.10.1/stm32cubeide/plugins/com.st.stm32cube.ide.mcu.externaltools.gnu-tools-for-stm32.10.3-2021.10.win32_1.0.0.202111181127/tools/bin/../lib/gcc/arm-none-eabi/10.3.1/../../../../arm-none-eabi/lib/thumb/v7e-m+fp/hard\libm.a(lib_a-sf_round.o)
                              ./Core/Src/mainpp.o (roundf)
c:/st/stm32cubeide_1.10.1/stm32cubeide/plugins/com.st.stm32cube.ide.mcu.externaltools.gnu-tools-for-stm32.10.3-2021.10.win32_1.0.0.202111181127/tools/bin/../lib/gcc/arm-none-eabi/10.3.1/../../../../arm-none-eabi/lib/thumb/v7e-m+fp/hard\libc_nano.a(lib_a-abort.o)
                              c:/st/stm32cubeide_1.10.1/stm32cubeide/plugins/com.st.stm32cube.ide.mcu.externaltools.gnu-tools-for-stm32.10.3-2021.10.win32_1.0.0.202111181127/tools/bin/../lib/gcc/arm-none-eabi/10.3.1/../../../../arm-none-eabi/lib/thumb/v7e-m+fp/hard\libstdc++_nano.a(eh_terminate.o) (abort)
c:/st/stm32cubeide_1.10.1/stm32cubeide/plugins/com.st.stm32cube.ide.mcu.externaltools.gnu-tools-for-stm32.10.3-2021.10.win32_1.0.0.202111181127/tools/bin/../lib/gcc/arm-none-eabi/10.3.1/../../../../arm-none-eabi/lib/thumb/v7e-m+fp/hard\libc_nano.a(lib_a-errno.o)
                              ./Core/Src/syscalls.o (__errno)
c:/st/stm32cubeide_1.10.1/stm32cubeide/plugins/com.st.stm32cube.ide.mcu.externaltools.gnu-tools-for-stm32.10.3-2021.10.win32_1.0.0.202111181127/tools/bin/../lib/gcc/arm-none-eabi/10.3.1/../../../../arm-none-eabi/lib/thumb/v7e-m+fp/hard\libc_nano.a(lib_a-exit.o)
                              c:/st/stm32cubeide_1.10.1/stm32cubeide/plugins/com.st.stm32cube.ide.mcu.externaltools.gnu-tools-for-stm32.10.3-2021.10.win32_1.0.0.202111181127/tools/bin/../lib/gcc/arm-none-eabi/10.3.1/../../../../arm-none-eabi/lib/thumb/v7e-m+fp/hard/crt0.o (exit)
c:/st/stm32cubeide_1.10.1/stm32cubeide/plugins/com.st.stm32cube.ide.mcu.externaltools.gnu-tools-for-stm32.10.3-2021.10.win32_1.0.0.202111181127/tools/bin/../lib/gcc/arm-none-eabi/10.3.1/../../../../arm-none-eabi/lib/thumb/v7e-m+fp/hard\libc_nano.a(lib_a-impure.o)
                              c:/st/stm32cubeide_1.10.1/stm32cubeide/plugins/com.st.stm32cube.ide.mcu.externaltools.gnu-tools-for-stm32.10.3-2021.10.win32_1.0.0.202111181127/tools/bin/../lib/gcc/arm-none-eabi/10.3.1/../../../../arm-none-eabi/lib/thumb/v7e-m+fp/hard\libc_nano.a(lib_a-exit.o) (_global_impure_ptr)
c:/st/stm32cubeide_1.10.1/stm32cubeide/plugins/com.st.stm32cube.ide.mcu.externaltools.gnu-tools-for-stm32.10.3-2021.10.win32_1.0.0.202111181127/tools/bin/../lib/gcc/arm-none-eabi/10.3.1/../../../../arm-none-eabi/lib/thumb/v7e-m+fp/hard\libc_nano.a(lib_a-init.o)
[...]
Memory Configuration

Name             Origin             Length             Attributes
RAM              0x0000000020000000 0x0000000000020000 xrw
FLASH            0x0000000008000000 0x0000000000080000 xr
*default*        0x0000000000000000 0xffffffffffffffff

Linker script and memory map

LOAD c:/st/stm32cubeide_1.10.1/stm32cubeide/plugins/com.st.stm32cube.ide.mcu.externaltools.gnu-tools-for-stm32.10.3-2021.10.win32_1.0.0.202111181127/tools/bin/../lib/gcc/arm-none-eabi/10.3.1/thumb/v7e-m+fp/hard/crti.o
LOAD c:/st/stm32cubeide_1.10.1/stm32cubeide/plugins/com.st.stm32cube.ide.mcu.externaltools.gnu-tools-for-stm32.10.3-2021.10.win32_1.0.0.202111181127/tools/bin/../lib/gcc/arm-none-eabi/10.3.1/thumb/v7e-m+fp/hard/crtbegin.o
LOAD c:/st/stm32cubeide_1.10.1/stm32cubeide/plugins/com.st.stm32cube.ide.mcu.externaltools.gnu-tools-for-stm32.10.3-2021.10.win32_1.0.0.202111181127/tools/bin/../lib/gcc/arm-none-eabi/10.3.1/../../../../arm-none-eabi/lib/thumb/v7e-m+fp/hard/crt0.o
LOAD ./Core/Src/DCmotor.o
LOAD ./Core/Src/duration.o
LOAD ./Core/Src/main.o
LOAD ./Core/Src/mainpp.o
LOAD ./Core/Src/stm32f4xx_hal_msp.o
LOAD ./Core/Src/stm32f4xx_it.o
LOAD ./Core/Src/syscalls.o
LOAD ./Core/Src/sysmem.o
LOAD ./Core/Src/system_stm32f4xx.o
LOAD ./Core/Src/time.o
LOAD ./Core/Startup/startup_stm32f411vetx.o
LOAD ./Drivers/STM32F4xx_HAL_Driver/Src/stm32f4xx_hal.o
LOAD ./Drivers/STM32F4xx_HAL_Driver/Src/stm32f4xx_hal_cortex.o
LOAD ./Drivers/STM32F4xx_HAL_Driver/Src/stm32f4xx_hal_dma.o
LOAD ./Drivers/STM32F4xx_HAL_Driver/Src/stm32f4xx_hal_dma_ex.o
LOAD ./Drivers/STM32F4xx_HAL_Driver/Src/stm32f4xx_hal_exti.o
LOAD ./Drivers/STM32F4xx_HAL_Driver/Src/stm32f4xx_hal_flash.o
LOAD ./Drivers/STM32F4xx_HAL_Driver/Src/stm32f4xx_hal_flash_ex.o
LOAD ./Drivers/STM32F4xx_HAL_Driver/Src/stm32f4xx_hal_flash_ramfunc.o
LOAD ./Drivers/STM32F4xx_HAL_Driver/Src/stm32f4xx_hal_gpio.o
LOAD ./Drivers/STM32F4xx_HAL_Driver/Src/stm32f4xx_hal_hcd.o
LOAD ./Drivers/STM32F4xx_HAL_Driver/Src/stm32f4xx_hal_i2c.o
LOAD ./Drivers/STM32F4xx_HAL_Driver/Src/stm32f4xx_hal_i2c_ex.o
LOAD ./Drivers/STM32F4xx_HAL_Driver/Src/stm32f4xx_hal_i2s.o
LOAD ./Drivers/STM32F4xx_HAL_Driver/Src/stm32f4xx_hal_i2s_ex.o
LOAD ./Drivers/STM32F4xx_HAL_Driver/Src/stm32f4xx_hal_pwr.o
LOAD ./Drivers/STM32F4xx_HAL_Driver/Src/stm32f4xx_hal_pwr_ex.o
LOAD ./Drivers/STM32F4xx_HAL_Driver/Src/stm32f4xx_hal_rcc.o
LOAD ./Drivers/STM32F4xx_HAL_Driver/Src/stm32f4xx_hal_rcc_ex.o
LOAD ./Drivers/STM32F4xx_HAL_Driver/Src/stm32f4xx_hal_spi.o
LOAD ./Drivers/STM32F4xx_HAL_Driver/Src/stm32f4xx_hal_tim.o
LOAD ./Drivers/STM32F4xx_HAL_Driver/Src/stm32f4xx_hal_tim_ex.o
LOAD ./Drivers/STM32F4xx_HAL_Driver/Src/stm32f4xx_hal_uart.o
LOAD ./Drivers/STM32F4xx_HAL_Driver/Src/stm32f4xx_ll_usb.o
LOAD ./Middlewares/ST/STM32_USB_Host_Library/Class/CDC/Src/usbh_cdc.o
LOAD ./Middlewares/ST/STM32_USB_Host_Library/Core/Src/usbh_core.o
LOAD ./Middlewares/ST/STM32_USB_Host_Library/Core/Src/usbh_ctlreq.o
LOAD ./Middlewares/ST/STM32_USB_Host_Library/Core/Src/usbh_ioreq.o
LOAD ./Middlewares/ST/STM32_USB_Host_Library/Core/Src/usbh_pipes.o
LOAD ./USB_HOST/App/usb_host.o
LOAD ./USB_HOST/Target/usbh_conf.o
LOAD ./USB_HOST/Target/usbh_platform.o
START GROUP
LOAD c:/st/stm32cubeide_1.10.1/stm32cubeide/plugins/com.st.stm32cube.ide.mcu.externaltools.gnu-tools-for-stm32.10.3-2021.10.win32_1.0.0.202111181127/tools/bin/../lib/gcc/arm-none-eabi/10.3.1/../../../../arm-none-eabi/lib/thumb/v7e-m+fp/hard\libstdc++_nano.a
LOAD c:/st/stm32cubeide_1.10.1/stm32cubeide/plugins/com.st.stm32cube.ide.mcu.externaltools.gnu-tools-for-stm32.10.3-2021.10.win32_1.0.0.202111181127/tools/bin/../lib/gcc/arm-none-eabi/10.3.1/../../../../arm-none-eabi/lib/thumb/v7e-m+fp/hard\libsupc++_nano.a
END GROUP
LOAD c:/st/stm32cubeide_1.10.1/stm32cubeide/plugins/com.st.stm32cube.ide.mcu.externaltools.gnu-tools-for-stm32.10.3-2021.10.win32_1.0.0.202111181127/tools/bin/../lib/gcc/arm-none-eabi/10.3.1/../../../../arm-none-eabi/lib/thumb/v7e-m+fp/hard\libstdc++_nano.a
LOAD c:/st/stm32cubeide_1.10.1/stm32cubeide/plugins/com.st.stm32cube.ide.mcu.externaltools.gnu-tools-for-stm32.10.3-2021.10.win32_1.0.0.202111181127/tools/bin/../lib/gcc/arm-none-eabi/10.3.1/../../../../arm-none-eabi/lib/thumb/v7e-m+fp/hard\libm.a
LOAD c:/st/stm32cubeide_1.10.1/stm32cubeide/plugins/com.st.stm32cube.ide.mcu.externaltools.gnu-tools-for-stm32.10.3-2021.10.win32_1.0.0.202111181127/tools/bin/../lib/gcc/arm-none-eabi/10.3.1/../../../../arm-none-eabi/lib/thumb/v7e-m+fp/hard\libc_nano.a
START GROUP
LOAD c:/st/stm32cubeide_1.10.1/stm32cubeide/plugins/com.st.stm32cube.ide.mcu.externaltools.gnu-tools-for-stm32.10.3-2021.10.win32_1.0.0.202111181127/tools/bin/../lib/gcc/arm-none-eabi/10.3.1/thumb/v7e-m+fp/hard\libgcc.a
LOAD c:/st/stm32cubeide_1.10.1/stm32cubeide/plugins/com.st.stm32cube.ide.mcu.externaltools.gnu-tools-for-stm32.10.3-2021.10.win32_1.0.0.202111181127/tools/bin/../lib/gcc/arm-none-eabi/10.3.1/../../../../arm-none-eabi/lib/thumb/v7e-m+fp/hard\libc_nano.a
END GROUP
START GROUP
LOAD c:/st/stm32cubeide_1.10.1/stm32cubeide/plugins/com.st.stm32cube.ide.mcu.externaltools.gnu-tools-for-stm32.10.3-2021.10.win32_1.0.0.202111181127/tools/bin/../lib/gcc/arm-none-eabi/10.3.1/thumb/v7e-m+fp/hard\libgcc.a
LOAD c:/st/stm32cubeide_1.10.1/stm32cubeide/plugins/com.st.stm32cube.ide.mcu.externaltools.gnu-tools-for-stm32.10.3-2021.10.win32_1.0.0.202111181127/tools/bin/../lib/gcc/arm-none-eabi/10.3.1/../../../../arm-none-eabi/lib/thumb/v7e-m+fp/hard\libc_nano.a
END GROUP
LOAD c:/st/stm32cubeide_1.10.1/stm32cubeide/plugins/com.st.stm32cube.ide.mcu.externaltools.gnu-tools-for-stm32.10.3-2021.10.win32_1.0.0.202111181127/tools/bin/../lib/gcc/arm-none-eabi/10.3.1/thumb/v7e-m+fp/hard/crtend.o
LOAD c:/st/stm32cubeide_1.10.1/stm32cubeide/plugins/com.st.stm32cube.ide.mcu.externaltools.gnu-tools-for-stm32.10.3-2021.10.win32_1.0.0.202111181127/tools/bin/../lib/gcc/arm-none-eabi/10.3.1/thumb/v7e-m+fp/hard/crtn.o
                0x0000000020020000                _estack = (ORIGIN (RAM) + LENGTH (RAM))
                0x0000000000000200                _Min_Heap_Size = 0x200
                0x0000000000000400                _Min_Stack_Size = 0x400

.isr_vector     0x0000000008000000      0x198
                0x0000000008000000                . = ALIGN (0x4)
 *(.isr_vector)
 .isr_vector    0x0000000008000000      0x198 ./Core/Startup/startup_stm32f411vetx.o
                0x0000000008000000                g_pfnVectors
                0x0000000008000198                . = ALIGN (0x4)

.text           0x00000000080001a0    0x11ad0
                0x00000000080001a0                . = ALIGN (0x4)
 *(.text)
 .text          0x00000000080001a0       0x40 c:/st/stm32cubeide_1.10.1/stm32cubeide/plugins/com.st.stm32cube.ide.mcu.externaltools.gnu-tools-for-stm32.10.3-2021.10.win32_1.0.0.202111181127/tools/bin/../lib/gcc/arm-none-eabi/10.3.1/thumb/v7e-m+fp/hard/crtbegin.o
 .text          0x00000000080001e0       0x10 c:/st/stm32cubeide_1.10.1/stm32cubeide/plugins/com.st.stm32cube.ide.mcu.externaltools.gnu-tools-for-stm32.10.3-2021.10.win32_1.0.0.202111181127/tools/bin/../lib/gcc/arm-none-eabi/10.3.1/../../../../arm-none-eabi/lib/thumb/v7e-m+fp/hard\libc_nano.a(lib_a-strlen.o)
                0x00000000080001e0                strlen
 .text          0x00000000080001f0       0xa0 c:/st/stm32cubeide_1.10.1/stm32cubeide/plugins/com.st.stm32cube.ide.mcu.externaltools.gnu-tools-for-stm32.10.3-2021.10.win32_1.0.0.202111181127/tools/bin/../lib/gcc/arm-none-eabi/10.3.1/../../../../arm-none-eabi/lib/thumb/v7e-m+fp/hard\libc_nano.a(lib_a-memchr.o)
                0x00000000080001f0                memchr
 .text          0x0000000008000290      0x378 c:/st/stm32cubeide_1.10.1/stm32cubeide/plugins/com.st.stm32cube.ide.mcu.externaltools.gnu-tools-for-stm32.10.3-2021.10.win32_1.0.0.202111181127/tools/bin/../lib/gcc/arm-none-eabi/10.3.1/thumb/v7e-m+fp/hard\libgcc.a(_arm_addsubdf3.o)
                0x0000000008000290                __aeabi_drsub
                0x0000000008000298                __aeabi_dsub
                0x0000000008000298                __subdf3
                0x000000000800029c                __aeabi_dadd
                0x000000000800029c                __adddf3
                0x0000000008000514                __floatunsidf
                0x0000000008000514                __aeabi_ui2d
                0x0000000008000534                __floatsidf
                0x0000000008000534                __aeabi_i2d
                0x0000000008000558                __aeabi_f2d
                0x0000000008000558                __extendsfdf2
                0x000000000800059c                __floatundidf
                0x000000000800059c                __aeabi_ul2d
                0x00000000080005ac                __floatdidf
                0x00000000080005ac                __aeabi_l2d
 .text          0x0000000008000608      0x424 c:/st/stm32cubeide_1.10.1/stm32cubeide/plugins/com.st.stm32cube.ide.mcu.externaltools.gnu-tools-for-stm32.10.3-2021.10.win32_1.0.0.202111181127/tools/bin/../lib/gcc/arm-none-eabi/10.3.1/thumb/v7e-m+fp/hard\libgcc.a(_arm_muldivdf3.o)
                0x0000000008000608                __aeabi_dmul
                0x0000000008000608                __muldf3
                0x000000000800085c                __divdf3
                0x000000000800085c                __aeabi_ddiv
 .text          0x0000000008000a2c      0x110 c:/st/stm32cubeide_1.10.1/stm32cubeide/plugins/com.st.stm32cube.ide.mcu.externaltools.gnu-tools-for-stm32.10.3-2021.10.win32_1.0.0.202111181127/tools/bin/../lib/gcc/arm-none-eabi/10.3.1/thumb/v7e-m+fp/hard\libgcc.a(_arm_cmpdf2.o)
                0x0000000008000a2c                __gtdf2
                0x0000000008000a2c                __gedf2
                0x0000000008000a34                __ltdf2
                0x0000000008000a34                __ledf2
                0x0000000008000a3c                __nedf2
                0x0000000008000a3c                __eqdf2
                0x0000000008000a3c                __cmpdf2
                0x0000000008000ab8                __aeabi_cdrcmple
                0x0000000008000ac8                __aeabi_cdcmpeq
                0x0000000008000ac8                __aeabi_cdcmple
                0x0000000008000ad8                __aeabi_dcmpeq
                0x0000000008000aec                __aeabi_dcmplt
                0x0000000008000b00                __aeabi_dcmple
                0x0000000008000b14                __aeabi_dcmpge
                0x0000000008000b28                __aeabi_dcmpgt
 .text          0x0000000008000b3c       0x2c c:/st/stm32cubeide_1.10.1/stm32cubeide/plugins/com.st.stm32cube.ide.mcu.externaltools.gnu-tools-for-stm32.10.3-2021.10.win32_1.0.0.202111181127/tools/bin/../lib/gcc/arm-none-eabi/10.3.1/thumb/v7e-m+fp/hard\libgcc.a(_arm_unorddf2.o)
                0x0000000008000b3c                __unorddf2
                0x0000000008000b3c                __aeabi_dcmpun
 .text          0x0000000008000b68       0x50 c:/st/stm32cubeide_1.10.1/stm32cubeide/plugins/com.st.stm32cube.ide.mcu.externaltools.gnu-tools-for-stm32.10.3-2021.10.win32_1.0.0.202111181127/tools/bin/../lib/gcc/arm-none-eabi/10.3.1/thumb/v7e-m+fp/hard\libgcc.a(_arm_fixdfsi.o)
                0x0000000008000b68                __aeabi_d2iz
                0x0000000008000b68                __fixdfsi
 .text          0x0000000008000bb8       0xa0 c:/st/stm32cubeide_1.10.1/stm32cubeide/plugins/com.st.stm32cube.ide.mcu.externaltools.gnu-tools-for-stm32.10.3-2021.10.win32_1.0.0.202111181127/tools/bin/../lib/gcc/arm-none-eabi/10.3.1/thumb/v7e-m+fp/hard\libgcc.a(_arm_truncdfsf2.o)
                0x0000000008000bb8                __truncdfsf2
                0x0000000008000bb8                __aeabi_d2f
 .text          0x0000000008000c58       0x30 c:/st/stm32cubeide_1.10.1/stm32cubeide/plugins/com.st.stm32cube.ide.mcu.externaltools.gnu-tools-for-stm32.10.3-2021.10.win32_1.0.0.202111181127/tools/bin/../lib/gcc/arm-none-eabi/10.3.1/thumb/v7e-m+fp/hard\libgcc.a(_aeabi_uldivmod.o)
                0x0000000008000c58                __aeabi_uldivmod
 .text          0x0000000008000c88      0x2d0 c:/st/stm32cubeide_1.10.1/stm32cubeide/plugins/com.st.stm32cube.ide.mcu.externaltools.gnu-tools-for-stm32.10.3-2021.10.win32_1.0.0.202111181127/tools/bin/../lib/gcc/arm-none-eabi/10.3.1/thumb/v7e-m+fp/hard\libgcc.a(_udivmoddi4.o)
                0x0000000008000c88                __udivmoddi4
 .text          0x0000000008000f58        0x4 c:/st/stm32cubeide_1.10.1/stm32cubeide/plugins/com.st.stm32cube.ide.mcu.externaltools.gnu-tools-for-stm32.10.3-2021.10.win32_1.0.0.202111181127/tools/bin/../lib/gcc/arm-none-eabi/10.3.1/thumb/v7e-m+fp/hard\libgcc.a(_dvmd_tls.o)
                0x0000000008000f58                __aeabi_idiv0
                0x0000000008000f58                __aeabi_ldiv0
 *(.text*)
 .text.HAL_GPIO_EXTI_Callback
                0x0000000008000f5c      0x590 ./Core/Src/DCmotor.o
                0x0000000008000f5c                HAL_GPIO_EXTI_Callback
 *fill*         0x00000000080014ec        0x4 
 .text.HAL_TIM_PeriodElapsedCallback
                0x00000000080014f0       0xf8 ./Core/Src/DCmotor.o
                0x00000000080014f0                HAL_TIM_PeriodElapsedCallback
 .text.PID_Compute
                0x00000000080015e8      0x170 ./Core/Src/DCmotor.o
                0x00000000080015e8                PID_Compute
 .text.ReadEncoder
                0x0000000008001758        0xe ./Core/Src/DCmotor.o
                0x0000000008001758                ReadEncoder
 .text.ComputeVelocity
                0x0000000008001766        0xe ./Core/Src/DCmotor.o
                0x0000000008001766                ComputeVelocity
 *fill*         0x0000000008001774        0x4 
 .text.SubcribeVelocityFromRos
                0x0000000008001778      0x2e4 ./Core/Src/DCmotor.o
                0x0000000008001778                SubcribeVelocityFromRos
 .text.main     0x0000000008001a5c       0x98 ./Core/Src/main.o
                0x0000000008001a5c                main
 .text._Z18SystemClock_Configv
                0x0000000008001af4       0xe4 ./Core/Src/main.o
                0x0000000008001af4                SystemClock_Config()
 .text._Z24PeriphCommonClock_Configv
                0x0000000008001bd8       0x4a ./Core/Src/main.o
                0x0000000008001bd8                PeriphCommonClock_Config()
 *fill*         0x0000000008001c22        0x2 
 .text._ZL12MX_I2C1_Initv
                0x0000000008001c24       0x68 ./Core/Src/main.o
 .text._ZL12MX_I2S2_Initv
                0x0000000008001c8c       0x68 ./Core/Src/main.o
 .text._ZL12MX_I2S3_Initv
                0x0000000008001cf4       0x68 ./Core/Src/main.o
 .text._ZL12MX_SPI1_Initv
                0x0000000008001d5c       0x78 ./Core/Src/main.o
 .text._ZL12MX_TIM2_Initv
                0x0000000008001dd4       0xb8 ./Core/Src/main.o
 .text._ZL12MX_TIM3_Initv
                0x0000000008001e8c      0x140 ./Core/Src/main.o
 .text._ZL19MX_USART1_UART_Initv
                0x0000000008001fcc       0x5c ./Core/Src/main.o
 .text._ZL11MX_DMA_Initv
                0x0000000008002028       0x50 ./Core/Src/main.o
 .text._ZL12MX_GPIO_Initv
                0x0000000008002078      0x248 ./Core/Src/main.o
 .text.Error_Handler
                0x00000000080022c0        0xa ./Core/Src/main.o
                0x00000000080022c0                Error_Handler
 .text._ZSt4fabsf
                0x00000000080022ca       0x20 ./Core/Src/mainpp.o
                0x00000000080022ca                std::fabs(float)
 .text._ZSt5roundf
                0x00000000080022ea       0x20 ./Core/Src/mainpp.o
                0x00000000080022ea                std::round(float)
 .text._ZN3ros4TimeC2Ev
                0x000000000800230a       0x22 ./Core/Src/mainpp.o
                0x000000000800230a                ros::Time::Time()
                0x000000000800230a                ros::Time::Time()
 .text._ZN3ros3MsgC2Ev
                0x000000000800232c       0x20 ./Core/Src/mainpp.o
                0x000000000800232c                ros::Msg::Msg()
                0x000000000800232c                ros::Msg::Msg()
 .text._ZN8std_msgs4TimeC2Ev
                0x000000000800234c       0x30 ./Core/Src/mainpp.o
                0x000000000800234c                std_msgs::Time::Time()
                0x000000000800234c                std_msgs::Time::Time()
 .text._ZNK8std_msgs4Time9serializeEPh
                0x000000000800237c       0xb0 ./Core/Src/mainpp.o
                0x000000000800237c                std_msgs::Time::serialize(unsigned char*) const
 .text._ZN8std_msgs4Time11deserializeEPh
                0x000000000800242c       0xc8 ./Core/Src/mainpp.o
                0x000000000800242c                std_msgs::Time::deserialize(unsigned char*)
 .text._ZN8std_msgs4Time7getTypeEv
                0x00000000080024f4       0x1c ./Core/Src/mainpp.o
                0x00000000080024f4                std_msgs::Time::getType()
 .text._ZN8std_msgs4Time6getMD5Ev
                0x0000000008002510       0x1c ./Core/Src/mainpp.o
                0x0000000008002510                std_msgs::Time::getMD5()
 .text._ZN14rosserial_msgs9TopicInfoC2Ev
                0x000000000800252c       0x48 ./Core/Src/mainpp.o
                0x000000000800252c                rosserial_msgs::TopicInfo::TopicInfo()
                0x000000000800252c                rosserial_msgs::TopicInfo::TopicInfo()
 .text._ZNK14rosserial_msgs9TopicInfo9serializeEPh
                0x0000000008002574      0x136 ./Core/Src/mainpp.o
                0x0000000008002574                rosserial_msgs::TopicInfo::serialize(unsigned char*) const
 .text._ZN14rosserial_msgs9TopicInfo11deserializeEPh
                0x00000000080026aa      0x1d0 ./Core/Src/mainpp.o
                0x00000000080026aa                rosserial_msgs::TopicInfo::deserialize(unsigned char*)
 *fill*         0x000000000800287a        0x2 
 .text._ZN14rosserial_msgs9TopicInfo7getTypeEv
                0x000000000800287c       0x1c ./Core/Src/mainpp.o
                0x000000000800287c                rosserial_msgs::TopicInfo::getType()
 .text._ZN14rosserial_msgs9TopicInfo6getMD5Ev
                0x0000000008002898       0x1c ./Core/Src/mainpp.o
                0x0000000008002898                rosserial_msgs::TopicInfo::getMD5()
 .text._ZN14rosserial_msgs3LogC2Ev
                0x00000000080028b4       0x34 ./Core/Src/mainpp.o
                0x00000000080028b4                rosserial_msgs::Log::Log()
                0x00000000080028b4                rosserial_msgs::Log::Log()
 .text._ZNK14rosserial_msgs3Log9serializeEPh
                0x00000000080028e8       0x64 ./Core/Src/mainpp.o
                0x00000000080028e8                rosserial_msgs::Log::serialize(unsigned char*) const
 .text._ZN14rosserial_msgs3Log11deserializeEPh
                0x000000000800294c       0x90 ./Core/Src/mainpp.o
                0x000000000800294c                rosserial_msgs::Log::deserialize(unsigned char*)
 .text._ZN14rosserial_msgs3Log7getTypeEv
                0x00000000080029dc       0x1c ./Core/Src/mainpp.o
                0x00000000080029dc                rosserial_msgs::Log::getType()
 .text._ZN14rosserial_msgs3Log6getMD5Ev
                0x00000000080029f8       0x1c ./Core/Src/mainpp.o
                0x00000000080029f8                rosserial_msgs::Log::getMD5()
 .text._ZN14rosserial_msgs20RequestParamResponseC2Ev
                0x0000000008002a14       0x5c ./Core/Src/mainpp.o
                0x0000000008002a14                rosserial_msgs::RequestParamResponse::RequestParamResponse()
                0x0000000008002a14                rosserial_msgs::RequestParamResponse::RequestParamResponse()
 .text._ZNK14rosserial_msgs20RequestParamResponse9serializeEPh
                0x0000000008002a70      0x222 ./Core/Src/mainpp.o
                0x0000000008002a70                rosserial_msgs::RequestParamResponse::serialize(unsigned char*) const
 .text._ZN14rosserial_msgs20RequestParamResponse11deserializeEPh
                0x0000000008002c92      0x2e2 ./Core/Src/mainpp.o
                0x0000000008002c92                rosserial_msgs::RequestParamResponse::deserialize(unsigned char*)
 .text._ZN14rosserial_msgs20RequestParamResponse7getTypeEv
                0x0000000008002f74       0x1c ./Core/Src/mainpp.o
                0x0000000008002f74                rosserial_msgs::RequestParamResponse::getType()
 .text._ZN14rosserial_msgs20RequestParamResponse6getMD5Ev
                0x0000000008002f90       0x1c ./Core/Src/mainpp.o
                0x0000000008002f90                rosserial_msgs::RequestParamResponse::getMD5()
 .text._ZN3ros9PublisherC2EPKcPNS_3MsgEi
                0x0000000008002fac       0x2e ./Core/Src/mainpp.o
                0x0000000008002fac                ros::Publisher::Publisher(char const*, ros::Msg*, int)
                0x0000000008002fac                ros::Publisher::Publisher(char const*, ros::Msg*, int)
 .text._ZN3ros9Publisher7publishEPKNS_3MsgE
                0x0000000008002fda       0x28 ./Core/Src/mainpp.o
                0x0000000008002fda                ros::Publisher::publish(ros::Msg const*)
 .text._ZN3ros9Publisher15getEndpointTypeEv
                0x0000000008003002       0x18 ./Core/Src/mainpp.o
                0x0000000008003002                ros::Publisher::getEndpointType()
 .text._ZN13STM32Hardware10getRdmaIndEv
                0x000000000800301a       0x26 ./Core/Src/mainpp.o
                0x000000000800301a                STM32Hardware::getRdmaInd()
 .text._ZN13STM32HardwareC2Ev
                0x0000000008003040       0x38 ./Core/Src/mainpp.o
                0x0000000008003040                STM32Hardware::STM32Hardware()
                0x0000000008003040                STM32Hardware::STM32Hardware()
 .text._ZN13STM32Hardware4initEv
                0x0000000008003078       0x16 ./Core/Src/mainpp.o
                0x0000000008003078                STM32Hardware::init()
 .text._ZN13STM32Hardware10reset_rbufEv
                0x000000000800308e       0x22 ./Core/Src/mainpp.o
                0x000000000800308e                STM32Hardware::reset_rbuf()
 .text._ZN13STM32Hardware4readEv
                0x00000000080030b0       0x5a ./Core/Src/mainpp.o
                0x00000000080030b0                STM32Hardware::read()
 *fill*         0x000000000800310a        0x2 
 .text._ZN13STM32Hardware5flushEv
                0x000000000800310c       0xbc ./Core/Src/mainpp.o
                0x000000000800310c                STM32Hardware::flush()
 .text._ZN13STM32Hardware5writeEPhi
                0x00000000080031c8       0x9c ./Core/Src/mainpp.o
                0x00000000080031c8                STM32Hardware::write(unsigned char*, int)
 .text._ZN13STM32Hardware4timeEv
                0x0000000008003264       0x16 ./Core/Src/mainpp.o
                0x0000000008003264                STM32Hardware::time()
 *fill*         0x000000000800327a        0x2 
 .text._ZN13geometry_msgs7Vector3C2Ev
                0x000000000800327c       0x50 ./Core/Src/mainpp.o
                0x000000000800327c                geometry_msgs::Vector3::Vector3()
                0x000000000800327c                geometry_msgs::Vector3::Vector3()
 .text._ZNK13geometry_msgs7Vector39serializeEPh
                0x00000000080032cc      0x2e6 ./Core/Src/mainpp.o
                0x00000000080032cc                geometry_msgs::Vector3::serialize(unsigned char*) const
 .text._ZN13geometry_msgs7Vector311deserializeEPh
                0x00000000080035b2      0x6be ./Core/Src/mainpp.o
                0x00000000080035b2                geometry_msgs::Vector3::deserialize(unsigned char*)
 .text._ZN13geometry_msgs7Vector37getTypeEv
                0x0000000008003c70       0x1c ./Core/Src/mainpp.o
                0x0000000008003c70                geometry_msgs::Vector3::getType()
 .text._ZN13geometry_msgs7Vector36getMD5Ev
                0x0000000008003c8c       0x1c ./Core/Src/mainpp.o
                0x0000000008003c8c                geometry_msgs::Vector3::getMD5()
 .text._ZN8std_msgs6StringC2Ev
                0x0000000008003ca8       0x30 ./Core/Src/mainpp.o
                0x0000000008003ca8                std_msgs::String::String()
                0x0000000008003ca8                std_msgs::String::String()
 .text._ZNK8std_msgs6String9serializeEPh
                0x0000000008003cd8       0x52 ./Core/Src/mainpp.o
                0x0000000008003cd8                std_msgs::String::serialize(unsigned char*) const
 .text._ZN8std_msgs6String11deserializeEPh
                0x0000000008003d2a       0x7e ./Core/Src/mainpp.o
                0x0000000008003d2a                std_msgs::String::deserialize(unsigned char*)
 .text._ZN8std_msgs6String7getTypeEv
                0x0000000008003da8       0x1c ./Core/Src/mainpp.o
                0x0000000008003da8                std_msgs::String::getType()
 .text._ZN8std_msgs6String6getMD5Ev
                0x0000000008003dc4       0x1c ./Core/Src/mainpp.o
                0x0000000008003dc4                std_msgs::String::getMD5()
 .text._ZN13geometry_msgs5TwistC2Ev
                0x0000000008003de0       0x38 ./Core/Src/mainpp.o
                0x0000000008003de0                geometry_msgs::Twist::Twist()
                0x0000000008003de0                geometry_msgs::Twist::Twist()
 .text._ZNK13geometry_msgs5Twist9serializeEPh
                0x0000000008003e18       0x4c ./Core/Src/mainpp.o
                0x0000000008003e18                geometry_msgs::Twist::serialize(unsigned char*) const
 .text._ZN13geometry_msgs5Twist11deserializeEPh
                0x0000000008003e64       0x4c ./Core/Src/mainpp.o
                0x0000000008003e64                geometry_msgs::Twist::deserialize(unsigned char*)
 .text._ZN13geometry_msgs5Twist7getTypeEv
                0x0000000008003eb0       0x1c ./Core/Src/mainpp.o
                0x0000000008003eb0                geometry_msgs::Twist::getType()
 .text._ZN13geometry_msgs5Twist6getMD5Ev
                0x0000000008003ecc       0x1c ./Core/Src/mainpp.o
                0x0000000008003ecc                geometry_msgs::Twist::getMD5()
 .text._ZN3ros15NodeHandleBase_C2Ev
                0x0000000008003ee8       0x20 ./Core/Src/mainpp.o
                0x0000000008003ee8                ros::NodeHandleBase_::NodeHandleBase_()
                0x0000000008003ee8                ros::NodeHandleBase_::NodeHandleBase_()
 .text._ZN3ros11NodeHandle_I13STM32HardwareLi25ELi25ELi1024ELi1024EEC2Ev
                0x0000000008003f08      0x12c ./Core/Src/mainpp.o
                0x0000000008003f08                ros::NodeHandle_<STM32Hardware, 25, 25, 1024, 1024>::NodeHandle_()
                0x0000000008003f08                ros::NodeHandle_<STM32Hardware, 25, 25, 1024, 1024>::NodeHandle_()
 *fill*         0x0000000008004034        0x4 
 .text._Z23commandVelocityCallbackRKN13geometry_msgs5TwistE
                0x0000000008004038       0x30 ./Core/Src/mainpp.o
                0x0000000008004038                commandVelocityCallback(geometry_msgs::Twist const&)
 .text.HAL_UART_TxCpltCallback
                0x0000000008004068       0x24 ./Core/Src/mainpp.o
                0x0000000008004068                HAL_UART_TxCpltCallback
 .text.HAL_UART_RxCpltCallback
                0x000000000800408c       0x24 ./Core/Src/mainpp.o
                0x000000000800408c                HAL_UART_RxCpltCallback
 .text.setup    0x00000000080040b0       0x2c ./Core/Src/mainpp.o
                0x00000000080040b0                setup
 *fill*         0x00000000080040dc        0x4 
 .text.loop     0x00000000080040e0      0x128 ./Core/Src/mainpp.o
                0x00000000080040e0                loop
 .text._ZN3ros3Msg8varToArrIPhmEEvT_T0_
                0x0000000008004208       0x3c ./Core/Src/mainpp.o
                0x0000000008004208                void ros::Msg::varToArr<unsigned char*, unsigned long>(unsigned char*, unsigned long)
 .text._ZN3ros3Msg8arrToVarImPhEEvRT_T0_
                0x0000000008004244       0x4a ./Core/Src/mainpp.o
                0x0000000008004244                void ros::Msg::arrToVar<unsigned long, unsigned char*>(unsigned long&, unsigned char*)
 *fill*         0x000000000800428e        0x2 
 .text._ZN3ros11Subscriber_C2Ev
                0x0000000008004290       0x20 ./Core/Src/mainpp.o
                0x0000000008004290                ros::Subscriber_::Subscriber_()
                0x0000000008004290                ros::Subscriber_::Subscriber_()
 .text._ZN3ros10SubscriberIN13geometry_msgs5TwistEvEC2EPKcPFvRKS2_Ei
                0x00000000080042b0       0x48 ./Core/Src/mainpp.o
                0x00000000080042b0                ros::Subscriber<geometry_msgs::Twist, void>::Subscriber(char const*, void (*)(geometry_msgs::Twist const&), int)
                0x00000000080042b0                ros::Subscriber<geometry_msgs::Twist, void>::Subscriber(char const*, void (*)(geometry_msgs::Twist const&), int)
 .text._ZN3ros11NodeHandle_I13STM32HardwareLi25ELi25ELi1024ELi1024EE11getHardwareEv
                0x00000000080042f8       0x18 ./Core/Src/mainpp.o
                0x00000000080042f8                ros::NodeHandle_<STM32Hardware, 25, 25, 1024, 1024>::getHardware()
 .text._ZN3ros11NodeHandle_I13STM32HardwareLi25ELi25ELi1024ELi1024EE8initNodeEv
                0x0000000008004310       0x52 ./Core/Src/mainpp.o
                0x0000000008004310                ros::NodeHandle_<STM32Hardware, 25, 25, 1024, 1024>::initNode()
 .text._ZN3ros11NodeHandle_I13STM32HardwareLi25ELi25ELi1024ELi1024EE9advertiseERNS_9PublisherE
                0x0000000008004362       0x60 ./Core/Src/mainpp.o
                0x0000000008004362                ros::NodeHandle_<STM32Hardware, 25, 25, 1024, 1024>::advertise(ros::Publisher&)
 .text._ZN3ros11NodeHandle_I13STM32HardwareLi25ELi25ELi1024ELi1024EE9subscribeERNS_11Subscriber_E
                0x00000000080043c2       0x56 ./Core/Src/mainpp.o
                0x00000000080043c2                ros::NodeHandle_<STM32Hardware, 25, 25, 1024, 1024>::subscribe(ros::Subscriber_&)
 .text._ZN3ros11NodeHandle_I13STM32HardwareLi25ELi25ELi1024ELi1024EE8spinOnceEv
                0x0000000008004418      0x4e2 ./Core/Src/mainpp.o
                0x0000000008004418                ros::NodeHandle_<STM32Hardware, 25, 25, 1024, 1024>::spinOnce()
 .text._ZN3ros11NodeHandle_I13STM32HardwareLi25ELi25ELi1024ELi1024EE15requestSyncTimeEv
                0x00000000080048fa       0x3c ./Core/Src/mainpp.o
                0x00000000080048fa                ros::NodeHandle_<STM32Hardware, 25, 25, 1024, 1024>::requestSyncTime()
 .text._ZN3ros11NodeHandle_I13STM32HardwareLi25ELi25ELi1024ELi1024EE15negotiateTopicsEv
                0x0000000008004936      0x1c2 ./Core/Src/mainpp.o
                0x0000000008004936                ros::NodeHandle_<STM32Hardware, 25, 25, 1024, 1024>::negotiateTopics()
 .text._ZN3ros11NodeHandle_I13STM32HardwareLi25ELi25ELi1024ELi1024EE8syncTimeEPh
                0x0000000008004af8       0x9c ./Core/Src/mainpp.o
                0x0000000008004af8                ros::NodeHandle_<STM32Hardware, 25, 25, 1024, 1024>::syncTime(unsigned char*)
 .text._ZN3ros11NodeHandle_I13STM32HardwareLi25ELi25ELi1024ELi1024EE7publishEiPKNS_3MsgE
                0x0000000008004b94      0x12c ./Core/Src/mainpp.o
                0x0000000008004b94                ros::NodeHandle_<STM32Hardware, 25, 25, 1024, 1024>::publish(int, ros::Msg const*)
 .text._ZN3ros11NodeHandle_I13STM32HardwareLi25ELi25ELi1024ELi1024EE6setNowERKNS_4TimeE
                0x0000000008004cc0       0x80 ./Core/Src/mainpp.o
                0x0000000008004cc0                ros::NodeHandle_<STM32Hardware, 25, 25, 1024, 1024>::setNow(ros::Time const&)
 .text._ZN3ros11NodeHandle_I13STM32HardwareLi25ELi25ELi1024ELi1024EE8logerrorEPKc
                0x0000000008004d40       0x1c ./Core/Src/mainpp.o
                0x0000000008004d40                ros::NodeHandle_<STM32Hardware, 25, 25, 1024, 1024>::logerror(char const*)
 .text._ZN3ros11NodeHandle_I13STM32HardwareLi25ELi25ELi1024ELi1024EE3logEcPKc
                0x0000000008004d5c       0x38 ./Core/Src/mainpp.o
                0x0000000008004d5c                ros::NodeHandle_<STM32Hardware, 25, 25, 1024, 1024>::log(char, char const*)
 .text._Z41__static_initialization_and_destruction_0ii
                0x0000000008004d94       0x64 ./Core/Src/mainpp.o
 .text._ZN3ros10SubscriberIN13geometry_msgs5TwistEvE8callbackEPh
                0x0000000008004df8       0x2a ./Core/Src/mainpp.o
                0x0000000008004df8                ros::Subscriber<geometry_msgs::Twist, void>::callback(unsigned char*)
 .text._ZN3ros10SubscriberIN13geometry_msgs5TwistEvE15getEndpointTypeEv
                0x0000000008004e22       0x18 ./Core/Src/mainpp.o
                0x0000000008004e22                ros::Subscriber<geometry_msgs::Twist, void>::getEndpointType()
 .text._ZN3ros10SubscriberIN13geometry_msgs5TwistEvE10getMsgTypeEv
                0x0000000008004e3a       0x1c ./Core/Src/mainpp.o
                0x0000000008004e3a                ros::Subscriber<geometry_msgs::Twist, void>::getMsgType()
 .text._ZN3ros10SubscriberIN13geometry_msgs5TwistEvE9getMsgMD5Ev
                0x0000000008004e56       0x1c ./Core/Src/mainpp.o
                0x0000000008004e56                ros::Subscriber<geometry_msgs::Twist, void>::getMsgMD5()
 .text._ZN3ros11NodeHandle_I13STM32HardwareLi25ELi25ELi1024ELi1024EE9connectedEv
                0x0000000008004e72       0x1e ./Core/Src/mainpp.o
                0x0000000008004e72                ros::NodeHandle_<STM32Hardware, 25, 25, 1024, 1024>::connected()
 .text._GLOBAL__sub_I_err
                0x0000000008004e90       0x10 ./Core/Src/mainpp.o
 .text.HAL_MspInit
                0x0000000008004ea0       0x50 ./Core/Src/stm32f4xx_hal_msp.o
                0x0000000008004ea0                HAL_MspInit
 .text.HAL_I2C_MspInit
                0x0000000008004ef0       0x90 ./Core/Src/stm32f4xx_hal_msp.o
                0x0000000008004ef0                HAL_I2C_MspInit
 .text.HAL_I2S_MspInit
                0x0000000008004f80      0x19c ./Core/Src/stm32f4xx_hal_msp.o
                0x0000000008004f80                HAL_I2S_MspInit
 .text.HAL_SPI_MspInit
                0x000000000800511c       0x90 ./Core/Src/stm32f4xx_hal_msp.o
                0x000000000800511c                HAL_SPI_MspInit
 .text.HAL_TIM_Base_MspInit
                0x00000000080051ac       0x88 ./Core/Src/stm32f4xx_hal_msp.o
                0x00000000080051ac                HAL_TIM_Base_MspInit
 .text.HAL_TIM_MspPostInit
                0x0000000008005234       0xb4 ./Core/Src/stm32f4xx_hal_msp.o
                0x0000000008005234                HAL_TIM_MspPostInit
 .text.HAL_UART_MspInit
                0x00000000080052e8      0x1ac ./Core/Src/stm32f4xx_hal_msp.o
                0x00000000080052e8                HAL_UART_MspInit
 .text.NMI_Handler
                0x0000000008005494        0x6 ./Core/Src/stm32f4xx_it.o
                0x0000000008005494                NMI_Handler
 .text.HardFault_Handler
                0x000000000800549a        0x6 ./Core/Src/stm32f4xx_it.o
                0x000000000800549a                HardFault_Handler
 .text.MemManage_Handler
                0x00000000080054a0        0x6 ./Core/Src/stm32f4xx_it.o
                0x00000000080054a0                MemManage_Handler
 .text.BusFault_Handler
                0x00000000080054a6        0x6 ./Core/Src/stm32f4xx_it.o
                0x00000000080054a6                BusFault_Handler
 .text.UsageFault_Handler
                0x00000000080054ac        0x6 ./Core/Src/stm32f4xx_it.o
                0x00000000080054ac                UsageFault_Handler
 .text.SVC_Handler
                0x00000000080054b2        0xe ./Core/Src/stm32f4xx_it.o
                0x00000000080054b2                SVC_Handler
 .text.DebugMon_Handler
                0x00000000080054c0        0xe ./Core/Src/stm32f4xx_it.o
                0x00000000080054c0                DebugMon_Handler
 .text.PendSV_Handler
                0x00000000080054ce        0xe ./Core/Src/stm32f4xx_it.o
                0x00000000080054ce                PendSV_Handler
 .text.SysTick_Handler
                0x00000000080054dc        0xc ./Core/Src/stm32f4xx_it.o
                0x00000000080054dc                SysTick_Handler
 .text.TIM2_IRQHandler
                0x00000000080054e8       0x14 ./Core/Src/stm32f4xx_it.o
                0x00000000080054e8                TIM2_IRQHandler
 .text.TIM3_IRQHandler
                0x00000000080054fc       0x14 ./Core/Src/stm32f4xx_it.o
                0x00000000080054fc                TIM3_IRQHandler
 .text.USART1_IRQHandler
                0x0000000008005510       0x14 ./Core/Src/stm32f4xx_it.o
                0x0000000008005510                USART1_IRQHandler
 .text.EXTI15_10_IRQHandler
                0x0000000008005524       0x30 ./Core/Src/stm32f4xx_it.o
                0x0000000008005524                EXTI15_10_IRQHandler
 .text.DMA2_Stream2_IRQHandler
                0x0000000008005554       0x14 ./Core/Src/stm32f4xx_it.o
                0x0000000008005554                DMA2_Stream2_IRQHandler
 .text.OTG_FS_IRQHandler
                0x0000000008005568       0x14 ./Core/Src/stm32f4xx_it.o
                0x0000000008005568                OTG_FS_IRQHandler
 .text.DMA2_Stream7_IRQHandler
                0x000000000800557c       0x14 ./Core/Src/stm32f4xx_it.o
                0x000000000800557c                DMA2_Stream7_IRQHandler
 .text._getpid  0x0000000008005590       0x10 ./Core/Src/syscalls.o
                0x0000000008005590                _getpid
 .text._kill    0x00000000080055a0       0x20 ./Core/Src/syscalls.o
                0x00000000080055a0                _kill
 .text._exit    0x00000000080055c0       0x14 ./Core/Src/syscalls.o
                0x00000000080055c0                _exit
 .text._read    0x00000000080055d4       0x3a ./Core/Src/syscalls.o
                0x00000000080055d4                _read
 .text._write   0x000000000800560e       0x38 ./Core/Src/syscalls.o
                0x000000000800560e                _write
 .text._close   0x0000000008005646       0x18 ./Core/Src/syscalls.o
                0x0000000008005646                _close
 .text._fstat   0x000000000800565e       0x20 ./Core/Src/syscalls.o
                0x000000000800565e                _fstat
 .text._isatty  0x000000000800567e       0x16 ./Core/Src/syscalls.o
                0x000000000800567e                _isatty
 .text._lseek   0x0000000008005694       0x1a ./Core/Src/syscalls.o
                0x0000000008005694                _lseek
 *fill*         0x00000000080056ae        0x2 
 .text._sbrk    0x00000000080056b0       0x6c ./Core/Src/sysmem.o
                0x00000000080056b0                _sbrk
 .text.SystemInit
                0x000000000800571c       0x24 ./Core/Src/system_stm32f4xx.o
                0x000000000800571c                SystemInit
 .text._ZN3ros16normalizeSecNSecERmS0_
                0x0000000008005740       0x58 ./Core/Src/time.o
                0x0000000008005740                ros::normalizeSecNSec(unsigned long&, unsigned long&)
 .text.Reset_Handler
                0x0000000008005798       0x50 ./Core/Startup/startup_stm32f411vetx.o
                0x0000000008005798                Reset_Handler
 .text.Default_Handler
                0x00000000080057e8        0x2 ./Core/Startup/startup_stm32f411vetx.o
                0x00000000080057e8                RTC_Alarm_IRQHandler
                0x00000000080057e8                EXTI2_IRQHandler
                0x00000000080057e8                SPI4_IRQHandler
                0x00000000080057e8                TIM1_CC_IRQHandler
                0x00000000080057e8                DMA2_Stream5_IRQHandler
                0x00000000080057e8                DMA1_Stream5_IRQHandler
                0x00000000080057e8                PVD_IRQHandler
                0x00000000080057e8                SDIO_IRQHandler
                0x00000000080057e8                TAMP_STAMP_IRQHandler
                0x00000000080057e8                EXTI3_IRQHandler
                0x00000000080057e8                TIM1_UP_TIM10_IRQHandler
                0x00000000080057e8                I2C3_ER_IRQHandler
                0x00000000080057e8                EXTI0_IRQHandler
                0x00000000080057e8                I2C2_EV_IRQHandler
                0x00000000080057e8                DMA1_Stream2_IRQHandler
                0x00000000080057e8                FPU_IRQHandler
                0x00000000080057e8                SPI1_IRQHandler
                0x00000000080057e8                TIM1_BRK_TIM9_IRQHandler
                0x00000000080057e8                DMA2_Stream3_IRQHandler
                0x00000000080057e8                USART6_IRQHandler
                0x00000000080057e8                DMA2_Stream0_IRQHandler
                0x00000000080057e8                TIM4_IRQHandler
                0x00000000080057e8                I2C1_EV_IRQHandler
                0x00000000080057e8                DMA1_Stream6_IRQHandler
                0x00000000080057e8                DMA1_Stream1_IRQHandler
                0x00000000080057e8                RCC_IRQHandler
                0x00000000080057e8                Default_Handler
                0x00000000080057e8                ADC_IRQHandler
                0x00000000080057e8                DMA1_Stream7_IRQHandler
                0x00000000080057e8                SPI5_IRQHandler
                0x00000000080057e8                TIM5_IRQHandler
                0x00000000080057e8                I2C3_EV_IRQHandler
                0x00000000080057e8                EXTI9_5_IRQHandler
                0x00000000080057e8                RTC_WKUP_IRQHandler
                0x00000000080057e8                SPI2_IRQHandler
                0x00000000080057e8                DMA1_Stream0_IRQHandler
                0x00000000080057e8                EXTI4_IRQHandler
                0x00000000080057e8                WWDG_IRQHandler
                0x00000000080057e8                OTG_FS_WKUP_IRQHandler
                0x00000000080057e8                TIM1_TRG_COM_TIM11_IRQHandler
                0x00000000080057e8                EXTI1_IRQHandler
                0x00000000080057e8                USART2_IRQHandler
                0x00000000080057e8                I2C2_ER_IRQHandler
                0x00000000080057e8                DMA2_Stream1_IRQHandler
                0x00000000080057e8                FLASH_IRQHandler
                0x00000000080057e8                DMA2_Stream4_IRQHandler
                0x00000000080057e8                SPI3_IRQHandler
                0x00000000080057e8                DMA1_Stream4_IRQHandler
                0x00000000080057e8                I2C1_ER_IRQHandler
                0x00000000080057e8                DMA2_Stream6_IRQHandler
                0x00000000080057e8                DMA1_Stream3_IRQHandler
 *fill*         0x00000000080057ea        0x2 
 .text.HAL_Init
                0x00000000080057ec       0x44 ./Drivers/STM32F4xx_HAL_Driver/Src/stm32f4xx_hal.o
                0x00000000080057ec                HAL_Init
 .text.HAL_InitTick
                0x0000000008005830       0x60 ./Drivers/STM32F4xx_HAL_Driver/Src/stm32f4xx_hal.o
                0x0000000008005830                HAL_InitTick
 .text.HAL_IncTick
                0x0000000008005890       0x28 ./Drivers/STM32F4xx_HAL_Driver/Src/stm32f4xx_hal.o
                0x0000000008005890                HAL_IncTick
 .text.HAL_GetTick
                0x00000000080058b8       0x18 ./Drivers/STM32F4xx_HAL_Driver/Src/stm32f4xx_hal.o
                0x00000000080058b8                HAL_GetTick
 .text.HAL_Delay
                0x00000000080058d0       0x48 ./Drivers/STM32F4xx_HAL_Driver/Src/stm32f4xx_hal.o
                0x00000000080058d0                HAL_Delay
 .text.__NVIC_SetPriorityGrouping
                0x0000000008005918       0x48 ./Drivers/STM32F4xx_HAL_Driver/Src/stm32f4xx_hal_cortex.o
 .text.__NVIC_GetPriorityGrouping
                0x0000000008005960       0x1c ./Drivers/STM32F4xx_HAL_Driver/Src/stm32f4xx_hal_cortex.o
 .text.__NVIC_EnableIRQ
                0x000000000800597c       0x3c ./Drivers/STM32F4xx_HAL_Driver/Src/stm32f4xx_hal_cortex.o
 .text.__NVIC_SetPriority
                0x00000000080059b8       0x54 ./Drivers/STM32F4xx_HAL_Driver/Src/stm32f4xx_hal_cortex.o
 .text.NVIC_EncodePriority
                0x0000000008005a0c       0x66 ./Drivers/STM32F4xx_HAL_Driver/Src/stm32f4xx_hal_cortex.o
 *fill*         0x0000000008005a72        0x2 
 .text.SysTick_Config
                0x0000000008005a74       0x44 ./Drivers/STM32F4xx_HAL_Driver/Src/stm32f4xx_hal_cortex.o
 .text.HAL_NVIC_SetPriorityGrouping
                0x0000000008005ab8       0x16 ./Drivers/STM32F4xx_HAL_Driver/Src/stm32f4xx_hal_cortex.o
                0x0000000008005ab8                HAL_NVIC_SetPriorityGrouping
 .text.HAL_NVIC_SetPriority
                0x0000000008005ace       0x38 ./Drivers/STM32F4xx_HAL_Driver/Src/stm32f4xx_hal_cortex.o
                0x0000000008005ace                HAL_NVIC_SetPriority
 .text.HAL_NVIC_EnableIRQ
                0x0000000008005b06       0x1c ./Drivers/STM32F4xx_HAL_Driver/Src/stm32f4xx_hal_cortex.o
                0x0000000008005b06                HAL_NVIC_EnableIRQ
 .text.HAL_SYSTICK_Config
                0x0000000008005b22       0x18 ./Drivers/STM32F4xx_HAL_Driver/Src/stm32f4xx_hal_cortex.o
                0x0000000008005b22                HAL_SYSTICK_Config
 *fill*         0x0000000008005b3a        0x2 
 .text.HAL_DMA_Init
                0x0000000008005b3c      0x15c ./Drivers/STM32F4xx_HAL_Driver/Src/stm32f4xx_hal_dma.o
                0x0000000008005b3c                HAL_DMA_Init
 .text.HAL_DMA_Start_IT
                0x0000000008005c98       0xb0 ./Drivers/STM32F4xx_HAL_Driver/Src/stm32f4xx_hal_dma.o
                0x0000000008005c98                HAL_DMA_Start_IT
 .text.HAL_DMA_Abort
                0x0000000008005d48       0xe0 ./Drivers/STM32F4xx_HAL_Driver/Src/stm32f4xx_hal_dma.o
                0x0000000008005d48                HAL_DMA_Abort
 .text.HAL_DMA_Abort_IT
                0x0000000008005e28       0x44 ./Drivers/STM32F4xx_HAL_Driver/Src/stm32f4xx_hal_dma.o
                0x0000000008005e28                HAL_DMA_Abort_IT
 .text.HAL_DMA_IRQHandler
                0x0000000008005e6c      0x314 ./Drivers/STM32F4xx_HAL_Driver/Src/stm32f4xx_hal_dma.o
                0x0000000008005e6c                HAL_DMA_IRQHandler
 .text.DMA_SetConfig
                0x0000000008006180       0x5c ./Drivers/STM32F4xx_HAL_Driver/Src/stm32f4xx_hal_dma.o
 .text.DMA_CalcBaseAndBitshift
                0x00000000080061dc       0x6c ./Drivers/STM32F4xx_HAL_Driver/Src/stm32f4xx_hal_dma.o
 .text.DMA_CheckFifoParam
                0x0000000008006248       0xf8 ./Drivers/STM32F4xx_HAL_Driver/Src/stm32f4xx_hal_dma.o
 .text.HAL_GPIO_Init
                0x0000000008006340      0x308 ./Drivers/STM32F4xx_HAL_Driver/Src/stm32f4xx_hal_gpio.o
                0x0000000008006340                HAL_GPIO_Init
 .text.HAL_GPIO_ReadPin
                0x0000000008006648       0x30 ./Drivers/STM32F4xx_HAL_Driver/Src/stm32f4xx_hal_gpio.o
                0x0000000008006648                HAL_GPIO_ReadPin
 .text.HAL_GPIO_WritePin
                0x0000000008006678       0x32 ./Drivers/STM32F4xx_HAL_Driver/Src/stm32f4xx_hal_gpio.o
                0x0000000008006678                HAL_GPIO_WritePin
 .text.HAL_GPIO_TogglePin
                0x00000000080066aa       0x34 ./Drivers/STM32F4xx_HAL_Driver/Src/stm32f4xx_hal_gpio.o
                0x00000000080066aa                HAL_GPIO_TogglePin
 *fill*         0x00000000080066de        0x2 
 .text.HAL_GPIO_EXTI_IRQHandler
                0x00000000080066e0       0x30 ./Drivers/STM32F4xx_HAL_Driver/Src/stm32f4xx_hal_gpio.o
                0x00000000080066e0                HAL_GPIO_EXTI_IRQHandler
 .text.HAL_HCD_Init
                0x0000000008006710       0xc4 ./Drivers/STM32F4xx_HAL_Driver/Src/stm32f4xx_hal_hcd.o
                0x0000000008006710                HAL_HCD_Init
 .text.HAL_HCD_HC_Init
                0x00000000080067d4      0x11e ./Drivers/STM32F4xx_HAL_Driver/Src/stm32f4xx_hal_hcd.o
                0x00000000080067d4                HAL_HCD_HC_Init
 .text.HAL_HCD_HC_Halt
                0x00000000080068f2       0x46 ./Drivers/STM32F4xx_HAL_Driver/Src/stm32f4xx_hal_hcd.o
                0x00000000080068f2                HAL_HCD_HC_Halt
 .text.HAL_HCD_HC_SubmitRequest
                0x0000000008006938      0x2ac ./Drivers/STM32F4xx_HAL_Driver/Src/stm32f4xx_hal_hcd.o
                0x0000000008006938                HAL_HCD_HC_SubmitRequest
 .text.HAL_HCD_IRQHandler
                0x0000000008006be4      0x216 ./Drivers/STM32F4xx_HAL_Driver/Src/stm32f4xx_hal_hcd.o
                0x0000000008006be4                HAL_HCD_IRQHandler
 .text.HAL_HCD_Start
                0x0000000008006dfa       0x46 ./Drivers/STM32F4xx_HAL_Driver/Src/stm32f4xx_hal_hcd.o
                0x0000000008006dfa                HAL_HCD_Start
 .text.HAL_HCD_Stop
                0x0000000008006e40       0x3a ./Drivers/STM32F4xx_HAL_Driver/Src/stm32f4xx_hal_hcd.o
                0x0000000008006e40                HAL_HCD_Stop
 .text.HAL_HCD_ResetPort
                0x0000000008006e7a       0x1c ./Drivers/STM32F4xx_HAL_Driver/Src/stm32f4xx_hal_hcd.o
                0x0000000008006e7a                HAL_HCD_ResetPort
 .text.HAL_HCD_HC_GetURBState
                0x0000000008006e96       0x28 ./Drivers/STM32F4xx_HAL_Driver/Src/stm32f4xx_hal_hcd.o
                0x0000000008006e96                HAL_HCD_HC_GetURBState
 .text.HAL_HCD_HC_GetXferCount
                0x0000000008006ebe       0x28 ./Drivers/STM32F4xx_HAL_Driver/Src/stm32f4xx_hal_hcd.o
                0x0000000008006ebe                HAL_HCD_HC_GetXferCount
 .text.HAL_HCD_GetCurrentFrame
                0x0000000008006ee6       0x1c ./Drivers/STM32F4xx_HAL_Driver/Src/stm32f4xx_hal_hcd.o
                0x0000000008006ee6                HAL_HCD_GetCurrentFrame
 .text.HAL_HCD_GetCurrentSpeed
                0x0000000008006f02       0x1c ./Drivers/STM32F4xx_HAL_Driver/Src/stm32f4xx_hal_hcd.o
                0x0000000008006f02                HAL_HCD_GetCurrentSpeed
 .text.HCD_HC_IN_IRQHandler
                0x0000000008006f1e      0x6aa ./Drivers/STM32F4xx_HAL_Driver/Src/stm32f4xx_hal_hcd.o
 .text.HCD_HC_OUT_IRQHandler
                0x00000000080075c8      0x6d2 ./Drivers/STM32F4xx_HAL_Driver/Src/stm32f4xx_hal_hcd.o
 .text.HCD_RXQLVL_IRQHandler
                0x0000000008007c9a      0x1a4 ./Drivers/STM32F4xx_HAL_Driver/Src/stm32f4xx_hal_hcd.o
 .text.HCD_Port_IRQHandler
                0x0000000008007e3e       0xe6 ./Drivers/STM32F4xx_HAL_Driver/Src/stm32f4xx_hal_hcd.o
 .text.HAL_I2C_Init
                0x0000000008007f24      0x288 ./Drivers/STM32F4xx_HAL_Driver/Src/stm32f4xx_hal_i2c.o
                0x0000000008007f24                HAL_I2C_Init
 .text.HAL_I2S_Init
                0x00000000080081ac      0x280 ./Drivers/STM32F4xx_HAL_Driver/Src/stm32f4xx_hal_i2s.o
                0x00000000080081ac                HAL_I2S_Init
 .text.HAL_I2S_TxCpltCallback
                0x000000000800842c       0x14 ./Drivers/STM32F4xx_HAL_Driver/Src/stm32f4xx_hal_i2s.o
                0x000000000800842c                HAL_I2S_TxCpltCallback
 .text.HAL_I2S_RxCpltCallback
                0x0000000008008440       0x14 ./Drivers/STM32F4xx_HAL_Driver/Src/stm32f4xx_hal_i2s.o
                0x0000000008008440                HAL_I2S_RxCpltCallback
 .text.HAL_I2S_ErrorCallback
                0x0000000008008454       0x14 ./Drivers/STM32F4xx_HAL_Driver/Src/stm32f4xx_hal_i2s.o
                0x0000000008008454                HAL_I2S_ErrorCallback
 .text.I2S_Transmit_IT
                0x0000000008008468       0x5c ./Drivers/STM32F4xx_HAL_Driver/Src/stm32f4xx_hal_i2s.o
 .text.I2S_Receive_IT
                0x00000000080084c4       0x5e ./Drivers/STM32F4xx_HAL_Driver/Src/stm32f4xx_hal_i2s.o
 .text.I2S_IRQHandler
                0x0000000008008522      0x114 ./Drivers/STM32F4xx_HAL_Driver/Src/stm32f4xx_hal_i2s.o
 *fill*         0x0000000008008636        0x2 
 .text.HAL_I2SEx_FullDuplex_IRQHandler
                0x0000000008008638      0x2a8 ./Drivers/STM32F4xx_HAL_Driver/Src/stm32f4xx_hal_i2s_ex.o
                0x0000000008008638                HAL_I2SEx_FullDuplex_IRQHandler
 .text.HAL_I2SEx_TxRxCpltCallback
                0x00000000080088e0       0x14 ./Drivers/STM32F4xx_HAL_Driver/Src/stm32f4xx_hal_i2s_ex.o
                0x00000000080088e0                HAL_I2SEx_TxRxCpltCallback
 .text.I2SEx_TxISR_I2S
                0x00000000080088f4       0x62 ./Drivers/STM32F4xx_HAL_Driver/Src/stm32f4xx_hal_i2s_ex.o
 *fill*         0x0000000008008956        0x2 
 .text.I2SEx_TxISR_I2SExt
                0x0000000008008958       0x98 ./Drivers/STM32F4xx_HAL_Driver/Src/stm32f4xx_hal_i2s_ex.o
 .text.I2SEx_RxISR_I2S
                0x00000000080089f0       0x64 ./Drivers/STM32F4xx_HAL_Driver/Src/stm32f4xx_hal_i2s_ex.o
 .text.I2SEx_RxISR_I2SExt
                0x0000000008008a54       0x98 ./Drivers/STM32F4xx_HAL_Driver/Src/stm32f4xx_hal_i2s_ex.o
 .text.HAL_RCC_OscConfig
                0x0000000008008aec      0x4f0 ./Drivers/STM32F4xx_HAL_Driver/Src/stm32f4xx_hal_rcc.o
                0x0000000008008aec                HAL_RCC_OscConfig
 .text.HAL_RCC_ClockConfig
                0x0000000008008fdc      0x1cc ./Drivers/STM32F4xx_HAL_Driver/Src/stm32f4xx_hal_rcc.o
                0x0000000008008fdc                HAL_RCC_ClockConfig
 .text.HAL_RCC_GetSysClockFreq
                0x00000000080091a8      0x20c ./Drivers/STM32F4xx_HAL_Driver/Src/stm32f4xx_hal_rcc.o
                0x00000000080091a8                HAL_RCC_GetSysClockFreq
 .text.HAL_RCC_GetHCLKFreq
                0x00000000080093b4       0x18 ./Drivers/STM32F4xx_HAL_Driver/Src/stm32f4xx_hal_rcc.o
                0x00000000080093b4                HAL_RCC_GetHCLKFreq
 .text.HAL_RCC_GetPCLK1Freq
                0x00000000080093cc       0x28 ./Drivers/STM32F4xx_HAL_Driver/Src/stm32f4xx_hal_rcc.o
                0x00000000080093cc                HAL_RCC_GetPCLK1Freq
 .text.HAL_RCC_GetPCLK2Freq
                0x00000000080093f4       0x28 ./Drivers/STM32F4xx_HAL_Driver/Src/stm32f4xx_hal_rcc.o
                0x00000000080093f4                HAL_RCC_GetPCLK2Freq
 .text.HAL_RCCEx_PeriphCLKConfig
                0x000000000800941c      0x1e0 ./Drivers/STM32F4xx_HAL_Driver/Src/stm32f4xx_hal_rcc_ex.o
                0x000000000800941c                HAL_RCCEx_PeriphCLKConfig
 .text.HAL_RCCEx_GetPeriphCLKFreq
                0x00000000080095fc       0xc0 ./Drivers/STM32F4xx_HAL_Driver/Src/stm32f4xx_hal_rcc_ex.o
                0x00000000080095fc                HAL_RCCEx_GetPeriphCLKFreq
 .text.HAL_SPI_Init
                0x00000000080096bc      0x112 ./Drivers/STM32F4xx_HAL_Driver/Src/stm32f4xx_hal_spi.o
                0x00000000080096bc                HAL_SPI_Init
 .text.HAL_TIM_Base_Init
                0x00000000080097ce       0x9e ./Drivers/STM32F4xx_HAL_Driver/Src/stm32f4xx_hal_tim.o
                0x00000000080097ce                HAL_TIM_Base_Init
 .text.HAL_TIM_Base_Start_IT
                0x000000000800986c       0xc4 ./Drivers/STM32F4xx_HAL_Driver/Src/stm32f4xx_hal_tim.o
                0x000000000800986c                HAL_TIM_Base_Start_IT
 .text.HAL_TIM_PWM_Init
                0x0000000008009930       0x9e ./Drivers/STM32F4xx_HAL_Driver/Src/stm32f4xx_hal_tim.o
                0x0000000008009930                HAL_TIM_PWM_Init
 .text.HAL_TIM_PWM_MspInit
                0x00000000080099ce       0x14 ./Drivers/STM32F4xx_HAL_Driver/Src/stm32f4xx_hal_tim.o
                0x00000000080099ce                HAL_TIM_PWM_MspInit
 *fill*         0x00000000080099e2        0x2 
 .text.HAL_TIM_PWM_Start
                0x00000000080099e4      0x160 ./Drivers/STM32F4xx_HAL_Driver/Src/stm32f4xx_hal_tim.o
                0x00000000080099e4                HAL_TIM_PWM_Start
 .text.HAL_TIM_IRQHandler
                0x0000000008009b44      0x210 ./Drivers/STM32F4xx_HAL_Driver/Src/stm32f4xx_hal_tim.o
                0x0000000008009b44                HAL_TIM_IRQHandler
 .text.HAL_TIM_PWM_ConfigChannel
                0x0000000008009d54      0x184 ./Drivers/STM32F4xx_HAL_Driver/Src/stm32f4xx_hal_tim.o
                0x0000000008009d54                HAL_TIM_PWM_ConfigChannel
 .text.HAL_TIM_ConfigClockSource
                0x0000000008009ed8      0x18e ./Drivers/STM32F4xx_HAL_Driver/Src/stm32f4xx_hal_tim.o
                0x0000000008009ed8                HAL_TIM_ConfigClockSource
 .text.HAL_TIM_OC_DelayElapsedCallback
                0x000000000800a066       0x14 ./Drivers/STM32F4xx_HAL_Driver/Src/stm32f4xx_hal_tim.o
                0x000000000800a066                HAL_TIM_OC_DelayElapsedCallback
 .text.HAL_TIM_IC_CaptureCallback
                0x000000000800a07a       0x14 ./Drivers/STM32F4xx_HAL_Driver/Src/stm32f4xx_hal_tim.o
                0x000000000800a07a                HAL_TIM_IC_CaptureCallback
 .text.HAL_TIM_PWM_PulseFinishedCallback
                0x000000000800a08e       0x14 ./Drivers/STM32F4xx_HAL_Driver/Src/stm32f4xx_hal_tim.o
                0x000000000800a08e                HAL_TIM_PWM_PulseFinishedCallback
 .text.HAL_TIM_TriggerCallback
                0x000000000800a0a2       0x14 ./Drivers/STM32F4xx_HAL_Driver/Src/stm32f4xx_hal_tim.o
                0x000000000800a0a2                HAL_TIM_TriggerCallback
 *fill*         0x000000000800a0b6        0x2 
 .text.TIM_Base_SetConfig
                0x000000000800a0b8      0x100 ./Drivers/STM32F4xx_HAL_Driver/Src/stm32f4xx_hal_tim.o
                0x000000000800a0b8                TIM_Base_SetConfig
 .text.TIM_OC1_SetConfig
                0x000000000800a1b8       0xcc ./Drivers/STM32F4xx_HAL_Driver/Src/stm32f4xx_hal_tim.o
 .text.TIM_OC2_SetConfig
                0x000000000800a284       0xd8 ./Drivers/STM32F4xx_HAL_Driver/Src/stm32f4xx_hal_tim.o
                0x000000000800a284                TIM_OC2_SetConfig
 .text.TIM_OC3_SetConfig
                0x000000000800a35c       0xd4 ./Drivers/STM32F4xx_HAL_Driver/Src/stm32f4xx_hal_tim.o
 .text.TIM_OC4_SetConfig
                0x000000000800a430       0xa0 ./Drivers/STM32F4xx_HAL_Driver/Src/stm32f4xx_hal_tim.o
 .text.TIM_TI1_ConfigInputStage
                0x000000000800a4d0       0x5e ./Drivers/STM32F4xx_HAL_Driver/Src/stm32f4xx_hal_tim.o
 .text.TIM_TI2_ConfigInputStage
                0x000000000800a52e       0x60 ./Drivers/STM32F4xx_HAL_Driver/Src/stm32f4xx_hal_tim.o
 .text.TIM_ITRx_SetConfig
                0x000000000800a58e       0x36 ./Drivers/STM32F4xx_HAL_Driver/Src/stm32f4xx_hal_tim.o
 .text.TIM_ETR_SetConfig
                0x000000000800a5c4       0x40 ./Drivers/STM32F4xx_HAL_Driver/Src/stm32f4xx_hal_tim.o
                0x000000000800a5c4                TIM_ETR_SetConfig
 .text.TIM_CCxChannelCmd
                0x000000000800a604       0x4a ./Drivers/STM32F4xx_HAL_Driver/Src/stm32f4xx_hal_tim.o
                0x000000000800a604                TIM_CCxChannelCmd
 *fill*         0x000000000800a64e        0x2 
 .text.HAL_TIMEx_MasterConfigSynchronization
                0x000000000800a650       0xdc ./Drivers/STM32F4xx_HAL_Driver/Src/stm32f4xx_hal_tim_ex.o
                0x000000000800a650                HAL_TIMEx_MasterConfigSynchronization
 .text.HAL_TIMEx_CommutCallback
                0x000000000800a72c       0x14 ./Drivers/STM32F4xx_HAL_Driver/Src/stm32f4xx_hal_tim_ex.o
                0x000000000800a72c                HAL_TIMEx_CommutCallback
 .text.HAL_TIMEx_BreakCallback
                0x000000000800a740       0x14 ./Drivers/STM32F4xx_HAL_Driver/Src/stm32f4xx_hal_tim_ex.o
                0x000000000800a740                HAL_TIMEx_BreakCallback
 .text.HAL_UART_Init
                0x000000000800a754       0x9a ./Drivers/STM32F4xx_HAL_Driver/Src/stm32f4xx_hal_uart.o
                0x000000000800a754                HAL_UART_Init
 *fill*         0x000000000800a7ee        0x2 
 .text.HAL_UART_Transmit_DMA
                0x000000000800a7f0       0xfc ./Drivers/STM32F4xx_HAL_Driver/Src/stm32f4xx_hal_uart.o
                0x000000000800a7f0                HAL_UART_Transmit_DMA
 .text.HAL_UART_Receive_DMA
                0x000000000800a8ec       0x60 ./Drivers/STM32F4xx_HAL_Driver/Src/stm32f4xx_hal_uart.o
                0x000000000800a8ec                HAL_UART_Receive_DMA
 .text.HAL_UART_IRQHandler
                0x000000000800a94c      0x51c ./Drivers/STM32F4xx_HAL_Driver/Src/stm32f4xx_hal_uart.o
                0x000000000800a94c                HAL_UART_IRQHandler
 .text.HAL_UART_TxHalfCpltCallback
                0x000000000800ae68       0x14 ./Drivers/STM32F4xx_HAL_Driver/Src/stm32f4xx_hal_uart.o
                0x000000000800ae68                HAL_UART_TxHalfCpltCallback
 .text.HAL_UART_RxHalfCpltCallback
                0x000000000800ae7c       0x14 ./Drivers/STM32F4xx_HAL_Driver/Src/stm32f4xx_hal_uart.o
                0x000000000800ae7c                HAL_UART_RxHalfCpltCallback
 .text.HAL_UART_ErrorCallback
                0x000000000800ae90       0x14 ./Drivers/STM32F4xx_HAL_Driver/Src/stm32f4xx_hal_uart.o
                0x000000000800ae90                HAL_UART_ErrorCallback
 .text.HAL_UARTEx_RxEventCallback
                0x000000000800aea4       0x18 ./Drivers/STM32F4xx_HAL_Driver/Src/stm32f4xx_hal_uart.o
                0x000000000800aea4                HAL_UARTEx_RxEventCallback
 .text.UART_DMATransmitCplt
                0x000000000800aebc       0x9a ./Drivers/STM32F4xx_HAL_Driver/Src/stm32f4xx_hal_uart.o
 .text.UART_DMATxHalfCplt
                0x000000000800af56       0x1c ./Drivers/STM32F4xx_HAL_Driver/Src/stm32f4xx_hal_uart.o
 .text.UART_DMAReceiveCplt
                0x000000000800af72      0x126 ./Drivers/STM32F4xx_HAL_Driver/Src/stm32f4xx_hal_uart.o
 .text.UART_DMARxHalfCplt
                0x000000000800b098       0x36 ./Drivers/STM32F4xx_HAL_Driver/Src/stm32f4xx_hal_uart.o
 .text.UART_DMAError
                0x000000000800b0ce       0x94 ./Drivers/STM32F4xx_HAL_Driver/Src/stm32f4xx_hal_uart.o
 *fill*         0x000000000800b162        0x2 
 .text.UART_Start_Receive_DMA
                0x000000000800b164      0x13c ./Drivers/STM32F4xx_HAL_Driver/Src/stm32f4xx_hal_uart.o
                0x000000000800b164                UART_Start_Receive_DMA
 .text.UART_EndTxTransfer
                0x000000000800b2a0       0x50 ./Drivers/STM32F4xx_HAL_Driver/Src/stm32f4xx_hal_uart.o
 .text.UART_EndRxTransfer
                0x000000000800b2f0       0xc6 ./Drivers/STM32F4xx_HAL_Driver/Src/stm32f4xx_hal_uart.o
 .text.UART_DMAAbortOnError
                0x000000000800b3b6       0x28 ./Drivers/STM32F4xx_HAL_Driver/Src/stm32f4xx_hal_uart.o
 .text.UART_Transmit_IT
                0x000000000800b3de       0xa0 ./Drivers/STM32F4xx_HAL_Driver/Src/stm32f4xx_hal_uart.o
 .text.UART_EndTransmit_IT
                0x000000000800b47e       0x30 ./Drivers/STM32F4xx_HAL_Driver/Src/stm32f4xx_hal_uart.o
 .text.UART_Receive_IT
                0x000000000800b4ae      0x176 ./Drivers/STM32F4xx_HAL_Driver/Src/stm32f4xx_hal_uart.o
 .text.UART_SetConfig
                0x000000000800b624      0x4e8 ./Drivers/STM32F4xx_HAL_Driver/Src/stm32f4xx_hal_uart.o
 .text.USB_CoreInit
                0x000000000800bb0c       0xc2 ./Drivers/STM32F4xx_HAL_Driver/Src/stm32f4xx_ll_usb.o
                0x000000000800bb0c                USB_CoreInit
 .text.USB_EnableGlobalInt
                0x000000000800bbce       0x22 ./Drivers/STM32F4xx_HAL_Driver/Src/stm32f4xx_ll_usb.o
                0x000000000800bbce                USB_EnableGlobalInt
 .text.USB_DisableGlobalInt
                0x000000000800bbf0       0x22 ./Drivers/STM32F4xx_HAL_Driver/Src/stm32f4xx_ll_usb.o
                0x000000000800bbf0                USB_DisableGlobalInt
 .text.USB_SetCurrentMode
                0x000000000800bc12       0x98 ./Drivers/STM32F4xx_HAL_Driver/Src/stm32f4xx_ll_usb.o
                0x000000000800bc12                USB_SetCurrentMode
 *fill*         0x000000000800bcaa        0x2 
 .text.USB_FlushTxFifo
                0x000000000800bcac       0x68 ./Drivers/STM32F4xx_HAL_Driver/Src/stm32f4xx_ll_usb.o
                0x000000000800bcac                USB_FlushTxFifo
 .text.USB_FlushRxFifo
                0x000000000800bd14       0x60 ./Drivers/STM32F4xx_HAL_Driver/Src/stm32f4xx_ll_usb.o
                0x000000000800bd14                USB_FlushRxFifo
 .text.USB_WritePacket
                0x000000000800bd74       0x7c ./Drivers/STM32F4xx_HAL_Driver/Src/stm32f4xx_ll_usb.o
                0x000000000800bd74                USB_WritePacket
 .text.USB_ReadPacket
                0x000000000800bdf0       0xb0 ./Drivers/STM32F4xx_HAL_Driver/Src/stm32f4xx_ll_usb.o
                0x000000000800bdf0                USB_ReadPacket
 .text.USB_ReadInterrupts
                0x000000000800bea0       0x26 ./Drivers/STM32F4xx_HAL_Driver/Src/stm32f4xx_ll_usb.o
                0x000000000800bea0                USB_ReadInterrupts
 .text.USB_GetMode
                0x000000000800bec6       0x1c ./Drivers/STM32F4xx_HAL_Driver/Src/stm32f4xx_ll_usb.o
                0x000000000800bec6                USB_GetMode
 *fill*         0x000000000800bee2        0x2 
 .text.USB_CoreReset
                0x000000000800bee4       0x68 ./Drivers/STM32F4xx_HAL_Driver/Src/stm32f4xx_ll_usb.o
 .text.USB_HostInit
                0x000000000800bf4c      0x180 ./Drivers/STM32F4xx_HAL_Driver/Src/stm32f4xx_ll_usb.o
                0x000000000800bf4c                USB_HostInit
 .text.USB_InitFSLSPClkSel
                0x000000000800c0cc       0x74 ./Drivers/STM32F4xx_HAL_Driver/Src/stm32f4xx_ll_usb.o
                0x000000000800c0cc                USB_InitFSLSPClkSel
 .text.USB_ResetPort
                0x000000000800c140       0x54 ./Drivers/STM32F4xx_HAL_Driver/Src/stm32f4xx_ll_usb.o
                0x000000000800c140                USB_ResetPort
 .text.USB_DriveVbus
                0x000000000800c194       0x72 ./Drivers/STM32F4xx_HAL_Driver/Src/stm32f4xx_ll_usb.o
                0x000000000800c194                USB_DriveVbus
 .text.USB_GetHostSpeed
                0x000000000800c206       0x2e ./Drivers/STM32F4xx_HAL_Driver/Src/stm32f4xx_ll_usb.o
                0x000000000800c206                USB_GetHostSpeed
 .text.USB_GetCurrentFrame
                0x000000000800c234       0x22 ./Drivers/STM32F4xx_HAL_Driver/Src/stm32f4xx_ll_usb.o
                0x000000000800c234                USB_GetCurrentFrame
 *fill*         0x000000000800c256        0x2 
 .text.USB_HC_Init
                0x000000000800c258      0x244 ./Drivers/STM32F4xx_HAL_Driver/Src/stm32f4xx_ll_usb.o
                0x000000000800c258                USB_HC_Init
 .text.USB_HC_StartXfer
                0x000000000800c49c      0x284 ./Drivers/STM32F4xx_HAL_Driver/Src/stm32f4xx_ll_usb.o
                0x000000000800c49c                USB_HC_StartXfer
 .text.USB_HC_ReadInterrupt
                0x000000000800c720       0x22 ./Drivers/STM32F4xx_HAL_Driver/Src/stm32f4xx_ll_usb.o
                0x000000000800c720                USB_HC_ReadInterrupt
 .text.USB_HC_Halt
                0x000000000800c742      0x1f8 ./Drivers/STM32F4xx_HAL_Driver/Src/stm32f4xx_ll_usb.o
                0x000000000800c742                USB_HC_Halt
 *fill*         0x000000000800c93a        0x2 
 .text.USB_DoPing
                0x000000000800c93c       0x78 ./Drivers/STM32F4xx_HAL_Driver/Src/stm32f4xx_ll_usb.o
                0x000000000800c93c                USB_DoPing
 .text.USB_StopHost
                0x000000000800c9b4      0x124 ./Drivers/STM32F4xx_HAL_Driver/Src/stm32f4xx_ll_usb.o
                0x000000000800c9b4                USB_StopHost
 .text.USBH_CDC_InterfaceInit
                0x000000000800cad8      0x2ac ./Middlewares/ST/STM32_USB_Host_Library/Class/CDC/Src/usbh_cdc.o
 .text.USBH_CDC_InterfaceDeInit
                0x000000000800cd84       0xb2 ./Middlewares/ST/STM32_USB_Host_Library/Class/CDC/Src/usbh_cdc.o
 .text.USBH_CDC_ClassRequest
                0x000000000800ce36       0x3e ./Middlewares/ST/STM32_USB_Host_Library/Class/CDC/Src/usbh_cdc.o
 .text.USBH_CDC_Process
                0x000000000800ce74      0x12c ./Middlewares/ST/STM32_USB_Host_Library/Class/CDC/Src/usbh_cdc.o
 .text.USBH_CDC_SOFProcess
                0x000000000800cfa0       0x16 ./Middlewares/ST/STM32_USB_Host_Library/Class/CDC/Src/usbh_cdc.o
 .text.GetLineCoding
                0x000000000800cfb6       0x3e ./Middlewares/ST/STM32_USB_Host_Library/Class/CDC/Src/usbh_cdc.o
 .text.SetLineCoding
                0x000000000800cff4       0x3e ./Middlewares/ST/STM32_USB_Host_Library/Class/CDC/Src/usbh_cdc.o
 .text.CDC_ProcessTransmission
                0x000000000800d032       0xec ./Middlewares/ST/STM32_USB_Host_Library/Class/CDC/Src/usbh_cdc.o
 .text.CDC_ProcessReception
                0x000000000800d11e       0xb6 ./Middlewares/ST/STM32_USB_Host_Library/Class/CDC/Src/usbh_cdc.o
 .text.USBH_CDC_TransmitCallback
                0x000000000800d1d4       0x14 ./Middlewares/ST/STM32_USB_Host_Library/Class/CDC/Src/usbh_cdc.o
                0x000000000800d1d4                USBH_CDC_TransmitCallback
 .text.USBH_CDC_ReceiveCallback
                0x000000000800d1e8       0x14 ./Middlewares/ST/STM32_USB_Host_Library/Class/CDC/Src/usbh_cdc.o
                0x000000000800d1e8                USBH_CDC_ReceiveCallback
 .text.USBH_CDC_LineCodingChanged
                0x000000000800d1fc       0x14 ./Middlewares/ST/STM32_USB_Host_Library/Class/CDC/Src/usbh_cdc.o
                0x000000000800d1fc                USBH_CDC_LineCodingChanged
 .text.USBH_Init
                0x000000000800d210       0x74 ./Middlewares/ST/STM32_USB_Host_Library/Core/Src/usbh_core.o
                0x000000000800d210                USBH_Init
 .text.DeInitStateMachine
                0x000000000800d284       0xa8 ./Middlewares/ST/STM32_USB_Host_Library/Core/Src/usbh_core.o
 .text.USBH_RegisterClass
                0x000000000800d32c       0x54 ./Middlewares/ST/STM32_USB_Host_Library/Core/Src/usbh_core.o
                0x000000000800d32c                USBH_RegisterClass
 .text.USBH_SelectInterface
                0x000000000800d380       0x38 ./Middlewares/ST/STM32_USB_Host_Library/Core/Src/usbh_core.o
                0x000000000800d380                USBH_SelectInterface
 .text.USBH_FindInterface
                0x000000000800d3b8       0x8c ./Middlewares/ST/STM32_USB_Host_Library/Core/Src/usbh_core.o
                0x000000000800d3b8                USBH_FindInterface
 .text.USBH_Start
                0x000000000800d444       0x20 ./Middlewares/ST/STM32_USB_Host_Library/Core/Src/usbh_core.o
                0x000000000800d444                USBH_Start
 .text.USBH_Process
                0x000000000800d464      0x3d8 ./Middlewares/ST/STM32_USB_Host_Library/Core/Src/usbh_core.o
                0x000000000800d464                USBH_Process
 .text.USBH_HandleEnum
                0x000000000800d83c      0x3c8 ./Middlewares/ST/STM32_USB_Host_Library/Core/Src/usbh_core.o
 .text.USBH_LL_SetTimer
                0x000000000800dc04       0x1e ./Middlewares/ST/STM32_USB_Host_Library/Core/Src/usbh_core.o
                0x000000000800dc04                USBH_LL_SetTimer
 .text.USBH_LL_IncTimer
                0x000000000800dc22       0x24 ./Middlewares/ST/STM32_USB_Host_Library/Core/Src/usbh_core.o
                0x000000000800dc22                USBH_LL_IncTimer
 .text.USBH_HandleSof
                0x000000000800dc46       0x30 ./Middlewares/ST/STM32_USB_Host_Library/Core/Src/usbh_core.o
 .text.USBH_LL_PortEnabled
                0x000000000800dc76       0x1c ./Middlewares/ST/STM32_USB_Host_Library/Core/Src/usbh_core.o
                0x000000000800dc76                USBH_LL_PortEnabled
 .text.USBH_LL_PortDisabled
                0x000000000800dc92       0x1c ./Middlewares/ST/STM32_USB_Host_Library/Core/Src/usbh_core.o
                0x000000000800dc92                USBH_LL_PortDisabled
 .text.USBH_LL_Connect
                0x000000000800dcae       0x2e ./Middlewares/ST/STM32_USB_Host_Library/Core/Src/usbh_core.o
                0x000000000800dcae                USBH_LL_Connect
 .text.USBH_LL_Disconnect
                0x000000000800dcdc       0x48 ./Middlewares/ST/STM32_USB_Host_Library/Core/Src/usbh_core.o
                0x000000000800dcdc                USBH_LL_Disconnect
 .text.USBH_Get_DevDesc
                0x000000000800dd24       0x50 ./Middlewares/ST/STM32_USB_Host_Library/Core/Src/usbh_ctlreq.o
                0x000000000800dd24                USBH_Get_DevDesc
 .text.USBH_Get_CfgDesc
                0x000000000800dd74       0x48 ./Middlewares/ST/STM32_USB_Host_Library/Core/Src/usbh_ctlreq.o
                0x000000000800dd74                USBH_Get_CfgDesc
 .text.USBH_Get_StringDesc
                0x000000000800ddbc       0x56 ./Middlewares/ST/STM32_USB_Host_Library/Core/Src/usbh_ctlreq.o
                0x000000000800ddbc                USBH_Get_StringDesc
 .text.USBH_GetDescriptor
                0x000000000800de12       0x6a ./Middlewares/ST/STM32_USB_Host_Library/Core/Src/usbh_ctlreq.o
                0x000000000800de12                USBH_GetDescriptor
 .text.USBH_SetAddress
                0x000000000800de7c       0x48 ./Middlewares/ST/STM32_USB_Host_Library/Core/Src/usbh_ctlreq.o
                0x000000000800de7c                USBH_SetAddress
 .text.USBH_SetCfg
                0x000000000800dec4       0x46 ./Middlewares/ST/STM32_USB_Host_Library/Core/Src/usbh_ctlreq.o
                0x000000000800dec4                USBH_SetCfg
 .text.USBH_SetFeature
                0x000000000800df0a       0x48 ./Middlewares/ST/STM32_USB_Host_Library/Core/Src/usbh_ctlreq.o
                0x000000000800df0a                USBH_SetFeature
 .text.USBH_ClrFeature
                0x000000000800df52       0x48 ./Middlewares/ST/STM32_USB_Host_Library/Core/Src/usbh_ctlreq.o
                0x000000000800df52                USBH_ClrFeature
 .text.USBH_ParseDevDesc
                0x000000000800df9a      0x122 ./Middlewares/ST/STM32_USB_Host_Library/Core/Src/usbh_ctlreq.o
 .text.USBH_ParseCfgDesc
                0x000000000800e0bc      0x1ec ./Middlewares/ST/STM32_USB_Host_Library/Core/Src/usbh_ctlreq.o
 .text.USBH_ParseInterfaceDesc
                0x000000000800e2a8       0x5e ./Middlewares/ST/STM32_USB_Host_Library/Core/Src/usbh_ctlreq.o
 .text.USBH_ParseEPDesc
                0x000000000800e306      0x14a ./Middlewares/ST/STM32_USB_Host_Library/Core/Src/usbh_ctlreq.o
 .text.USBH_ParseStringDesc
                0x000000000800e450       0x66 ./Middlewares/ST/STM32_USB_Host_Library/Core/Src/usbh_ctlreq.o
 .text.USBH_GetNextDesc
                0x000000000800e4b6       0x36 ./Middlewares/ST/STM32_USB_Host_Library/Core/Src/usbh_ctlreq.o
                0x000000000800e4b6                USBH_GetNextDesc
 .text.USBH_CtlReq
                0x000000000800e4ec       0x7a ./Middlewares/ST/STM32_USB_Host_Library/Core/Src/usbh_ctlreq.o
                0x000000000800e4ec                USBH_CtlReq
 *fill*         0x000000000800e566        0x2 
 .text.USBH_HandleControl
                0x000000000800e568      0x2e8 ./Middlewares/ST/STM32_USB_Host_Library/Core/Src/usbh_ctlreq.o
 .text.USBH_CtlSendSetup
                0x000000000800e850       0x34 ./Middlewares/ST/STM32_USB_Host_Library/Core/Src/usbh_ioreq.o
                0x000000000800e850                USBH_CtlSendSetup
 .text.USBH_CtlSendData
                0x000000000800e884       0x4a ./Middlewares/ST/STM32_USB_Host_Library/Core/Src/usbh_ioreq.o
                0x000000000800e884                USBH_CtlSendData
 .text.USBH_CtlReceiveData
                0x000000000800e8ce       0x3c ./Middlewares/ST/STM32_USB_Host_Library/Core/Src/usbh_ioreq.o
                0x000000000800e8ce                USBH_CtlReceiveData
 .text.USBH_BulkSendData
                0x000000000800e90a       0x4a ./Middlewares/ST/STM32_USB_Host_Library/Core/Src/usbh_ioreq.o
                0x000000000800e90a                USBH_BulkSendData
 .text.USBH_BulkReceiveData
                0x000000000800e954       0x3c ./Middlewares/ST/STM32_USB_Host_Library/Core/Src/usbh_ioreq.o
                0x000000000800e954                USBH_BulkReceiveData
 .text.USBH_OpenPipe
                0x000000000800e990       0x3e ./Middlewares/ST/STM32_USB_Host_Library/Core/Src/usbh_pipes.o
                0x000000000800e990                USBH_OpenPipe
 .text.USBH_ClosePipe
                0x000000000800e9ce       0x20 ./Middlewares/ST/STM32_USB_Host_Library/Core/Src/usbh_pipes.o
                0x000000000800e9ce                USBH_ClosePipe
 .text.USBH_AllocPipe
                0x000000000800e9ee       0x42 ./Middlewares/ST/STM32_USB_Host_Library/Core/Src/usbh_pipes.o
                0x000000000800e9ee                USBH_AllocPipe
 .text.USBH_FreePipe
                0x000000000800ea30       0x3c ./Middlewares/ST/STM32_USB_Host_Library/Core/Src/usbh_pipes.o
                0x000000000800ea30                USBH_FreePipe
 .text.USBH_GetFreePipe
                0x000000000800ea6c       0x48 ./Middlewares/ST/STM32_USB_Host_Library/Core/Src/usbh_pipes.o
 .text.MX_USB_HOST_Init
                0x000000000800eab4       0x4c ./USB_HOST/App/usb_host.o
                0x000000000800eab4                MX_USB_HOST_Init
 .text.MX_USB_HOST_Process
                0x000000000800eb00       0x14 ./USB_HOST/App/usb_host.o
                0x000000000800eb00                MX_USB_HOST_Process
 .text.USBH_UserProcess
                0x000000000800eb14       0x5c ./USB_HOST/App/usb_host.o
 .text.HAL_HCD_MspInit
                0x000000000800eb70       0xc4 ./USB_HOST/Target/usbh_conf.o
                0x000000000800eb70                HAL_HCD_MspInit
 .text.HAL_HCD_SOF_Callback
                0x000000000800ec34       0x1c ./USB_HOST/Target/usbh_conf.o
                0x000000000800ec34                HAL_HCD_SOF_Callback
 .text.HAL_HCD_Connect_Callback
                0x000000000800ec50       0x1c ./USB_HOST/Target/usbh_conf.o
                0x000000000800ec50                HAL_HCD_Connect_Callback
 .text.HAL_HCD_Disconnect_Callback
                0x000000000800ec6c       0x1c ./USB_HOST/Target/usbh_conf.o
                0x000000000800ec6c                HAL_HCD_Disconnect_Callback
 .text.HAL_HCD_HC_NotifyURBChange_Callback
                0x000000000800ec88       0x1c ./USB_HOST/Target/usbh_conf.o
                0x000000000800ec88                HAL_HCD_HC_NotifyURBChange_Callback
 .text.HAL_HCD_PortEnabled_Callback
                0x000000000800eca4       0x1c ./USB_HOST/Target/usbh_conf.o
                0x000000000800eca4                HAL_HCD_PortEnabled_Callback
 .text.HAL_HCD_PortDisabled_Callback
                0x000000000800ecc0       0x1c ./USB_HOST/Target/usbh_conf.o
                0x000000000800ecc0                HAL_HCD_PortDisabled_Callback
 .text.USBH_LL_Init
                0x000000000800ecdc       0x78 ./USB_HOST/Target/usbh_conf.o
                0x000000000800ecdc                USBH_LL_Init
 .text.USBH_LL_Start
                0x000000000800ed54       0x36 ./USB_HOST/Target/usbh_conf.o
                0x000000000800ed54                USBH_LL_Start
 .text.USBH_LL_Stop
                0x000000000800ed8a       0x36 ./USB_HOST/Target/usbh_conf.o
                0x000000000800ed8a                USBH_LL_Stop
 .text.USBH_LL_GetSpeed
                0x000000000800edc0       0x4e ./USB_HOST/Target/usbh_conf.o
                0x000000000800edc0                USBH_LL_GetSpeed
 .text.USBH_LL_ResetPort
                0x000000000800ee0e       0x36 ./USB_HOST/Target/usbh_conf.o
                0x000000000800ee0e                USBH_LL_ResetPort
 .text.USBH_LL_GetLastXferSize
                0x000000000800ee44       0x26 ./USB_HOST/Target/usbh_conf.o
                0x000000000800ee44                USBH_LL_GetLastXferSize
 .text.USBH_LL_OpenPipe
                0x000000000800ee6a       0x5e ./USB_HOST/Target/usbh_conf.o
                0x000000000800ee6a                USBH_LL_OpenPipe
 .text.USBH_LL_ClosePipe
                0x000000000800eec8       0x3e ./USB_HOST/Target/usbh_conf.o
                0x000000000800eec8                USBH_LL_ClosePipe
 .text.USBH_LL_SubmitURB
                0x000000000800ef06       0x62 ./USB_HOST/Target/usbh_conf.o
                0x000000000800ef06                USBH_LL_SubmitURB
 .text.USBH_LL_GetURBState
                0x000000000800ef68       0x26 ./USB_HOST/Target/usbh_conf.o
                0x000000000800ef68                USBH_LL_GetURBState
 .text.USBH_LL_DriverVBUS
                0x000000000800ef8e       0x2e ./USB_HOST/Target/usbh_conf.o
                0x000000000800ef8e                USBH_LL_DriverVBUS
 .text.USBH_LL_SetToggle
                0x000000000800efbc       0x60 ./USB_HOST/Target/usbh_conf.o
                0x000000000800efbc                USBH_LL_SetToggle
 .text.USBH_Delay
                0x000000000800f01c       0x16 ./USB_HOST/Target/usbh_conf.o
                0x000000000800f01c                USBH_Delay
 *fill*         0x000000000800f032        0x2 
 .text.USBH_Get_USB_Status
                0x000000000800f034       0x58 ./USB_HOST/Target/usbh_conf.o
                0x000000000800f034                USBH_Get_USB_Status
 .text.MX_DriverVbusFS
                0x000000000800f08c       0x38 ./USB_HOST/Target/usbh_platform.o
                0x000000000800f08c                MX_DriverVbusFS
 .text.__cxa_pure_virtual
                0x000000000800f0c4        0x6 c:/st/stm32cubeide_1.10.1/stm32cubeide/plugins/com.st.stm32cube.ide.mcu.externaltools.gnu-tools-for-stm32.10.3-2021.10.win32_1.0.0.202111181127/tools/bin/../lib/gcc/arm-none-eabi/10.3.1/../../../../arm-none-eabi/lib/thumb/v7e-m+fp/hard\libstdc++_nano.a(pure.o)
                0x000000000800f0c4                __cxa_pure_virtual
 .text._ZN10__cxxabiv111__terminateEPFvvE
                0x000000000800f0ca        0x8 c:/st/stm32cubeide_1.10.1/stm32cubeide/plugins/com.st.stm32cube.ide.mcu.externaltools.gnu-tools-for-stm32.10.3-2021.10.win32_1.0.0.202111181127/tools/bin/../lib/gcc/arm-none-eabi/10.3.1/../../../../arm-none-eabi/lib/thumb/v7e-m+fp/hard\libstdc++_nano.a(eh_terminate.o)
                0x000000000800f0ca                __cxxabiv1::__terminate(void (*)())
 *fill*         0x000000000800f0d2        0x2 
 .text._ZSt13get_terminatev
                0x000000000800f0d4       0x10 c:/st/stm32cubeide_1.10.1/stm32cubeide/plugins/com.st.stm32cube.ide.mcu.externaltools.gnu-tools-for-stm32.10.3-2021.10.win32_1.0.0.202111181127/tools/bin/../lib/gcc/arm-none-eabi/10.3.1/../../../../arm-none-eabi/lib/thumb/v7e-m+fp/hard\libstdc++_nano.a(eh_terminate.o)
                0x000000000800f0d4                std::get_terminate()
 .text._ZSt9terminatev
                0x000000000800f0e4        0xa c:/st/stm32cubeide_1.10.1/stm32cubeide/plugins/com.st.stm32cube.ide.mcu.externaltools.gnu-tools-for-stm32.10.3-2021.10.win32_1.0.0.202111181127/tools/bin/../lib/gcc/arm-none-eabi/10.3.1/../../../../arm-none-eabi/lib/thumb/v7e-m+fp/hard\libstdc++_nano.a(eh_terminate.o)
                0x000000000800f0e4                std::terminate()
 *fill*         0x000000000800f0ee        0x2 
 .text.roundf   0x000000000800f0f0       0x48 c:/st/stm32cubeide_1.10.1/stm32cubeide/plugins/com.st.stm32cube.ide.mcu.externaltools.gnu-tools-for-stm32.10.3-2021.10.win32_1.0.0.202111181127/tools/bin/../lib/gcc/arm-none-eabi/10.3.1/../../../../arm-none-eabi/lib/thumb/v7e-m+fp/hard\libm.a(lib_a-sf_round.o)
                0x000000000800f0f0                roundf
 .text.abort    0x000000000800f138        0xe c:/st/stm32cubeide_1.10.1/stm32cubeide/plugins/com.st.stm32cube.ide.mcu.externaltools.gnu-tools-for-stm32.10.3-2021.10.win32_1.0.0.202111181127/tools/bin/../lib/gcc/arm-none-eabi/10.3.1/../../../../arm-none-eabi/lib/thumb/v7e-m+fp/hard\libc_nano.a(lib_a-abort.o)
                0x000000000800f138                abort
 *fill*         0x000000000800f146        0x2 
 .text.__errno  0x000000000800f148        0xc c:/st/stm32cubeide_1.10.1/stm32cubeide/plugins/com.st.stm32cube.ide.mcu.externaltools.gnu-tools-for-stm32.10.3-2021.10.win32_1.0.0.202111181127/tools/bin/../lib/gcc/arm-none-eabi/10.3.1/../../../../arm-none-eabi/lib/thumb/v7e-m+fp/hard\libc_nano.a(lib_a-errno.o)
                0x000000000800f148                __errno
 .text.__libc_init_array
                0x000000000800f154       0x48 c:/st/stm32cubeide_1.10.1/stm32cubeide/plugins/com.st.stm32cube.ide.mcu.externaltools.gnu-tools-for-stm32.10.3-2021.10.win32_1.0.0.202111181127/tools/bin/../lib/gcc/arm-none-eabi/10.3.1/../../../../arm-none-eabi/lib/thumb/v7e-m+fp/hard\libc_nano.a(lib_a-init.o)
                0x000000000800f154                __libc_init_array
 .text.malloc   0x000000000800f19c       0x10 c:/st/stm32cubeide_1.10.1/stm32cubeide/plugins/com.st.stm32cube.ide.mcu.externaltools.gnu-tools-for-stm32.10.3-2021.10.win32_1.0.0.202111181127/tools/bin/../lib/gcc/arm-none-eabi/10.3.1/../../../../arm-none-eabi/lib/thumb/v7e-m+fp/hard\libc_nano.a(lib_a-malloc.o)
                0x000000000800f19c                malloc
 .text.free     0x000000000800f1ac       0x10 c:/st/stm32cubeide_1.10.1/stm32cubeide/plugins/com.st.stm32cube.ide.mcu.externaltools.gnu-tools-for-stm32.10.3-2021.10.win32_1.0.0.202111181127/tools/bin/../lib/gcc/arm-none-eabi/10.3.1/../../../../arm-none-eabi/lib/thumb/v7e-m+fp/hard\libc_nano.a(lib_a-malloc.o)
                0x000000000800f1ac                free
 .text.memcpy   0x000000000800f1bc       0x1c c:/st/stm32cubeide_1.10.1/stm32cubeide/plugins/com.st.stm32cube.ide.mcu.externaltools.gnu-tools-for-stm32.10.3-2021.10.win32_1.0.0.202111181127/tools/bin/../lib/gcc/arm-none-eabi/10.3.1/../../../../arm-none-eabi/lib/thumb/v7e-m+fp/hard\libc_nano.a(lib_a-memcpy-stub.o)
                0x000000000800f1bc                memcpy
 .text.memset   0x000000000800f1d8       0x10 c:/st/stm32cubeide_1.10.1/stm32cubeide/plugins/com.st.stm32cube.ide.mcu.externaltools.gnu-tools-for-stm32.10.3-2021.10.win32_1.0.0.202111181127/tools/bin/../lib/gcc/arm-none-eabi/10.3.1/../../../../arm-none-eabi/lib/thumb/v7e-m+fp/hard\libc_nano.a(lib_a-memset.o)
                0x000000000800f1d8                memset
 .text._free_r  0x000000000800f1e8       0x98 c:/st/stm32cubeide_1.10.1/stm32cubeide/plugins/com.st.stm32cube.ide.mcu.externaltools.gnu-tools-for-stm32.10.3-2021.10.win32_1.0.0.202111181127/tools/bin/../lib/gcc/arm-none-eabi/10.3.1/../../../../arm-none-eabi/lib/thumb/v7e-m+fp/hard\libc_nano.a(lib_a-nano-freer.o)
                0x000000000800f1e8                _free_r
 .text.sbrk_aligned
                0x000000000800f280       0x40 c:/st/stm32cubeide_1.10.1/stm32cubeide/plugins/com.st.stm32cube.ide.mcu.externaltools.gnu-tools-for-stm32.10.3-2021.10.win32_1.0.0.202111181127/tools/bin/../lib/gcc/arm-none-eabi/10.3.1/../../../../arm-none-eabi/lib/thumb/v7e-m+fp/hard\libc_nano.a(lib_a-nano-mallocr.o)
 .text._malloc_r
                0x000000000800f2c0       0xe8 c:/st/stm32cubeide_1.10.1/stm32cubeide/plugins/com.st.stm32cube.ide.mcu.externaltools.gnu-tools-for-stm32.10.3-2021.10.win32_1.0.0.202111181127/tools/bin/../lib/gcc/arm-none-eabi/10.3.1/../../../../arm-none-eabi/lib/thumb/v7e-m+fp/hard\libc_nano.a(lib_a-nano-mallocr.o)
                0x000000000800f2c0                _malloc_r
 .text.__cvt    0x000000000800f3a8       0xc4 c:/st/stm32cubeide_1.10.1/stm32cubeide/plugins/com.st.stm32cube.ide.mcu.externaltools.gnu-tools-for-stm32.10.3-2021.10.win32_1.0.0.202111181127/tools/bin/../lib/gcc/arm-none-eabi/10.3.1/../../../../arm-none-eabi/lib/thumb/v7e-m+fp/hard\libc_nano.a(lib_a-nano-vfprintf_float.o)
                0x000000000800f3a8                __cvt
 .text.__exponent
                0x000000000800f46c       0x7c c:/st/stm32cubeide_1.10.1/stm32cubeide/plugins/com.st.stm32cube.ide.mcu.externaltools.gnu-tools-for-stm32.10.3-2021.10.win32_1.0.0.202111181127/tools/bin/../lib/gcc/arm-none-eabi/10.3.1/../../../../arm-none-eabi/lib/thumb/v7e-m+fp/hard\libc_nano.a(lib_a-nano-vfprintf_float.o)
                0x000000000800f46c                __exponent
 .text._printf_float
                0x000000000800f4e8      0x46c c:/st/stm32cubeide_1.10.1/stm32cubeide/plugins/com.st.stm32cube.ide.mcu.externaltools.gnu-tools-for-stm32.10.3-2021.10.win32_1.0.0.202111181127/tools/bin/../lib/gcc/arm-none-eabi/10.3.1/../../../../arm-none-eabi/lib/thumb/v7e-m+fp/hard\libc_nano.a(lib_a-nano-vfprintf_float.o)
                0x000000000800f4e8                _printf_float
 .text._printf_common
                0x000000000800f954       0xda c:/st/stm32cubeide_1.10.1/stm32cubeide/plugins/com.st.stm32cube.ide.mcu.externaltools.gnu-tools-for-stm32.10.3-2021.10.win32_1.0.0.202111181127/tools/bin/../lib/gcc/arm-none-eabi/10.3.1/../../../../arm-none-eabi/lib/thumb/v7e-m+fp/hard\libc_nano.a(lib_a-nano-vfprintf_i.o)
                0x000000000800f954                _printf_common
 *fill*         0x000000000800fa2e        0x2 
 .text._printf_i
                0x000000000800fa30      0x24c c:/st/stm32cubeide_1.10.1/stm32cubeide/plugins/com.st.stm32cube.ide.mcu.externaltools.gnu-tools-for-stm32.10.3-2021.10.win32_1.0.0.202111181127/tools/bin/../lib/gcc/arm-none-eabi/10.3.1/../../../../arm-none-eabi/lib/thumb/v7e-m+fp/hard\libc_nano.a(lib_a-nano-vfprintf_i.o)
                0x000000000800fa30                _printf_i
 .text.realloc  0x000000000800fc7c       0x10 c:/st/stm32cubeide_1.10.1/stm32cubeide/plugins/com.st.stm32cube.ide.mcu.externaltools.gnu-tools-for-stm32.10.3-2021.10.win32_1.0.0.202111181127/tools/bin/../lib/gcc/arm-none-eabi/10.3.1/../../../../arm-none-eabi/lib/thumb/v7e-m+fp/hard\libc_nano.a(lib_a-realloc.o)
                0x000000000800fc7c                realloc
 .text._sbrk_r  0x000000000800fc8c       0x20 c:/st/stm32cubeide_1.10.1/stm32cubeide/plugins/com.st.stm32cube.ide.mcu.externaltools.gnu-tools-for-stm32.10.3-2021.10.win32_1.0.0.202111181127/tools/bin/../lib/gcc/arm-none-eabi/10.3.1/../../../../arm-none-eabi/lib/thumb/v7e-m+fp/hard\libc_nano.a(lib_a-sbrkr.o)
                0x000000000800fc8c                _sbrk_r
 .text._raise_r
                0x000000000800fcac       0x50 c:/st/stm32cubeide_1.10.1/stm32cubeide/plugins/com.st.stm32cube.ide.mcu.externaltools.gnu-tools-for-stm32.10.3-2021.10.win32_1.0.0.202111181127/tools/bin/../lib/gcc/arm-none-eabi/10.3.1/../../../../arm-none-eabi/lib/thumb/v7e-m+fp/hard\libc_nano.a(lib_a-signal.o)
                0x000000000800fcac                _raise_r
 .text.raise    0x000000000800fcfc       0x10 c:/st/stm32cubeide_1.10.1/stm32cubeide/plugins/com.st.stm32cube.ide.mcu.externaltools.gnu-tools-for-stm32.10.3-2021.10.win32_1.0.0.202111181127/tools/bin/../lib/gcc/arm-none-eabi/10.3.1/../../../../arm-none-eabi/lib/thumb/v7e-m+fp/hard\libc_nano.a(lib_a-signal.o)
                0x000000000800fcfc                raise
 .text._kill_r  0x000000000800fd0c       0x24 c:/st/stm32cubeide_1.10.1/stm32cubeide/plugins/com.st.stm32cube.ide.mcu.externaltools.gnu-tools-for-stm32.10.3-2021.10.win32_1.0.0.202111181127/tools/bin/../lib/gcc/arm-none-eabi/10.3.1/../../../../arm-none-eabi/lib/thumb/v7e-m+fp/hard\libc_nano.a(lib_a-signalr.o)
                0x000000000800fd0c                _kill_r
 .text._getpid_r
                0x000000000800fd30        0x4 c:/st/stm32cubeide_1.10.1/stm32cubeide/plugins/com.st.stm32cube.ide.mcu.externaltools.gnu-tools-for-stm32.10.3-2021.10.win32_1.0.0.202111181127/tools/bin/../lib/gcc/arm-none-eabi/10.3.1/../../../../arm-none-eabi/lib/thumb/v7e-m+fp/hard\libc_nano.a(lib_a-signalr.o)
                0x000000000800fd30                _getpid_r
 .text.quorem   0x000000000800fd34      0x116 c:/st/stm32cubeide_1.10.1/stm32cubeide/plugins/com.st.stm32cube.ide.mcu.externaltools.gnu-tools-for-stm32.10.3-2021.10.win32_1.0.0.202111181127/tools/bin/../lib/gcc/arm-none-eabi/10.3.1/../../../../arm-none-eabi/lib/thumb/v7e-m+fp/hard\libc_nano.a(lib_a-dtoa.o)
 *fill*         0x000000000800fe4a        0x6 
 .text._dtoa_r  0x000000000800fe50      0xbdc c:/st/stm32cubeide_1.10.1/stm32cubeide/plugins/com.st.stm32cube.ide.mcu.externaltools.gnu-tools-for-stm32.10.3-2021.10.win32_1.0.0.202111181127/tools/bin/../lib/gcc/arm-none-eabi/10.3.1/../../../../arm-none-eabi/lib/thumb/v7e-m+fp/hard\libc_nano.a(lib_a-dtoa.o)
                0x000000000800fe50                _dtoa_r
 .text._localeconv_r
                0x0000000008010a2c        0x8 c:/st/stm32cubeide_1.10.1/stm32cubeide/plugins/com.st.stm32cube.ide.mcu.externaltools.gnu-tools-for-stm32.10.3-2021.10.win32_1.0.0.202111181127/tools/bin/../lib/gcc/arm-none-eabi/10.3.1/../../../../arm-none-eabi/lib/thumb/v7e-m+fp/hard\libc_nano.a(lib_a-localeconv.o)
                0x0000000008010a2c                _localeconv_r
 .text.__malloc_lock
                0x0000000008010a34        0xc c:/st/stm32cubeide_1.10.1/stm32cubeide/plugins/com.st.stm32cube.ide.mcu.externaltools.gnu-tools-for-stm32.10.3-2021.10.win32_1.0.0.202111181127/tools/bin/../lib/gcc/arm-none-eabi/10.3.1/../../../../arm-none-eabi/lib/thumb/v7e-m+fp/hard\libc_nano.a(lib_a-mlock.o)
                0x0000000008010a34                __malloc_lock
 .text.__malloc_unlock
                0x0000000008010a40        0xc c:/st/stm32cubeide_1.10.1/stm32cubeide/plugins/com.st.stm32cube.ide.mcu.externaltools.gnu-tools-for-stm32.10.3-2021.10.win32_1.0.0.202111181127/tools/bin/../lib/gcc/arm-none-eabi/10.3.1/../../../../arm-none-eabi/lib/thumb/v7e-m+fp/hard\libc_nano.a(lib_a-mlock.o)
                0x0000000008010a40                __malloc_unlock
 .text._Balloc  0x0000000008010a4c       0x80 c:/st/stm32cubeide_1.10.1/stm32cubeide/plugins/com.st.stm32cube.ide.mcu.externaltools.gnu-tools-for-stm32.10.3-2021.10.win32_1.0.0.202111181127/tools/bin/../lib/gcc/arm-none-eabi/10.3.1/../../../../arm-none-eabi/lib/thumb/v7e-m+fp/hard\libc_nano.a(lib_a-mprec.o)
                0x0000000008010a4c                _Balloc
 .text._Bfree   0x0000000008010acc       0x44 c:/st/stm32cubeide_1.10.1/stm32cubeide/plugins/com.st.stm32cube.ide.mcu.externaltools.gnu-tools-for-stm32.10.3-2021.10.win32_1.0.0.202111181127/tools/bin/../lib/gcc/arm-none-eabi/10.3.1/../../../../arm-none-eabi/lib/thumb/v7e-m+fp/hard\libc_nano.a(lib_a-mprec.o)
                0x0000000008010acc                _Bfree
 .text.__multadd
                0x0000000008010b10       0x8c c:/st/stm32cubeide_1.10.1/stm32cubeide/plugins/com.st.stm32cube.ide.mcu.externaltools.gnu-tools-for-stm32.10.3-2021.10.win32_1.0.0.202111181127/tools/bin/../lib/gcc/arm-none-eabi/10.3.1/../../../../arm-none-eabi/lib/thumb/v7e-m+fp/hard\libc_nano.a(lib_a-mprec.o)
                0x0000000008010b10                __multadd
 .text.__hi0bits