../Core/Src/main.c:88:6:HAL_GPIO_EXTI_Callback	16	static
../Core/Src/main.c:243:5:main	8	static
../Core/Src/main.c:331:6:SystemClock_Config	88	static
../Core/Src/main.c:376:6:PeriphCommonClock_Config	32	static
../Core/Src/main.c:397:13:MX_I2C1_Init	8	static
../Core/Src/main.c:431:13:MX_I2S2_Init	8	static
../Core/Src/main.c:465:13:MX_I2S3_Init	8	static
../Core/Src/main.c:499:13:MX_SPI1_Init	8	static
../Core/Src/main.c:537:13:MX_TIM2_Init	32	static
../Core/Src/main.c:582:13:MX_TIM3_Init	64	static
../Core/Src/main.c:645:13:MX_GPIO_Init	56	static
../Core/Src/main.c:756:6:Error_Handler	4	static,ignoring_inline_asm
