../Drivers/CMSIS/Include/core_cm4.h:2064:26:uint32_t ITM_SendChar(uint32_t)	16	static,ignoring_inline_asm
../Core/Src/main.cpp:84:5:int _write(int, char*, int)	32	static
../Core/Src/main.cpp:106:5:int main()	8	static
../Core/Src/main.cpp:181:6:void SystemClock_Config()	88	static
../Core/Src/main.cpp:226:6:void PeriphCommonClock_Config()	32	static
../Core/Src/main.cpp:247:13:void MX_I2C1_Init()	8	static
../Core/Src/main.cpp:281:13:void MX_I2S2_Init()	8	static
../Core/Src/main.cpp:315:13:void MX_I2S3_Init()	8	static
../Core/Src/main.cpp:349:13:void MX_SPI1_Init()	8	static
../Core/Src/main.cpp:387:13:void MX_TIM2_Init()	32	static
../Core/Src/main.cpp:432:13:void MX_TIM3_Init()	64	static
../Core/Src/main.cpp:495:13:void MX_USART1_UART_Init()	8	static
../Core/Src/main.cpp:526:13:void MX_DMA_Init()	16	static
../Core/Src/main.cpp:547:13:void MX_GPIO_Init()	56	static
../Core/Src/main.cpp:658:6:void Error_Handler()	4	static,ignoring_inline_asm
