../Drivers/CMSIS/Include/core_cm4.h:2064:26:uint32_t ITM_SendChar(uint32_t)	16	static,ignoring_inline_asm
../Core/Src/main.cpp:84:5:int _write(int, char*, int)	32	static
../Core/Src/main.cpp:106:5:int main()	8	static
../Core/Src/main.cpp:186:6:void SystemClock_Config()	88	static
../Core/Src/main.cpp:231:6:void PeriphCommonClock_Config()	32	static
../Core/Src/main.cpp:252:13:void MX_I2C1_Init()	8	static
../Core/Src/main.cpp:286:13:void MX_I2S2_Init()	8	static
../Core/Src/main.cpp:320:13:void MX_I2S3_Init()	8	static
../Core/Src/main.cpp:354:13:void MX_SPI1_Init()	8	static
../Core/Src/main.cpp:392:13:void MX_TIM2_Init()	32	static
../Core/Src/main.cpp:437:13:void MX_TIM3_Init()	64	static
../Core/Src/main.cpp:500:13:void MX_USART1_UART_Init()	8	static
../Core/Src/main.cpp:531:13:void MX_DMA_Init()	16	static
../Core/Src/main.cpp:552:13:void MX_GPIO_Init()	56	static
../Core/Src/main.cpp:663:6:void Error_Handler()	4	static,ignoring_inline_asm
