../Core/Src/main.cpp:83:5:int main()	8	static
../Core/Src/main.cpp:138:6:void SystemClock_Config()	88	static
../Core/Src/main.cpp:183:6:void PeriphCommonClock_Config()	32	static
../Core/Src/main.cpp:204:13:void MX_I2C1_Init()	8	static
../Core/Src/main.cpp:238:13:void MX_I2S2_Init()	8	static
../Core/Src/main.cpp:272:13:void MX_I2S3_Init()	8	static
../Core/Src/main.cpp:306:13:void MX_SPI1_Init()	8	static
../Core/Src/main.cpp:344:13:void MX_USART1_UART_Init()	8	static
../Core/Src/main.cpp:375:13:void MX_DMA_Init()	16	static
../Core/Src/main.cpp:396:13:void MX_GPIO_Init()	56	static
../Core/Src/main.cpp:475:6:void Error_Handler()	4	static,ignoring_inline_asm
