Archive member included to satisfy reference by file (symbol)

c:/st/stm32cubeide_1.10.1/stm32cubeide/plugins/com.st.stm32cube.ide.mcu.externaltools.gnu-tools-for-stm32.10.3-2021.10.win32_1.0.0.202111181127/tools/bin/../lib/gcc/arm-none-eabi/10.3.1/../../../../arm-none-eabi/lib/thumb/v7e-m+fp/hard\libstdc++_nano.a(pure.o)
                              ./Core/Src/mainpp.o (__cxa_pure_virtual)
c:/st/stm32cubeide_1.10.1/stm32cubeide/plugins/com.st.stm32cube.ide.mcu.externaltools.gnu-tools-for-stm32.10.3-2021.10.win32_1.0.0.202111181127/tools/bin/../lib/gcc/arm-none-eabi/10.3.1/../../../../arm-none-eabi/lib/thumb/v7e-m+fp/hard\libstdc++_nano.a(eh_terminate.o)
                              c:/st/stm32cubeide_1.10.1/stm32cubeide/plugins/com.st.stm32cube.ide.mcu.externaltools.gnu-tools-for-stm32.10.3-2021.10.win32_1.0.0.202111181127/tools/bin/../lib/gcc/arm-none-eabi/10.3.1/../../../../arm-none-eabi/lib/thumb/v7e-m+fp/hard\libstdc++_nano.a(pure.o) (std::terminate())
c:/st/stm32cubeide_1.10.1/stm32cubeide/plugins/com.st.stm32cube.ide.mcu.externaltools.gnu-tools-for-stm32.10.3-2021.10.win32_1.0.0.202111181127/tools/bin/../lib/gcc/arm-none-eabi/10.3.1/../../../../arm-none-eabi/lib/thumb/v7e-m+fp/hard\libstdc++_nano.a(eh_unex_handler.o)
                              c:/st/stm32cubeide_1.10.1/stm32cubeide/plugins/com.st.stm32cube.ide.mcu.externaltools.gnu-tools-for-stm32.10.3-2021.10.win32_1.0.0.202111181127/tools/bin/../lib/gcc/arm-none-eabi/10.3.1/../../../../arm-none-eabi/lib/thumb/v7e-m+fp/hard\libstdc++_nano.a(eh_terminate.o) (__cxxabiv1::__unexpected_handler)
c:/st/stm32cubeide_1.10.1/stm32cubeide/plugins/com.st.stm32cube.ide.mcu.externaltools.gnu-tools-for-stm32.10.3-2021.10.win32_1.0.0.202111181127/tools/bin/../lib/gcc/arm-none-eabi/10.3.1/../../../../arm-none-eabi/lib/thumb/v7e-m+fp/hard\libstdc++_nano.a(eh_term_handler.o)
                              c:/st/stm32cubeide_1.10.1/stm32cubeide/plugins/com.st.stm32cube.ide.mcu.externaltools.gnu-tools-for-stm32.10.3-2021.10.win32_1.0.0.202111181127/tools/bin/../lib/gcc/arm-none-eabi/10.3.1/../../../../arm-none-eabi/lib/thumb/v7e-m+fp/hard\libstdc++_nano.a(eh_terminate.o) (__cxxabiv1::__terminate_handler)
c:/st/stm32cubeide_1.10.1/stm32cubeide/plugins/com.st.stm32cube.ide.mcu.externaltools.gnu-tools-for-stm32.10.3-2021.10.win32_1.0.0.202111181127/tools/bin/../lib/gcc/arm-none-eabi/10.3.1/../../../../arm-none-eabi/lib/thumb/v7e-m+fp/hard\libc_nano.a(lib_a-abort.o)
                              c:/st/stm32cubeide_1.10.1/stm32cubeide/plugins/com.st.stm32cube.ide.mcu.externaltools.gnu-tools-for-stm32.10.3-2021.10.win32_1.0.0.202111181127/tools/bin/../lib/gcc/arm-none-eabi/10.3.1/../../../../arm-none-eabi/lib/thumb/v7e-m+fp/hard\libstdc++_nano.a(eh_terminate.o) (abort)
c:/st/stm32cubeide_1.10.1/stm32cubeide/plugins/com.st.stm32cube.ide.mcu.externaltools.gnu-tools-for-stm32.10.3-2021.10.win32_1.0.0.202111181127/tools/bin/../lib/gcc/arm-none-eabi/10.3.1/../../../../arm-none-eabi/lib/thumb/v7e-m+fp/hard\libc_nano.a(lib_a-errno.o)
                              ./Core/Src/syscalls.o (__errno)
c:/st/stm32cubeide_1.10.1/stm32cubeide/plugins/com.st.stm32cube.ide.mcu.externaltools.gnu-tools-for-stm32.10.3-2021.10.win32_1.0.0.202111181127/tools/bin/../lib/gcc/arm-none-eabi/10.3.1/../../../../arm-none-eabi/lib/thumb/v7e-m+fp/hard\libc_nano.a(lib_a-exit.o)
                              c:/st/stm32cubeide_1.10.1/stm32cubeide/plugins/com.st.stm32cube.ide.mcu.externaltools.gnu-tools-for-stm32.10.3-2021.10.win32_1.0.0.202111181127/tools/bin/../lib/gcc/arm-none-eabi/10.3.1/../../../../arm-none-eabi/lib/thumb/v7e-m+fp/hard/crt0.o (exit)
c:/st/stm32cubeide_1.10.1/stm32cubeide/plugins/com.st.stm32cube.ide.mcu.externaltools.gnu-tools-for-stm32.10.3-2021.10.win32_1.0.0.202111181127/tools/bin/../lib/gcc/arm-none-eabi/10.3.1/../../../../arm-none-eabi/lib/thumb/v7e-m+fp/hard\libc_nano.a(lib_a-impure.o)
                              c:/st/stm32cubeide_1.10.1/stm32cubeide/plugins/com.st.stm32cube.ide.mcu.externaltools.gnu-tools-for-stm32.10.3-2021.10.win32_1.0.0.202111181127/tools/bin/../lib/gcc/arm-none-eabi/10.3.1/../../../../arm-none-eabi/lib/thumb/v7e-m+fp/hard\libc_nano.a(lib_a-exit.o) (_global_impure_ptr)
c:/st/stm32cubeide_1.10.1/stm32cubeide/plugins/com.st.stm32cube.ide.mcu.externaltools.gnu-tools-for-stm32.10.3-2021.10.win32_1.0.0.202111181127/tools/bin/../lib/gcc/arm-none-eabi/10.3.1/../../../../arm-none-eabi/lib/thumb/v7e-m+fp/hard\libc_nano.a(lib_a-init.o)
                              c:/st/stm32cubeide_1.10.1/stm32cubeide/plugins/com.st.stm32cube.ide.mcu.externaltools.gnu-tools-for-stm32.10.3-2021.10.win32_1.0.0.202111181127/tools/bin/../lib/gcc/arm-none-eabi/10.3.1/../../../../arm-none-eabi/lib/thumb/v7e-m+fp/hard/crt0.o (__libc_init_array)
[...]
Memory Configuration

Name             Origin             Length             Attributes
RAM              0x0000000020000000 0x0000000000020000 xrw
FLASH            0x0000000008000000 0x0000000000080000 xr
*default*        0x0000000000000000 0xffffffffffffffff

Linker script and memory map

LOAD c:/st/stm32cubeide_1.10.1/stm32cubeide/plugins/com.st.stm32cube.ide.mcu.externaltools.gnu-tools-for-stm32.10.3-2021.10.win32_1.0.0.202111181127/tools/bin/../lib/gcc/arm-none-eabi/10.3.1/thumb/v7e-m+fp/hard/crti.o
LOAD c:/st/stm32cubeide_1.10.1/stm32cubeide/plugins/com.st.stm32cube.ide.mcu.externaltools.gnu-tools-for-stm32.10.3-2021.10.win32_1.0.0.202111181127/tools/bin/../lib/gcc/arm-none-eabi/10.3.1/thumb/v7e-m+fp/hard/crtbegin.o
LOAD c:/st/stm32cubeide_1.10.1/stm32cubeide/plugins/com.st.stm32cube.ide.mcu.externaltools.gnu-tools-for-stm32.10.3-2021.10.win32_1.0.0.202111181127/tools/bin/../lib/gcc/arm-none-eabi/10.3.1/../../../../arm-none-eabi/lib/thumb/v7e-m+fp/hard/crt0.o
LOAD ./Core/Src/duration.o
LOAD ./Core/Src/main.o
LOAD ./Core/Src/mainpp.o
LOAD ./Core/Src/stm32f4xx_hal_msp.o
LOAD ./Core/Src/stm32f4xx_it.o
LOAD ./Core/Src/syscalls.o
LOAD ./Core/Src/sysmem.o
LOAD ./Core/Src/system_stm32f4xx.o
LOAD ./Core/Src/time.o
LOAD ./Core/Startup/startup_stm32f411vetx.o
LOAD ./Drivers/STM32F4xx_HAL_Driver/Src/stm32f4xx_hal.o
LOAD ./Drivers/STM32F4xx_HAL_Driver/Src/stm32f4xx_hal_cortex.o
LOAD ./Drivers/STM32F4xx_HAL_Driver/Src/stm32f4xx_hal_dma.o
LOAD ./Drivers/STM32F4xx_HAL_Driver/Src/stm32f4xx_hal_dma_ex.o
LOAD ./Drivers/STM32F4xx_HAL_Driver/Src/stm32f4xx_hal_exti.o
LOAD ./Drivers/STM32F4xx_HAL_Driver/Src/stm32f4xx_hal_flash.o
LOAD ./Drivers/STM32F4xx_HAL_Driver/Src/stm32f4xx_hal_flash_ex.o
LOAD ./Drivers/STM32F4xx_HAL_Driver/Src/stm32f4xx_hal_flash_ramfunc.o
LOAD ./Drivers/STM32F4xx_HAL_Driver/Src/stm32f4xx_hal_gpio.o
LOAD ./Drivers/STM32F4xx_HAL_Driver/Src/stm32f4xx_hal_hcd.o
LOAD ./Drivers/STM32F4xx_HAL_Driver/Src/stm32f4xx_hal_i2c.o
LOAD ./Drivers/STM32F4xx_HAL_Driver/Src/stm32f4xx_hal_i2c_ex.o
LOAD ./Drivers/STM32F4xx_HAL_Driver/Src/stm32f4xx_hal_i2s.o
LOAD ./Drivers/STM32F4xx_HAL_Driver/Src/stm32f4xx_hal_i2s_ex.o
LOAD ./Drivers/STM32F4xx_HAL_Driver/Src/stm32f4xx_hal_pwr.o
LOAD ./Drivers/STM32F4xx_HAL_Driver/Src/stm32f4xx_hal_pwr_ex.o
LOAD ./Drivers/STM32F4xx_HAL_Driver/Src/stm32f4xx_hal_rcc.o
LOAD ./Drivers/STM32F4xx_HAL_Driver/Src/stm32f4xx_hal_rcc_ex.o
LOAD ./Drivers/STM32F4xx_HAL_Driver/Src/stm32f4xx_hal_spi.o
LOAD ./Drivers/STM32F4xx_HAL_Driver/Src/stm32f4xx_hal_tim.o
LOAD ./Drivers/STM32F4xx_HAL_Driver/Src/stm32f4xx_hal_tim_ex.o
LOAD ./Drivers/STM32F4xx_HAL_Driver/Src/stm32f4xx_hal_uart.o
LOAD ./Drivers/STM32F4xx_HAL_Driver/Src/stm32f4xx_ll_usb.o
LOAD ./Middlewares/ST/STM32_USB_Host_Library/Class/CDC/Src/usbh_cdc.o
LOAD ./Middlewares/ST/STM32_USB_Host_Library/Core/Src/usbh_core.o
LOAD ./Middlewares/ST/STM32_USB_Host_Library/Core/Src/usbh_ctlreq.o
LOAD ./Middlewares/ST/STM32_USB_Host_Library/Core/Src/usbh_ioreq.o
LOAD ./Middlewares/ST/STM32_USB_Host_Library/Core/Src/usbh_pipes.o
LOAD ./USB_HOST/App/usb_host.o
LOAD ./USB_HOST/Target/usbh_conf.o
LOAD ./USB_HOST/Target/usbh_platform.o
START GROUP
LOAD c:/st/stm32cubeide_1.10.1/stm32cubeide/plugins/com.st.stm32cube.ide.mcu.externaltools.gnu-tools-for-stm32.10.3-2021.10.win32_1.0.0.202111181127/tools/bin/../lib/gcc/arm-none-eabi/10.3.1/../../../../arm-none-eabi/lib/thumb/v7e-m+fp/hard\libstdc++_nano.a
LOAD c:/st/stm32cubeide_1.10.1/stm32cubeide/plugins/com.st.stm32cube.ide.mcu.externaltools.gnu-tools-for-stm32.10.3-2021.10.win32_1.0.0.202111181127/tools/bin/../lib/gcc/arm-none-eabi/10.3.1/../../../../arm-none-eabi/lib/thumb/v7e-m+fp/hard\libsupc++_nano.a
END GROUP
LOAD c:/st/stm32cubeide_1.10.1/stm32cubeide/plugins/com.st.stm32cube.ide.mcu.externaltools.gnu-tools-for-stm32.10.3-2021.10.win32_1.0.0.202111181127/tools/bin/../lib/gcc/arm-none-eabi/10.3.1/../../../../arm-none-eabi/lib/thumb/v7e-m+fp/hard\libstdc++_nano.a
LOAD c:/st/stm32cubeide_1.10.1/stm32cubeide/plugins/com.st.stm32cube.ide.mcu.externaltools.gnu-tools-for-stm32.10.3-2021.10.win32_1.0.0.202111181127/tools/bin/../lib/gcc/arm-none-eabi/10.3.1/../../../../arm-none-eabi/lib/thumb/v7e-m+fp/hard\libm.a
LOAD c:/st/stm32cubeide_1.10.1/stm32cubeide/plugins/com.st.stm32cube.ide.mcu.externaltools.gnu-tools-for-stm32.10.3-2021.10.win32_1.0.0.202111181127/tools/bin/../lib/gcc/arm-none-eabi/10.3.1/../../../../arm-none-eabi/lib/thumb/v7e-m+fp/hard\libc_nano.a
START GROUP
LOAD c:/st/stm32cubeide_1.10.1/stm32cubeide/plugins/com.st.stm32cube.ide.mcu.externaltools.gnu-tools-for-stm32.10.3-2021.10.win32_1.0.0.202111181127/tools/bin/../lib/gcc/arm-none-eabi/10.3.1/thumb/v7e-m+fp/hard\libgcc.a
LOAD c:/st/stm32cubeide_1.10.1/stm32cubeide/plugins/com.st.stm32cube.ide.mcu.externaltools.gnu-tools-for-stm32.10.3-2021.10.win32_1.0.0.202111181127/tools/bin/../lib/gcc/arm-none-eabi/10.3.1/../../../../arm-none-eabi/lib/thumb/v7e-m+fp/hard\libc_nano.a
END GROUP
START GROUP
LOAD c:/st/stm32cubeide_1.10.1/stm32cubeide/plugins/com.st.stm32cube.ide.mcu.externaltools.gnu-tools-for-stm32.10.3-2021.10.win32_1.0.0.202111181127/tools/bin/../lib/gcc/arm-none-eabi/10.3.1/thumb/v7e-m+fp/hard\libgcc.a
LOAD c:/st/stm32cubeide_1.10.1/stm32cubeide/plugins/com.st.stm32cube.ide.mcu.externaltools.gnu-tools-for-stm32.10.3-2021.10.win32_1.0.0.202111181127/tools/bin/../lib/gcc/arm-none-eabi/10.3.1/../../../../arm-none-eabi/lib/thumb/v7e-m+fp/hard\libc_nano.a
END GROUP
LOAD c:/st/stm32cubeide_1.10.1/stm32cubeide/plugins/com.st.stm32cube.ide.mcu.externaltools.gnu-tools-for-stm32.10.3-2021.10.win32_1.0.0.202111181127/tools/bin/../lib/gcc/arm-none-eabi/10.3.1/thumb/v7e-m+fp/hard/crtend.o
LOAD c:/st/stm32cubeide_1.10.1/stm32cubeide/plugins/com.st.stm32cube.ide.mcu.externaltools.gnu-tools-for-stm32.10.3-2021.10.win32_1.0.0.202111181127/tools/bin/../lib/gcc/arm-none-eabi/10.3.1/thumb/v7e-m+fp/hard/crtn.o
                0x0000000020020000                _estack = (ORIGIN (RAM) + LENGTH (RAM))
                0x0000000000000200                _Min_Heap_Size = 0x200
                0x0000000000000400                _Min_Stack_Size = 0x400

.isr_vector     0x0000000008000000      0x198
                0x0000000008000000                . = ALIGN (0x4)
 *(.isr_vector)
 .isr_vector    0x0000000008000000      0x198 ./Core/Startup/startup_stm32f411vetx.o
                0x0000000008000000                g_pfnVectors
                0x0000000008000198                . = ALIGN (0x4)

.text           0x0000000008000198     0xba88
                0x0000000008000198                . = ALIGN (0x4)
 *(.text)
 .text          0x0000000008000198       0x40 c:/st/stm32cubeide_1.10.1/stm32cubeide/plugins/com.st.stm32cube.ide.mcu.externaltools.gnu-tools-for-stm32.10.3-2021.10.win32_1.0.0.202111181127/tools/bin/../lib/gcc/arm-none-eabi/10.3.1/thumb/v7e-m+fp/hard/crtbegin.o
 .text          0x00000000080001d8       0x10 c:/st/stm32cubeide_1.10.1/stm32cubeide/plugins/com.st.stm32cube.ide.mcu.externaltools.gnu-tools-for-stm32.10.3-2021.10.win32_1.0.0.202111181127/tools/bin/../lib/gcc/arm-none-eabi/10.3.1/../../../../arm-none-eabi/lib/thumb/v7e-m+fp/hard\libc_nano.a(lib_a-strlen.o)
                0x00000000080001d8                strlen
 .text          0x00000000080001e8       0x30 c:/st/stm32cubeide_1.10.1/stm32cubeide/plugins/com.st.stm32cube.ide.mcu.externaltools.gnu-tools-for-stm32.10.3-2021.10.win32_1.0.0.202111181127/tools/bin/../lib/gcc/arm-none-eabi/10.3.1/thumb/v7e-m+fp/hard\libgcc.a(_aeabi_uldivmod.o)
                0x00000000080001e8                __aeabi_uldivmod
 .text          0x0000000008000218      0x2d0 c:/st/stm32cubeide_1.10.1/stm32cubeide/plugins/com.st.stm32cube.ide.mcu.externaltools.gnu-tools-for-stm32.10.3-2021.10.win32_1.0.0.202111181127/tools/bin/../lib/gcc/arm-none-eabi/10.3.1/thumb/v7e-m+fp/hard\libgcc.a(_udivmoddi4.o)
                0x0000000008000218                __udivmoddi4
 .text          0x00000000080004e8        0x4 c:/st/stm32cubeide_1.10.1/stm32cubeide/plugins/com.st.stm32cube.ide.mcu.externaltools.gnu-tools-for-stm32.10.3-2021.10.win32_1.0.0.202111181127/tools/bin/../lib/gcc/arm-none-eabi/10.3.1/thumb/v7e-m+fp/hard\libgcc.a(_dvmd_tls.o)
                0x00000000080004e8                __aeabi_idiv0
                0x00000000080004e8                __aeabi_ldiv0
 *(.text*)
 .text.main     0x00000000080004ec       0x3e ./Core/Src/main.o
                0x00000000080004ec                main
 *fill*         0x000000000800052a        0x2 
 .text._Z18SystemClock_Configv
                0x000000000800052c       0xe4 ./Core/Src/main.o
                0x000000000800052c                SystemClock_Config()
 .text._Z24PeriphCommonClock_Configv
                0x0000000008000610       0x4a ./Core/Src/main.o
                0x0000000008000610                PeriphCommonClock_Config()
 *fill*         0x000000000800065a        0x2 
 .text._ZL12MX_I2C1_Initv
                0x000000000800065c       0x68 ./Core/Src/main.o
 .text._ZL12MX_I2S2_Initv
                0x00000000080006c4       0x68 ./Core/Src/main.o
 .text._ZL12MX_I2S3_Initv
                0x000000000800072c       0x68 ./Core/Src/main.o
 .text._ZL12MX_SPI1_Initv
                0x0000000008000794       0x78 ./Core/Src/main.o
 .text._ZL19MX_USART1_UART_Initv
                0x000000000800080c       0x5c ./Core/Src/main.o
 .text._ZL11MX_DMA_Initv
                0x0000000008000868       0x50 ./Core/Src/main.o
 .text._ZL12MX_GPIO_Initv
                0x00000000080008b8      0x1b4 ./Core/Src/main.o
 .text.Error_Handler
                0x0000000008000a6c        0xa ./Core/Src/main.o
                0x0000000008000a6c                Error_Handler
 .text._ZN3ros4TimeC2Ev
                0x0000000008000a76       0x22 ./Core/Src/mainpp.o
                0x0000000008000a76                ros::Time::Time()
                0x0000000008000a76                ros::Time::Time()
 .text._ZN3ros3MsgC2Ev
                0x0000000008000a98       0x20 ./Core/Src/mainpp.o
                0x0000000008000a98                ros::Msg::Msg()
                0x0000000008000a98                ros::Msg::Msg()
 .text._ZN8std_msgs4TimeC2Ev
                0x0000000008000ab8       0x30 ./Core/Src/mainpp.o
                0x0000000008000ab8                std_msgs::Time::Time()
                0x0000000008000ab8                std_msgs::Time::Time()
 .text._ZNK8std_msgs4Time9serializeEPh
                0x0000000008000ae8       0xb0 ./Core/Src/mainpp.o
                0x0000000008000ae8                std_msgs::Time::serialize(unsigned char*) const
 .text._ZN8std_msgs4Time11deserializeEPh
                0x0000000008000b98       0xc8 ./Core/Src/mainpp.o
                0x0000000008000b98                std_msgs::Time::deserialize(unsigned char*)
 .text._ZN8std_msgs4Time7getTypeEv
                0x0000000008000c60       0x1c ./Core/Src/mainpp.o
                0x0000000008000c60                std_msgs::Time::getType()
 .text._ZN8std_msgs4Time6getMD5Ev
                0x0000000008000c7c       0x1c ./Core/Src/mainpp.o
                0x0000000008000c7c                std_msgs::Time::getMD5()
 .text._ZN14rosserial_msgs9TopicInfoC2Ev
                0x0000000008000c98       0x48 ./Core/Src/mainpp.o
                0x0000000008000c98                rosserial_msgs::TopicInfo::TopicInfo()
                0x0000000008000c98                rosserial_msgs::TopicInfo::TopicInfo()
 .text._ZNK14rosserial_msgs9TopicInfo9serializeEPh
                0x0000000008000ce0      0x136 ./Core/Src/mainpp.o
                0x0000000008000ce0                rosserial_msgs::TopicInfo::serialize(unsigned char*) const
 .text._ZN14rosserial_msgs9TopicInfo11deserializeEPh
                0x0000000008000e16      0x1d0 ./Core/Src/mainpp.o
                0x0000000008000e16                rosserial_msgs::TopicInfo::deserialize(unsigned char*)
 *fill*         0x0000000008000fe6        0x2 
 .text._ZN14rosserial_msgs9TopicInfo7getTypeEv
                0x0000000008000fe8       0x1c ./Core/Src/mainpp.o
                0x0000000008000fe8                rosserial_msgs::TopicInfo::getType()
 .text._ZN14rosserial_msgs9TopicInfo6getMD5Ev
                0x0000000008001004       0x1c ./Core/Src/mainpp.o
                0x0000000008001004                rosserial_msgs::TopicInfo::getMD5()
 .text._ZN14rosserial_msgs3LogC2Ev
                0x0000000008001020       0x34 ./Core/Src/mainpp.o
                0x0000000008001020                rosserial_msgs::Log::Log()
                0x0000000008001020                rosserial_msgs::Log::Log()
 .text._ZNK14rosserial_msgs3Log9serializeEPh
                0x0000000008001054       0x64 ./Core/Src/mainpp.o
                0x0000000008001054                rosserial_msgs::Log::serialize(unsigned char*) const
 .text._ZN14rosserial_msgs3Log11deserializeEPh
                0x00000000080010b8       0x90 ./Core/Src/mainpp.o
                0x00000000080010b8                rosserial_msgs::Log::deserialize(unsigned char*)
 .text._ZN14rosserial_msgs3Log7getTypeEv
                0x0000000008001148       0x1c ./Core/Src/mainpp.o
                0x0000000008001148                rosserial_msgs::Log::getType()
 .text._ZN14rosserial_msgs3Log6getMD5Ev
                0x0000000008001164       0x1c ./Core/Src/mainpp.o
                0x0000000008001164                rosserial_msgs::Log::getMD5()
 .text._ZN14rosserial_msgs20RequestParamResponseC2Ev
                0x0000000008001180       0x5c ./Core/Src/mainpp.o
                0x0000000008001180                rosserial_msgs::RequestParamResponse::RequestParamResponse()
                0x0000000008001180                rosserial_msgs::RequestParamResponse::RequestParamResponse()
 .text._ZNK14rosserial_msgs20RequestParamResponse9serializeEPh
                0x00000000080011dc      0x222 ./Core/Src/mainpp.o
                0x00000000080011dc                rosserial_msgs::RequestParamResponse::serialize(unsigned char*) const
 .text._ZN14rosserial_msgs20RequestParamResponse11deserializeEPh
                0x00000000080013fe      0x2e2 ./Core/Src/mainpp.o
                0x00000000080013fe                rosserial_msgs::RequestParamResponse::deserialize(unsigned char*)
 .text._ZN14rosserial_msgs20RequestParamResponse7getTypeEv
                0x00000000080016e0       0x1c ./Core/Src/mainpp.o
                0x00000000080016e0                rosserial_msgs::RequestParamResponse::getType()
 .text._ZN14rosserial_msgs20RequestParamResponse6getMD5Ev
                0x00000000080016fc       0x1c ./Core/Src/mainpp.o
                0x00000000080016fc                rosserial_msgs::RequestParamResponse::getMD5()
 .text._ZN3ros9PublisherC2EPKcPNS_3MsgEi
                0x0000000008001718       0x2e ./Core/Src/mainpp.o
                0x0000000008001718                ros::Publisher::Publisher(char const*, ros::Msg*, int)
                0x0000000008001718                ros::Publisher::Publisher(char const*, ros::Msg*, int)
 .text._ZN3ros9Publisher7publishEPKNS_3MsgE
                0x0000000008001746       0x28 ./Core/Src/mainpp.o
                0x0000000008001746                ros::Publisher::publish(ros::Msg const*)
 .text._ZN3ros9Publisher15getEndpointTypeEv
                0x000000000800176e       0x18 ./Core/Src/mainpp.o
                0x000000000800176e                ros::Publisher::getEndpointType()
 .text._ZN13STM32Hardware10getRdmaIndEv
                0x0000000008001786       0x26 ./Core/Src/mainpp.o
                0x0000000008001786                STM32Hardware::getRdmaInd()
 .text._ZN13STM32HardwareC2Ev
                0x00000000080017ac       0x38 ./Core/Src/mainpp.o
                0x00000000080017ac                STM32Hardware::STM32Hardware()
                0x00000000080017ac                STM32Hardware::STM32Hardware()
 .text._ZN13STM32Hardware4initEv
                0x00000000080017e4       0x16 ./Core/Src/mainpp.o
                0x00000000080017e4                STM32Hardware::init()
 .text._ZN13STM32Hardware10reset_rbufEv
                0x00000000080017fa       0x22 ./Core/Src/mainpp.o
                0x00000000080017fa                STM32Hardware::reset_rbuf()
 .text._ZN13STM32Hardware4readEv
                0x000000000800181c       0x5a ./Core/Src/mainpp.o
                0x000000000800181c                STM32Hardware::read()
 *fill*         0x0000000008001876        0x2 
 .text._ZN13STM32Hardware5flushEv
                0x0000000008001878       0xbc ./Core/Src/mainpp.o
                0x0000000008001878                STM32Hardware::flush()
 .text._ZN13STM32Hardware5writeEPhi
                0x0000000008001934       0x9c ./Core/Src/mainpp.o
                0x0000000008001934                STM32Hardware::write(unsigned char*, int)
 .text._ZN13STM32Hardware4timeEv
                0x00000000080019d0       0x16 ./Core/Src/mainpp.o
                0x00000000080019d0                STM32Hardware::time()
 *fill*         0x00000000080019e6        0x2 
 .text._ZN8std_msgs6StringC2Ev
                0x00000000080019e8       0x30 ./Core/Src/mainpp.o
                0x00000000080019e8                std_msgs::String::String()
                0x00000000080019e8                std_msgs::String::String()
 .text._ZNK8std_msgs6String9serializeEPh
                0x0000000008001a18       0x52 ./Core/Src/mainpp.o
                0x0000000008001a18                std_msgs::String::serialize(unsigned char*) const
 .text._ZN8std_msgs6String11deserializeEPh
                0x0000000008001a6a       0x7e ./Core/Src/mainpp.o
                0x0000000008001a6a                std_msgs::String::deserialize(unsigned char*)
 .text._ZN8std_msgs6String7getTypeEv
                0x0000000008001ae8       0x1c ./Core/Src/mainpp.o
                0x0000000008001ae8                std_msgs::String::getType()
 .text._ZN8std_msgs6String6getMD5Ev
                0x0000000008001b04       0x1c ./Core/Src/mainpp.o
                0x0000000008001b04                std_msgs::String::getMD5()
 .text._ZN3ros15NodeHandleBase_C2Ev
                0x0000000008001b20       0x20 ./Core/Src/mainpp.o
                0x0000000008001b20                ros::NodeHandleBase_::NodeHandleBase_()
                0x0000000008001b20                ros::NodeHandleBase_::NodeHandleBase_()
 .text._ZN3ros11NodeHandle_I13STM32HardwareLi25ELi25ELi1024ELi1024EEC2Ev
                0x0000000008001b40      0x12c ./Core/Src/mainpp.o
                0x0000000008001b40                ros::NodeHandle_<STM32Hardware, 25, 25, 1024, 1024>::NodeHandle_()
                0x0000000008001b40                ros::NodeHandle_<STM32Hardware, 25, 25, 1024, 1024>::NodeHandle_()
 .text.HAL_UART_TxCpltCallback
                0x0000000008001c6c       0x24 ./Core/Src/mainpp.o
                0x0000000008001c6c                HAL_UART_TxCpltCallback
 .text.HAL_UART_RxCpltCallback
                0x0000000008001c90       0x24 ./Core/Src/mainpp.o
                0x0000000008001c90                HAL_UART_RxCpltCallback
 .text.setup    0x0000000008001cb4       0x20 ./Core/Src/mainpp.o
                0x0000000008001cb4                setup
 .text.loop     0x0000000008001cd4       0x40 ./Core/Src/mainpp.o
                0x0000000008001cd4                loop
 .text._ZN3ros3Msg8varToArrIPhmEEvT_T0_
                0x0000000008001d14       0x3c ./Core/Src/mainpp.o
                0x0000000008001d14                void ros::Msg::varToArr<unsigned char*, unsigned long>(unsigned char*, unsigned long)
 .text._ZN3ros3Msg8arrToVarImPhEEvRT_T0_
                0x0000000008001d50       0x4a ./Core/Src/mainpp.o
                0x0000000008001d50                void ros::Msg::arrToVar<unsigned long, unsigned char*>(unsigned long&, unsigned char*)
 .text._ZN3ros11NodeHandle_I13STM32HardwareLi25ELi25ELi1024ELi1024EE11getHardwareEv
                0x0000000008001d9a       0x18 ./Core/Src/mainpp.o
                0x0000000008001d9a                ros::NodeHandle_<STM32Hardware, 25, 25, 1024, 1024>::getHardware()
 .text._ZN3ros11NodeHandle_I13STM32HardwareLi25ELi25ELi1024ELi1024EE8initNodeEv
                0x0000000008001db2       0x52 ./Core/Src/mainpp.o
                0x0000000008001db2                ros::NodeHandle_<STM32Hardware, 25, 25, 1024, 1024>::initNode()
 .text._ZN3ros11NodeHandle_I13STM32HardwareLi25ELi25ELi1024ELi1024EE9advertiseERNS_9PublisherE
                0x0000000008001e04       0x60 ./Core/Src/mainpp.o
                0x0000000008001e04                ros::NodeHandle_<STM32Hardware, 25, 25, 1024, 1024>::advertise(ros::Publisher&)
 .text._ZN3ros11NodeHandle_I13STM32HardwareLi25ELi25ELi1024ELi1024EE8spinOnceEv
                0x0000000008001e64      0x4e2 ./Core/Src/mainpp.o
                0x0000000008001e64                ros::NodeHandle_<STM32Hardware, 25, 25, 1024, 1024>::spinOnce()
 .text._ZN3ros11NodeHandle_I13STM32HardwareLi25ELi25ELi1024ELi1024EE15requestSyncTimeEv
                0x0000000008002346       0x3c ./Core/Src/mainpp.o
                0x0000000008002346                ros::NodeHandle_<STM32Hardware, 25, 25, 1024, 1024>::requestSyncTime()
 .text._ZN3ros11NodeHandle_I13STM32HardwareLi25ELi25ELi1024ELi1024EE15negotiateTopicsEv
                0x0000000008002382      0x1c2 ./Core/Src/mainpp.o
                0x0000000008002382                ros::NodeHandle_<STM32Hardware, 25, 25, 1024, 1024>::negotiateTopics()
 .text._ZN3ros11NodeHandle_I13STM32HardwareLi25ELi25ELi1024ELi1024EE8syncTimeEPh
                0x0000000008002544       0x9c ./Core/Src/mainpp.o
                0x0000000008002544                ros::NodeHandle_<STM32Hardware, 25, 25, 1024, 1024>::syncTime(unsigned char*)
 .text._ZN3ros11NodeHandle_I13STM32HardwareLi25ELi25ELi1024ELi1024EE7publishEiPKNS_3MsgE
                0x00000000080025e0      0x12c ./Core/Src/mainpp.o
                0x00000000080025e0                ros::NodeHandle_<STM32Hardware, 25, 25, 1024, 1024>::publish(int, ros::Msg const*)
 .text._ZN3ros11NodeHandle_I13STM32HardwareLi25ELi25ELi1024ELi1024EE6setNowERKNS_4TimeE
                0x000000000800270c       0x80 ./Core/Src/mainpp.o
                0x000000000800270c                ros::NodeHandle_<STM32Hardware, 25, 25, 1024, 1024>::setNow(ros::Time const&)
 .text._ZN3ros11NodeHandle_I13STM32HardwareLi25ELi25ELi1024ELi1024EE8logerrorEPKc
                0x000000000800278c       0x1c ./Core/Src/mainpp.o
                0x000000000800278c                ros::NodeHandle_<STM32Hardware, 25, 25, 1024, 1024>::logerror(char const*)
 .text._ZN3ros11NodeHandle_I13STM32HardwareLi25ELi25ELi1024ELi1024EE3logEcPKc
                0x00000000080027a8       0x38 ./Core/Src/mainpp.o
                0x00000000080027a8                ros::NodeHandle_<STM32Hardware, 25, 25, 1024, 1024>::log(char, char const*)
 .text._Z41__static_initialization_and_destruction_0ii
                0x00000000080027e0       0x4c ./Core/Src/mainpp.o
 .text._ZN3ros11NodeHandle_I13STM32HardwareLi25ELi25ELi1024ELi1024EE9connectedEv
                0x000000000800282c       0x1e ./Core/Src/mainpp.o
                0x000000000800282c                ros::NodeHandle_<STM32Hardware, 25, 25, 1024, 1024>::connected()
 .text._GLOBAL__sub_I_nh
                0x000000000800284a       0x10 ./Core/Src/mainpp.o
 *fill*         0x000000000800285a        0x2 
 .text.HAL_MspInit
                0x000000000800285c       0x50 ./Core/Src/stm32f4xx_hal_msp.o
                0x000000000800285c                HAL_MspInit
 .text.HAL_I2C_MspInit
                0x00000000080028ac       0x90 ./Core/Src/stm32f4xx_hal_msp.o
                0x00000000080028ac                HAL_I2C_MspInit
 .text.HAL_I2S_MspInit
                0x000000000800293c      0x19c ./Core/Src/stm32f4xx_hal_msp.o
                0x000000000800293c                HAL_I2S_MspInit
 .text.HAL_SPI_MspInit
                0x0000000008002ad8       0x90 ./Core/Src/stm32f4xx_hal_msp.o
                0x0000000008002ad8                HAL_SPI_MspInit
 .text.HAL_UART_MspInit
                0x0000000008002b68      0x1b0 ./Core/Src/stm32f4xx_hal_msp.o
                0x0000000008002b68                HAL_UART_MspInit
 .text.NMI_Handler
                0x0000000008002d18        0x6 ./Core/Src/stm32f4xx_it.o
                0x0000000008002d18                NMI_Handler
 .text.HardFault_Handler
                0x0000000008002d1e        0x6 ./Core/Src/stm32f4xx_it.o
                0x0000000008002d1e                HardFault_Handler
 .text.MemManage_Handler
                0x0000000008002d24        0x6 ./Core/Src/stm32f4xx_it.o
                0x0000000008002d24                MemManage_Handler
 .text.BusFault_Handler
                0x0000000008002d2a        0x6 ./Core/Src/stm32f4xx_it.o
                0x0000000008002d2a                BusFault_Handler
 .text.UsageFault_Handler
                0x0000000008002d30        0x6 ./Core/Src/stm32f4xx_it.o
                0x0000000008002d30                UsageFault_Handler
 .text.SVC_Handler
                0x0000000008002d36        0xe ./Core/Src/stm32f4xx_it.o
                0x0000000008002d36                SVC_Handler
 .text.DebugMon_Handler
                0x0000000008002d44        0xe ./Core/Src/stm32f4xx_it.o
                0x0000000008002d44                DebugMon_Handler
 .text.PendSV_Handler
                0x0000000008002d52        0xe ./Core/Src/stm32f4xx_it.o
                0x0000000008002d52                PendSV_Handler
 .text.SysTick_Handler
                0x0000000008002d60        0xc ./Core/Src/stm32f4xx_it.o
                0x0000000008002d60                SysTick_Handler
 .text.USART1_IRQHandler
                0x0000000008002d6c       0x14 ./Core/Src/stm32f4xx_it.o
                0x0000000008002d6c                USART1_IRQHandler
 .text.DMA2_Stream2_IRQHandler
                0x0000000008002d80       0x14 ./Core/Src/stm32f4xx_it.o
                0x0000000008002d80                DMA2_Stream2_IRQHandler
 .text.OTG_FS_IRQHandler
                0x0000000008002d94       0x14 ./Core/Src/stm32f4xx_it.o
                0x0000000008002d94                OTG_FS_IRQHandler
 .text.DMA2_Stream7_IRQHandler
                0x0000000008002da8       0x14 ./Core/Src/stm32f4xx_it.o
                0x0000000008002da8                DMA2_Stream7_IRQHandler
 .text._getpid  0x0000000008002dbc       0x10 ./Core/Src/syscalls.o
                0x0000000008002dbc                _getpid
 .text._kill    0x0000000008002dcc       0x20 ./Core/Src/syscalls.o
                0x0000000008002dcc                _kill
 .text._exit    0x0000000008002dec       0x14 ./Core/Src/syscalls.o
                0x0000000008002dec                _exit
 .text._sbrk    0x0000000008002e00       0x6c ./Core/Src/sysmem.o
                0x0000000008002e00                _sbrk
 .text.SystemInit
                0x0000000008002e6c       0x24 ./Core/Src/system_stm32f4xx.o
                0x0000000008002e6c                SystemInit
 .text._ZN3ros16normalizeSecNSecERmS0_
                0x0000000008002e90       0x58 ./Core/Src/time.o
                0x0000000008002e90                ros::normalizeSecNSec(unsigned long&, unsigned long&)
 .text.Reset_Handler
                0x0000000008002ee8       0x50 ./Core/Startup/startup_stm32f411vetx.o
                0x0000000008002ee8                Reset_Handler
 .text.Default_Handler
                0x0000000008002f38        0x2 ./Core/Startup/startup_stm32f411vetx.o
                0x0000000008002f38                RTC_Alarm_IRQHandler
                0x0000000008002f38                EXTI2_IRQHandler
                0x0000000008002f38                SPI4_IRQHandler
                0x0000000008002f38                TIM1_CC_IRQHandler
                0x0000000008002f38                DMA2_Stream5_IRQHandler
                0x0000000008002f38                DMA1_Stream5_IRQHandler
                0x0000000008002f38                PVD_IRQHandler
                0x0000000008002f38                SDIO_IRQHandler
                0x0000000008002f38                TAMP_STAMP_IRQHandler
                0x0000000008002f38                EXTI3_IRQHandler
                0x0000000008002f38                TIM1_UP_TIM10_IRQHandler
                0x0000000008002f38                I2C3_ER_IRQHandler
                0x0000000008002f38                EXTI0_IRQHandler
                0x0000000008002f38                I2C2_EV_IRQHandler
                0x0000000008002f38                DMA1_Stream2_IRQHandler
                0x0000000008002f38                FPU_IRQHandler
                0x0000000008002f38                SPI1_IRQHandler
                0x0000000008002f38                TIM1_BRK_TIM9_IRQHandler
                0x0000000008002f38                DMA2_Stream3_IRQHandler
                0x0000000008002f38                USART6_IRQHandler
                0x0000000008002f38                DMA2_Stream0_IRQHandler
                0x0000000008002f38                TIM4_IRQHandler
                0x0000000008002f38                I2C1_EV_IRQHandler
                0x0000000008002f38                DMA1_Stream6_IRQHandler
                0x0000000008002f38                DMA1_Stream1_IRQHandler
                0x0000000008002f38                TIM3_IRQHandler
                0x0000000008002f38                RCC_IRQHandler
                0x0000000008002f38                Default_Handler
                0x0000000008002f38                EXTI15_10_IRQHandler
                0x0000000008002f38                ADC_IRQHandler
                0x0000000008002f38                DMA1_Stream7_IRQHandler
                0x0000000008002f38                SPI5_IRQHandler
                0x0000000008002f38                TIM5_IRQHandler
                0x0000000008002f38                I2C3_EV_IRQHandler
                0x0000000008002f38                EXTI9_5_IRQHandler
                0x0000000008002f38                RTC_WKUP_IRQHandler
                0x0000000008002f38                SPI2_IRQHandler
                0x0000000008002f38                DMA1_Stream0_IRQHandler
                0x0000000008002f38                EXTI4_IRQHandler
                0x0000000008002f38                WWDG_IRQHandler
                0x0000000008002f38                TIM2_IRQHandler
                0x0000000008002f38                OTG_FS_WKUP_IRQHandler
                0x0000000008002f38                TIM1_TRG_COM_TIM11_IRQHandler
                0x0000000008002f38                EXTI1_IRQHandler
                0x0000000008002f38                USART2_IRQHandler
                0x0000000008002f38                I2C2_ER_IRQHandler
                0x0000000008002f38                DMA2_Stream1_IRQHandler
                0x0000000008002f38                FLASH_IRQHandler
                0x0000000008002f38                DMA2_Stream4_IRQHandler
                0x0000000008002f38                SPI3_IRQHandler
                0x0000000008002f38                DMA1_Stream4_IRQHandler
                0x0000000008002f38                I2C1_ER_IRQHandler
                0x0000000008002f38                DMA2_Stream6_IRQHandler
                0x0000000008002f38                DMA1_Stream3_IRQHandler
 *fill*         0x0000000008002f3a        0x2 
 .text.HAL_Init
                0x0000000008002f3c       0x44 ./Drivers/STM32F4xx_HAL_Driver/Src/stm32f4xx_hal.o
                0x0000000008002f3c                HAL_Init
 .text.HAL_InitTick
                0x0000000008002f80       0x60 ./Drivers/STM32F4xx_HAL_Driver/Src/stm32f4xx_hal.o
                0x0000000008002f80                HAL_InitTick
 .text.HAL_IncTick
                0x0000000008002fe0       0x28 ./Drivers/STM32F4xx_HAL_Driver/Src/stm32f4xx_hal.o
                0x0000000008002fe0                HAL_IncTick
 .text.HAL_GetTick
                0x0000000008003008       0x18 ./Drivers/STM32F4xx_HAL_Driver/Src/stm32f4xx_hal.o
                0x0000000008003008                HAL_GetTick
 .text.HAL_Delay
                0x0000000008003020       0x48 ./Drivers/STM32F4xx_HAL_Driver/Src/stm32f4xx_hal.o
                0x0000000008003020                HAL_Delay
 .text.__NVIC_SetPriorityGrouping
                0x0000000008003068       0x48 ./Drivers/STM32F4xx_HAL_Driver/Src/stm32f4xx_hal_cortex.o
 .text.__NVIC_GetPriorityGrouping
                0x00000000080030b0       0x1c ./Drivers/STM32F4xx_HAL_Driver/Src/stm32f4xx_hal_cortex.o
 .text.__NVIC_EnableIRQ
                0x00000000080030cc       0x3c ./Drivers/STM32F4xx_HAL_Driver/Src/stm32f4xx_hal_cortex.o
 .text.__NVIC_SetPriority
                0x0000000008003108       0x54 ./Drivers/STM32F4xx_HAL_Driver/Src/stm32f4xx_hal_cortex.o
 .text.NVIC_EncodePriority
                0x000000000800315c       0x66 ./Drivers/STM32F4xx_HAL_Driver/Src/stm32f4xx_hal_cortex.o
 *fill*         0x00000000080031c2        0x2 
 .text.SysTick_Config
                0x00000000080031c4       0x44 ./Drivers/STM32F4xx_HAL_Driver/Src/stm32f4xx_hal_cortex.o
 .text.HAL_NVIC_SetPriorityGrouping
                0x0000000008003208       0x16 ./Drivers/STM32F4xx_HAL_Driver/Src/stm32f4xx_hal_cortex.o
                0x0000000008003208                HAL_NVIC_SetPriorityGrouping
 .text.HAL_NVIC_SetPriority
                0x000000000800321e       0x38 ./Drivers/STM32F4xx_HAL_Driver/Src/stm32f4xx_hal_cortex.o
                0x000000000800321e                HAL_NVIC_SetPriority
 .text.HAL_NVIC_EnableIRQ
                0x0000000008003256       0x1c ./Drivers/STM32F4xx_HAL_Driver/Src/stm32f4xx_hal_cortex.o
                0x0000000008003256                HAL_NVIC_EnableIRQ
 .text.HAL_SYSTICK_Config
                0x0000000008003272       0x18 ./Drivers/STM32F4xx_HAL_Driver/Src/stm32f4xx_hal_cortex.o
                0x0000000008003272                HAL_SYSTICK_Config
 *fill*         0x000000000800328a        0x2 
 .text.HAL_DMA_Init
                0x000000000800328c      0x15c ./Drivers/STM32F4xx_HAL_Driver/Src/stm32f4xx_hal_dma.o
                0x000000000800328c                HAL_DMA_Init
 .text.HAL_DMA_Start_IT
                0x00000000080033e8       0xb0 ./Drivers/STM32F4xx_HAL_Driver/Src/stm32f4xx_hal_dma.o
                0x00000000080033e8                HAL_DMA_Start_IT
 .text.HAL_DMA_Abort
                0x0000000008003498       0xe0 ./Drivers/STM32F4xx_HAL_Driver/Src/stm32f4xx_hal_dma.o
                0x0000000008003498                HAL_DMA_Abort
 .text.HAL_DMA_Abort_IT
                0x0000000008003578       0x44 ./Drivers/STM32F4xx_HAL_Driver/Src/stm32f4xx_hal_dma.o
                0x0000000008003578                HAL_DMA_Abort_IT
 .text.HAL_DMA_IRQHandler
                0x00000000080035bc      0x314 ./Drivers/STM32F4xx_HAL_Driver/Src/stm32f4xx_hal_dma.o
                0x00000000080035bc                HAL_DMA_IRQHandler
 .text.DMA_SetConfig
                0x00000000080038d0       0x5c ./Drivers/STM32F4xx_HAL_Driver/Src/stm32f4xx_hal_dma.o
 .text.DMA_CalcBaseAndBitshift
                0x000000000800392c       0x6c ./Drivers/STM32F4xx_HAL_Driver/Src/stm32f4xx_hal_dma.o
 .text.DMA_CheckFifoParam
                0x0000000008003998       0xf8 ./Drivers/STM32F4xx_HAL_Driver/Src/stm32f4xx_hal_dma.o
 .text.HAL_GPIO_Init
                0x0000000008003a90      0x308 ./Drivers/STM32F4xx_HAL_Driver/Src/stm32f4xx_hal_gpio.o
                0x0000000008003a90                HAL_GPIO_Init
 .text.HAL_GPIO_WritePin
                0x0000000008003d98       0x32 ./Drivers/STM32F4xx_HAL_Driver/Src/stm32f4xx_hal_gpio.o
                0x0000000008003d98                HAL_GPIO_WritePin
 .text.HAL_GPIO_TogglePin
                0x0000000008003dca       0x34 ./Drivers/STM32F4xx_HAL_Driver/Src/stm32f4xx_hal_gpio.o
                0x0000000008003dca                HAL_GPIO_TogglePin
 .text.HAL_HCD_Init
                0x0000000008003dfe       0xc4 ./Drivers/STM32F4xx_HAL_Driver/Src/stm32f4xx_hal_hcd.o
                0x0000000008003dfe                HAL_HCD_Init
 .text.HAL_HCD_HC_Init
                0x0000000008003ec2      0x11e ./Drivers/STM32F4xx_HAL_Driver/Src/stm32f4xx_hal_hcd.o
                0x0000000008003ec2                HAL_HCD_HC_Init
 .text.HAL_HCD_HC_Halt
                0x0000000008003fe0       0x46 ./Drivers/STM32F4xx_HAL_Driver/Src/stm32f4xx_hal_hcd.o
                0x0000000008003fe0                HAL_HCD_HC_Halt
 *fill*         0x0000000008004026        0x2 
 .text.HAL_HCD_HC_SubmitRequest
                0x0000000008004028      0x2ac ./Drivers/STM32F4xx_HAL_Driver/Src/stm32f4xx_hal_hcd.o
                0x0000000008004028                HAL_HCD_HC_SubmitRequest
 .text.HAL_HCD_IRQHandler
                0x00000000080042d4      0x216 ./Drivers/STM32F4xx_HAL_Driver/Src/stm32f4xx_hal_hcd.o
                0x00000000080042d4                HAL_HCD_IRQHandler
 .text.HAL_HCD_Start
                0x00000000080044ea       0x46 ./Drivers/STM32F4xx_HAL_Driver/Src/stm32f4xx_hal_hcd.o
                0x00000000080044ea                HAL_HCD_Start
 .text.HAL_HCD_Stop
                0x0000000008004530       0x3a ./Drivers/STM32F4xx_HAL_Driver/Src/stm32f4xx_hal_hcd.o
                0x0000000008004530                HAL_HCD_Stop
 .text.HAL_HCD_ResetPort
                0x000000000800456a       0x1c ./Drivers/STM32F4xx_HAL_Driver/Src/stm32f4xx_hal_hcd.o
                0x000000000800456a                HAL_HCD_ResetPort
 .text.HAL_HCD_HC_GetURBState
                0x0000000008004586       0x28 ./Drivers/STM32F4xx_HAL_Driver/Src/stm32f4xx_hal_hcd.o
                0x0000000008004586                HAL_HCD_HC_GetURBState
 .text.HAL_HCD_HC_GetXferCount
                0x00000000080045ae       0x28 ./Drivers/STM32F4xx_HAL_Driver/Src/stm32f4xx_hal_hcd.o
                0x00000000080045ae                HAL_HCD_HC_GetXferCount
 .text.HAL_HCD_GetCurrentFrame
                0x00000000080045d6       0x1c ./Drivers/STM32F4xx_HAL_Driver/Src/stm32f4xx_hal_hcd.o
                0x00000000080045d6                HAL_HCD_GetCurrentFrame
 .text.HAL_HCD_GetCurrentSpeed
                0x00000000080045f2       0x1c ./Drivers/STM32F4xx_HAL_Driver/Src/stm32f4xx_hal_hcd.o
                0x00000000080045f2                HAL_HCD_GetCurrentSpeed
 .text.HCD_HC_IN_IRQHandler
                0x000000000800460e      0x6aa ./Drivers/STM32F4xx_HAL_Driver/Src/stm32f4xx_hal_hcd.o
 .text.HCD_HC_OUT_IRQHandler
                0x0000000008004cb8      0x6d2 ./Drivers/STM32F4xx_HAL_Driver/Src/stm32f4xx_hal_hcd.o
 .text.HCD_RXQLVL_IRQHandler
                0x000000000800538a      0x1a4 ./Drivers/STM32F4xx_HAL_Driver/Src/stm32f4xx_hal_hcd.o
 .text.HCD_Port_IRQHandler
                0x000000000800552e       0xe6 ./Drivers/STM32F4xx_HAL_Driver/Src/stm32f4xx_hal_hcd.o
 .text.HAL_I2C_Init
                0x0000000008005614      0x288 ./Drivers/STM32F4xx_HAL_Driver/Src/stm32f4xx_hal_i2c.o
                0x0000000008005614                HAL_I2C_Init
 .text.HAL_I2S_Init
                0x000000000800589c      0x280 ./Drivers/STM32F4xx_HAL_Driver/Src/stm32f4xx_hal_i2s.o
                0x000000000800589c                HAL_I2S_Init
 .text.HAL_I2S_TxCpltCallback
                0x0000000008005b1c       0x14 ./Drivers/STM32F4xx_HAL_Driver/Src/stm32f4xx_hal_i2s.o
                0x0000000008005b1c                HAL_I2S_TxCpltCallback
 .text.HAL_I2S_RxCpltCallback
                0x0000000008005b30       0x14 ./Drivers/STM32F4xx_HAL_Driver/Src/stm32f4xx_hal_i2s.o
                0x0000000008005b30                HAL_I2S_RxCpltCallback
 .text.HAL_I2S_ErrorCallback
                0x0000000008005b44       0x14 ./Drivers/STM32F4xx_HAL_Driver/Src/stm32f4xx_hal_i2s.o
                0x0000000008005b44                HAL_I2S_ErrorCallback
 .text.I2S_Transmit_IT
                0x0000000008005b58       0x5c ./Drivers/STM32F4xx_HAL_Driver/Src/stm32f4xx_hal_i2s.o
 .text.I2S_Receive_IT
                0x0000000008005bb4       0x5e ./Drivers/STM32F4xx_HAL_Driver/Src/stm32f4xx_hal_i2s.o
 .text.I2S_IRQHandler
                0x0000000008005c12      0x114 ./Drivers/STM32F4xx_HAL_Driver/Src/stm32f4xx_hal_i2s.o
 *fill*         0x0000000008005d26        0x2 
 .text.HAL_I2SEx_FullDuplex_IRQHandler
                0x0000000008005d28      0x2a8 ./Drivers/STM32F4xx_HAL_Driver/Src/stm32f4xx_hal_i2s_ex.o
                0x0000000008005d28                HAL_I2SEx_FullDuplex_IRQHandler
 .text.HAL_I2SEx_TxRxCpltCallback
                0x0000000008005fd0       0x14 ./Drivers/STM32F4xx_HAL_Driver/Src/stm32f4xx_hal_i2s_ex.o
                0x0000000008005fd0                HAL_I2SEx_TxRxCpltCallback
 .text.I2SEx_TxISR_I2S
                0x0000000008005fe4       0x62 ./Drivers/STM32F4xx_HAL_Driver/Src/stm32f4xx_hal_i2s_ex.o
 *fill*         0x0000000008006046        0x2 
 .text.I2SEx_TxISR_I2SExt
                0x0000000008006048       0x98 ./Drivers/STM32F4xx_HAL_Driver/Src/stm32f4xx_hal_i2s_ex.o
 .text.I2SEx_RxISR_I2S
                0x00000000080060e0       0x64 ./Drivers/STM32F4xx_HAL_Driver/Src/stm32f4xx_hal_i2s_ex.o
 .text.I2SEx_RxISR_I2SExt
                0x0000000008006144       0x98 ./Drivers/STM32F4xx_HAL_Driver/Src/stm32f4xx_hal_i2s_ex.o
 .text.HAL_RCC_OscConfig
                0x00000000080061dc      0x4f0 ./Drivers/STM32F4xx_HAL_Driver/Src/stm32f4xx_hal_rcc.o
                0x00000000080061dc                HAL_RCC_OscConfig
 .text.HAL_RCC_ClockConfig
                0x00000000080066cc      0x1cc ./Drivers/STM32F4xx_HAL_Driver/Src/stm32f4xx_hal_rcc.o
                0x00000000080066cc                HAL_RCC_ClockConfig
 .text.HAL_RCC_GetSysClockFreq
                0x0000000008006898      0x20c ./Drivers/STM32F4xx_HAL_Driver/Src/stm32f4xx_hal_rcc.o
                0x0000000008006898                HAL_RCC_GetSysClockFreq
 .text.HAL_RCC_GetHCLKFreq
                0x0000000008006aa4       0x18 ./Drivers/STM32F4xx_HAL_Driver/Src/stm32f4xx_hal_rcc.o
                0x0000000008006aa4                HAL_RCC_GetHCLKFreq
 .text.HAL_RCC_GetPCLK1Freq
                0x0000000008006abc       0x28 ./Drivers/STM32F4xx_HAL_Driver/Src/stm32f4xx_hal_rcc.o
                0x0000000008006abc                HAL_RCC_GetPCLK1Freq
 .text.HAL_RCC_GetPCLK2Freq
                0x0000000008006ae4       0x28 ./Drivers/STM32F4xx_HAL_Driver/Src/stm32f4xx_hal_rcc.o
                0x0000000008006ae4                HAL_RCC_GetPCLK2Freq
 .text.HAL_RCCEx_PeriphCLKConfig
                0x0000000008006b0c      0x1e0 ./Drivers/STM32F4xx_HAL_Driver/Src/stm32f4xx_hal_rcc_ex.o
                0x0000000008006b0c                HAL_RCCEx_PeriphCLKConfig
 .text.HAL_RCCEx_GetPeriphCLKFreq
                0x0000000008006cec       0xc0 ./Drivers/STM32F4xx_HAL_Driver/Src/stm32f4xx_hal_rcc_ex.o
                0x0000000008006cec                HAL_RCCEx_GetPeriphCLKFreq
 .text.HAL_SPI_Init
                0x0000000008006dac      0x112 ./Drivers/STM32F4xx_HAL_Driver/Src/stm32f4xx_hal_spi.o
                0x0000000008006dac                HAL_SPI_Init
 .text.HAL_UART_Init
                0x0000000008006ebe       0x9a ./Drivers/STM32F4xx_HAL_Driver/Src/stm32f4xx_hal_uart.o
                0x0000000008006ebe                HAL_UART_Init
 .text.HAL_UART_Transmit_DMA
                0x0000000008006f58       0xfc ./Drivers/STM32F4xx_HAL_Driver/Src/stm32f4xx_hal_uart.o
                0x0000000008006f58                HAL_UART_Transmit_DMA
 .text.HAL_UART_Receive_DMA
                0x0000000008007054       0x60 ./Drivers/STM32F4xx_HAL_Driver/Src/stm32f4xx_hal_uart.o
                0x0000000008007054                HAL_UART_Receive_DMA
 .text.HAL_UART_IRQHandler
                0x00000000080070b4      0x51c ./Drivers/STM32F4xx_HAL_Driver/Src/stm32f4xx_hal_uart.o
                0x00000000080070b4                HAL_UART_IRQHandler
 .text.HAL_UART_TxHalfCpltCallback
                0x00000000080075d0       0x14 ./Drivers/STM32F4xx_HAL_Driver/Src/stm32f4xx_hal_uart.o
                0x00000000080075d0                HAL_UART_TxHalfCpltCallback
 .text.HAL_UART_RxHalfCpltCallback
                0x00000000080075e4       0x14 ./Drivers/STM32F4xx_HAL_Driver/Src/stm32f4xx_hal_uart.o
                0x00000000080075e4                HAL_UART_RxHalfCpltCallback
 .text.HAL_UART_ErrorCallback
                0x00000000080075f8       0x14 ./Drivers/STM32F4xx_HAL_Driver/Src/stm32f4xx_hal_uart.o
                0x00000000080075f8                HAL_UART_ErrorCallback
 .text.HAL_UARTEx_RxEventCallback
                0x000000000800760c       0x18 ./Drivers/STM32F4xx_HAL_Driver/Src/stm32f4xx_hal_uart.o
                0x000000000800760c                HAL_UARTEx_RxEventCallback
 .text.UART_DMATransmitCplt
                0x0000000008007624       0x9a ./Drivers/STM32F4xx_HAL_Driver/Src/stm32f4xx_hal_uart.o
 .text.UART_DMATxHalfCplt
                0x00000000080076be       0x1c ./Drivers/STM32F4xx_HAL_Driver/Src/stm32f4xx_hal_uart.o
 .text.UART_DMAReceiveCplt
                0x00000000080076da      0x126 ./Drivers/STM32F4xx_HAL_Driver/Src/stm32f4xx_hal_uart.o
 .text.UART_DMARxHalfCplt
                0x0000000008007800       0x36 ./Drivers/STM32F4xx_HAL_Driver/Src/stm32f4xx_hal_uart.o
 .text.UART_DMAError
                0x0000000008007836       0x94 ./Drivers/STM32F4xx_HAL_Driver/Src/stm32f4xx_hal_uart.o
 *fill*         0x00000000080078ca        0x2 
 .text.UART_Start_Receive_DMA
                0x00000000080078cc      0x13c ./Drivers/STM32F4xx_HAL_Driver/Src/stm32f4xx_hal_uart.o
                0x00000000080078cc                UART_Start_Receive_DMA
 .text.UART_EndTxTransfer
                0x0000000008007a08       0x50 ./Drivers/STM32F4xx_HAL_Driver/Src/stm32f4xx_hal_uart.o
 .text.UART_EndRxTransfer
                0x0000000008007a58       0xc6 ./Drivers/STM32F4xx_HAL_Driver/Src/stm32f4xx_hal_uart.o
 .text.UART_DMAAbortOnError
                0x0000000008007b1e       0x28 ./Drivers/STM32F4xx_HAL_Driver/Src/stm32f4xx_hal_uart.o
 .text.UART_Transmit_IT
                0x0000000008007b46       0xa0 ./Drivers/STM32F4xx_HAL_Driver/Src/stm32f4xx_hal_uart.o
 .text.UART_EndTransmit_IT
                0x0000000008007be6       0x30 ./Drivers/STM32F4xx_HAL_Driver/Src/stm32f4xx_hal_uart.o
 .text.UART_Receive_IT
                0x0000000008007c16      0x176 ./Drivers/STM32F4xx_HAL_Driver/Src/stm32f4xx_hal_uart.o
 .text.UART_SetConfig
                0x0000000008007d8c      0x4e8 ./Drivers/STM32F4xx_HAL_Driver/Src/stm32f4xx_hal_uart.o
 .text.USB_CoreInit
                0x0000000008008274       0xc2 ./Drivers/STM32F4xx_HAL_Driver/Src/stm32f4xx_ll_usb.o
                0x0000000008008274                USB_CoreInit
 .text.USB_EnableGlobalInt
                0x0000000008008336       0x22 ./Drivers/STM32F4xx_HAL_Driver/Src/stm32f4xx_ll_usb.o
                0x0000000008008336                USB_EnableGlobalInt
 .text.USB_DisableGlobalInt
                0x0000000008008358       0x22 ./Drivers/STM32F4xx_HAL_Driver/Src/stm32f4xx_ll_usb.o
                0x0000000008008358                USB_DisableGlobalInt
 .text.USB_SetCurrentMode
                0x000000000800837a       0x98 ./Drivers/STM32F4xx_HAL_Driver/Src/stm32f4xx_ll_usb.o
                0x000000000800837a                USB_SetCurrentMode
 *fill*         0x0000000008008412        0x2 
 .text.USB_FlushTxFifo
                0x0000000008008414       0x68 ./Drivers/STM32F4xx_HAL_Driver/Src/stm32f4xx_ll_usb.o
                0x0000000008008414                USB_FlushTxFifo
 .text.USB_FlushRxFifo
                0x000000000800847c       0x60 ./Drivers/STM32F4xx_HAL_Driver/Src/stm32f4xx_ll_usb.o
                0x000000000800847c                USB_FlushRxFifo
 .text.USB_WritePacket
                0x00000000080084dc       0x7c ./Drivers/STM32F4xx_HAL_Driver/Src/stm32f4xx_ll_usb.o
                0x00000000080084dc                USB_WritePacket
 .text.USB_ReadPacket
                0x0000000008008558       0xb0 ./Drivers/STM32F4xx_HAL_Driver/Src/stm32f4xx_ll_usb.o
                0x0000000008008558                USB_ReadPacket
 .text.USB_ReadInterrupts
                0x0000000008008608       0x26 ./Drivers/STM32F4xx_HAL_Driver/Src/stm32f4xx_ll_usb.o
                0x0000000008008608                USB_ReadInterrupts
 .text.USB_GetMode
                0x000000000800862e       0x1c ./Drivers/STM32F4xx_HAL_Driver/Src/stm32f4xx_ll_usb.o
                0x000000000800862e                USB_GetMode
 *fill*         0x000000000800864a        0x2 
 .text.USB_CoreReset
                0x000000000800864c       0x68 ./Drivers/STM32F4xx_HAL_Driver/Src/stm32f4xx_ll_usb.o
 .text.USB_HostInit
                0x00000000080086b4      0x180 ./Drivers/STM32F4xx_HAL_Driver/Src/stm32f4xx_ll_usb.o
                0x00000000080086b4                USB_HostInit
 .text.USB_InitFSLSPClkSel
                0x0000000008008834       0x74 ./Drivers/STM32F4xx_HAL_Driver/Src/stm32f4xx_ll_usb.o
                0x0000000008008834                USB_InitFSLSPClkSel
 .text.USB_ResetPort
                0x00000000080088a8       0x54 ./Drivers/STM32F4xx_HAL_Driver/Src/stm32f4xx_ll_usb.o
                0x00000000080088a8                USB_ResetPort
 .text.USB_DriveVbus
                0x00000000080088fc       0x72 ./Drivers/STM32F4xx_HAL_Driver/Src/stm32f4xx_ll_usb.o
                0x00000000080088fc                USB_DriveVbus
 .text.USB_GetHostSpeed
                0x000000000800896e       0x2e ./Drivers/STM32F4xx_HAL_Driver/Src/stm32f4xx_ll_usb.o
                0x000000000800896e                USB_GetHostSpeed
 .text.USB_GetCurrentFrame
                0x000000000800899c       0x22 ./Drivers/STM32F4xx_HAL_Driver/Src/stm32f4xx_ll_usb.o
                0x000000000800899c                USB_GetCurrentFrame
 *fill*         0x00000000080089be        0x2 
 .text.USB_HC_Init
                0x00000000080089c0      0x244 ./Drivers/STM32F4xx_HAL_Driver/Src/stm32f4xx_ll_usb.o
                0x00000000080089c0                USB_HC_Init
 .text.USB_HC_StartXfer
                0x0000000008008c04      0x284 ./Drivers/STM32F4xx_HAL_Driver/Src/stm32f4xx_ll_usb.o
                0x0000000008008c04                USB_HC_StartXfer
 .text.USB_HC_ReadInterrupt
                0x0000000008008e88       0x22 ./Drivers/STM32F4xx_HAL_Driver/Src/stm32f4xx_ll_usb.o
                0x0000000008008e88                USB_HC_ReadInterrupt
 .text.USB_HC_Halt
                0x0000000008008eaa      0x1f8 ./Drivers/STM32F4xx_HAL_Driver/Src/stm32f4xx_ll_usb.o
                0x0000000008008eaa                USB_HC_Halt
 *fill*         0x00000000080090a2        0x2 
 .text.USB_DoPing
                0x00000000080090a4       0x78 ./Drivers/STM32F4xx_HAL_Driver/Src/stm32f4xx_ll_usb.o
                0x00000000080090a4                USB_DoPing
 .text.USB_StopHost
                0x000000000800911c      0x124 ./Drivers/STM32F4xx_HAL_Driver/Src/stm32f4xx_ll_usb.o
                0x000000000800911c                USB_StopHost
 .text.USBH_CDC_InterfaceInit
                0x0000000008009240      0x2ac ./Middlewares/ST/STM32_USB_Host_Library/Class/CDC/Src/usbh_cdc.o
 .text.USBH_CDC_InterfaceDeInit
                0x00000000080094ec       0xb2 ./Middlewares/ST/STM32_USB_Host_Library/Class/CDC/Src/usbh_cdc.o
 .text.USBH_CDC_ClassRequest
                0x000000000800959e       0x3e ./Middlewares/ST/STM32_USB_Host_Library/Class/CDC/Src/usbh_cdc.o
 .text.USBH_CDC_Process
                0x00000000080095dc      0x12c ./Middlewares/ST/STM32_USB_Host_Library/Class/CDC/Src/usbh_cdc.o
 .text.USBH_CDC_SOFProcess
                0x0000000008009708       0x16 ./Middlewares/ST/STM32_USB_Host_Library/Class/CDC/Src/usbh_cdc.o
 .text.GetLineCoding
                0x000000000800971e       0x3e ./Middlewares/ST/STM32_USB_Host_Library/Class/CDC/Src/usbh_cdc.o
 .text.SetLineCoding
                0x000000000800975c       0x3e ./Middlewares/ST/STM32_USB_Host_Library/Class/CDC/Src/usbh_cdc.o
 .text.CDC_ProcessTransmission
                0x000000000800979a       0xec ./Middlewares/ST/STM32_USB_Host_Library/Class/CDC/Src/usbh_cdc.o
 .text.CDC_ProcessReception
                0x0000000008009886       0xb6 ./Middlewares/ST/STM32_USB_Host_Library/Class/CDC/Src/usbh_cdc.o
 .text.USBH_CDC_TransmitCallback
                0x000000000800993c       0x14 ./Middlewares/ST/STM32_USB_Host_Library/Class/CDC/Src/usbh_cdc.o
                0x000000000800993c                USBH_CDC_TransmitCallback
 .text.USBH_CDC_ReceiveCallback
                0x0000000008009950       0x14 ./Middlewares/ST/STM32_USB_Host_Library/Class/CDC/Src/usbh_cdc.o
                0x0000000008009950                USBH_CDC_ReceiveCallback
 .text.USBH_CDC_LineCodingChanged
                0x0000000008009964       0x14 ./Middlewares/ST/STM32_USB_Host_Library/Class/CDC/Src/usbh_cdc.o
                0x0000000008009964                USBH_CDC_LineCodingChanged
 .text.USBH_Init
                0x0000000008009978       0x74 ./Middlewares/ST/STM32_USB_Host_Library/Core/Src/usbh_core.o
                0x0000000008009978                USBH_Init
 .text.DeInitStateMachine
                0x00000000080099ec       0xa8 ./Middlewares/ST/STM32_USB_Host_Library/Core/Src/usbh_core.o
 .text.USBH_RegisterClass
                0x0000000008009a94       0x54 ./Middlewares/ST/STM32_USB_Host_Library/Core/Src/usbh_core.o
                0x0000000008009a94                USBH_RegisterClass
 .text.USBH_SelectInterface
                0x0000000008009ae8       0x38 ./Middlewares/ST/STM32_USB_Host_Library/Core/Src/usbh_core.o
                0x0000000008009ae8                USBH_SelectInterface
 .text.USBH_FindInterface
                0x0000000008009b20       0x8c ./Middlewares/ST/STM32_USB_Host_Library/Core/Src/usbh_core.o
                0x0000000008009b20                USBH_FindInterface
 .text.USBH_Start
                0x0000000008009bac       0x20 ./Middlewares/ST/STM32_USB_Host_Library/Core/Src/usbh_core.o
                0x0000000008009bac                USBH_Start
 .text.USBH_Process
                0x0000000008009bcc      0x3d8 ./Middlewares/ST/STM32_USB_Host_Library/Core/Src/usbh_core.o
                0x0000000008009bcc                USBH_Process
 .text.USBH_HandleEnum
                0x0000000008009fa4      0x3c8 ./Middlewares/ST/STM32_USB_Host_Library/Core/Src/usbh_core.o
 .text.USBH_LL_SetTimer
                0x000000000800a36c       0x1e ./Middlewares/ST/STM32_USB_Host_Library/Core/Src/usbh_core.o
                0x000000000800a36c                USBH_LL_SetTimer
 .text.USBH_LL_IncTimer
                0x000000000800a38a       0x24 ./Middlewares/ST/STM32_USB_Host_Library/Core/Src/usbh_core.o
                0x000000000800a38a                USBH_LL_IncTimer
 .text.USBH_HandleSof
                0x000000000800a3ae       0x30 ./Middlewares/ST/STM32_USB_Host_Library/Core/Src/usbh_core.o
 .text.USBH_LL_PortEnabled
                0x000000000800a3de       0x1c ./Middlewares/ST/STM32_USB_Host_Library/Core/Src/usbh_core.o
                0x000000000800a3de                USBH_LL_PortEnabled
 .text.USBH_LL_PortDisabled
                0x000000000800a3fa       0x1c ./Middlewares/ST/STM32_USB_Host_Library/Core/Src/usbh_core.o
                0x000000000800a3fa                USBH_LL_PortDisabled
 .text.USBH_LL_Connect
                0x000000000800a416       0x2e ./Middlewares/ST/STM32_USB_Host_Library/Core/Src/usbh_core.o
                0x000000000800a416                USBH_LL_Connect
 .text.USBH_LL_Disconnect
                0x000000000800a444       0x48 ./Middlewares/ST/STM32_USB_Host_Library/Core/Src/usbh_core.o
                0x000000000800a444                USBH_LL_Disconnect
 .text.USBH_Get_DevDesc
                0x000000000800a48c       0x50 ./Middlewares/ST/STM32_USB_Host_Library/Core/Src/usbh_ctlreq.o
                0x000000000800a48c                USBH_Get_DevDesc
 .text.USBH_Get_CfgDesc
                0x000000000800a4dc       0x48 ./Middlewares/ST/STM32_USB_Host_Library/Core/Src/usbh_ctlreq.o
                0x000000000800a4dc                USBH_Get_CfgDesc
 .text.USBH_Get_StringDesc
                0x000000000800a524       0x56 ./Middlewares/ST/STM32_USB_Host_Library/Core/Src/usbh_ctlreq.o
                0x000000000800a524                USBH_Get_StringDesc
 .text.USBH_GetDescriptor
                0x000000000800a57a       0x6a ./Middlewares/ST/STM32_USB_Host_Library/Core/Src/usbh_ctlreq.o
                0x000000000800a57a                USBH_GetDescriptor
 .text.USBH_SetAddress
                0x000000000800a5e4       0x48 ./Middlewares/ST/STM32_USB_Host_Library/Core/Src/usbh_ctlreq.o
                0x000000000800a5e4                USBH_SetAddress
 .text.USBH_SetCfg
                0x000000000800a62c       0x46 ./Middlewares/ST/STM32_USB_Host_Library/Core/Src/usbh_ctlreq.o
                0x000000000800a62c                USBH_SetCfg
 .text.USBH_SetFeature
                0x000000000800a672       0x48 ./Middlewares/ST/STM32_USB_Host_Library/Core/Src/usbh_ctlreq.o
                0x000000000800a672                USBH_SetFeature
 .text.USBH_ClrFeature
                0x000000000800a6ba       0x48 ./Middlewares/ST/STM32_USB_Host_Library/Core/Src/usbh_ctlreq.o
                0x000000000800a6ba                USBH_ClrFeature
 .text.USBH_ParseDevDesc
                0x000000000800a702      0x122 ./Middlewares/ST/STM32_USB_Host_Library/Core/Src/usbh_ctlreq.o
 .text.USBH_ParseCfgDesc
                0x000000000800a824      0x1ec ./Middlewares/ST/STM32_USB_Host_Library/Core/Src/usbh_ctlreq.o
 .text.USBH_ParseInterfaceDesc
                0x000000000800aa10       0x5e ./Middlewares/ST/STM32_USB_Host_Library/Core/Src/usbh_ctlreq.o
 .text.USBH_ParseEPDesc
                0x000000000800aa6e      0x14a ./Middlewares/ST/STM32_USB_Host_Library/Core/Src/usbh_ctlreq.o
 .text.USBH_ParseStringDesc
                0x000000000800abb8       0x66 ./Middlewares/ST/STM32_USB_Host_Library/Core/Src/usbh_ctlreq.o
 .text.USBH_GetNextDesc
                0x000000000800ac1e       0x36 ./Middlewares/ST/STM32_USB_Host_Library/Core/Src/usbh_ctlreq.o
                0x000000000800ac1e                USBH_GetNextDesc
 .text.USBH_CtlReq
                0x000000000800ac54       0x7a ./Middlewares/ST/STM32_USB_Host_Library/Core/Src/usbh_ctlreq.o
                0x000000000800ac54                USBH_CtlReq
 *fill*         0x000000000800acce        0x2 
 .text.USBH_HandleControl
                0x000000000800acd0      0x2e8 ./Middlewares/ST/STM32_USB_Host_Library/Core/Src/usbh_ctlreq.o
 .text.USBH_CtlSendSetup
                0x000000000800afb8       0x34 ./Middlewares/ST/STM32_USB_Host_Library/Core/Src/usbh_ioreq.o
                0x000000000800afb8                USBH_CtlSendSetup
 .text.USBH_CtlSendData
                0x000000000800afec       0x4a ./Middlewares/ST/STM32_USB_Host_Library/Core/Src/usbh_ioreq.o
                0x000000000800afec                USBH_CtlSendData
 .text.USBH_CtlReceiveData
                0x000000000800b036       0x3c ./Middlewares/ST/STM32_USB_Host_Library/Core/Src/usbh_ioreq.o
                0x000000000800b036                USBH_CtlReceiveData
 .text.USBH_BulkSendData
                0x000000000800b072       0x4a ./Middlewares/ST/STM32_USB_Host_Library/Core/Src/usbh_ioreq.o
                0x000000000800b072                USBH_BulkSendData
 .text.USBH_BulkReceiveData
                0x000000000800b0bc       0x3c ./Middlewares/ST/STM32_USB_Host_Library/Core/Src/usbh_ioreq.o
                0x000000000800b0bc                USBH_BulkReceiveData
 .text.USBH_OpenPipe
                0x000000000800b0f8       0x3e ./Middlewares/ST/STM32_USB_Host_Library/Core/Src/usbh_pipes.o
                0x000000000800b0f8                USBH_OpenPipe
 .text.USBH_ClosePipe
                0x000000000800b136       0x20 ./Middlewares/ST/STM32_USB_Host_Library/Core/Src/usbh_pipes.o
                0x000000000800b136                USBH_ClosePipe
 .text.USBH_AllocPipe
                0x000000000800b156       0x42 ./Middlewares/ST/STM32_USB_Host_Library/Core/Src/usbh_pipes.o
                0x000000000800b156                USBH_AllocPipe
 .text.USBH_FreePipe
                0x000000000800b198       0x3c ./Middlewares/ST/STM32_USB_Host_Library/Core/Src/usbh_pipes.o
                0x000000000800b198                USBH_FreePipe
 .text.USBH_GetFreePipe
                0x000000000800b1d4       0x48 ./Middlewares/ST/STM32_USB_Host_Library/Core/Src/usbh_pipes.o
 .text.MX_USB_HOST_Init
                0x000000000800b21c       0x4c ./USB_HOST/App/usb_host.o
                0x000000000800b21c                MX_USB_HOST_Init
 .text.MX_USB_HOST_Process
                0x000000000800b268       0x14 ./USB_HOST/App/usb_host.o
                0x000000000800b268                MX_USB_HOST_Process
 .text.USBH_UserProcess
                0x000000000800b27c       0x5c ./USB_HOST/App/usb_host.o
 .text.HAL_HCD_MspInit
                0x000000000800b2d8       0xc4 ./USB_HOST/Target/usbh_conf.o
                0x000000000800b2d8                HAL_HCD_MspInit
 .text.HAL_HCD_SOF_Callback
                0x000000000800b39c       0x1c ./USB_HOST/Target/usbh_conf.o
                0x000000000800b39c                HAL_HCD_SOF_Callback
 .text.HAL_HCD_Connect_Callback
                0x000000000800b3b8       0x1c ./USB_HOST/Target/usbh_conf.o
                0x000000000800b3b8                HAL_HCD_Connect_Callback
 .text.HAL_HCD_Disconnect_Callback
                0x000000000800b3d4       0x1c ./USB_HOST/Target/usbh_conf.o
                0x000000000800b3d4                HAL_HCD_Disconnect_Callback
 .text.HAL_HCD_HC_NotifyURBChange_Callback
                0x000000000800b3f0       0x1c ./USB_HOST/Target/usbh_conf.o
                0x000000000800b3f0                HAL_HCD_HC_NotifyURBChange_Callback
 .text.HAL_HCD_PortEnabled_Callback
                0x000000000800b40c       0x1c ./USB_HOST/Target/usbh_conf.o
                0x000000000800b40c                HAL_HCD_PortEnabled_Callback
 .text.HAL_HCD_PortDisabled_Callback
                0x000000000800b428       0x1c ./USB_HOST/Target/usbh_conf.o
                0x000000000800b428                HAL_HCD_PortDisabled_Callback
 .text.USBH_LL_Init
                0x000000000800b444       0x78 ./USB_HOST/Target/usbh_conf.o
                0x000000000800b444                USBH_LL_Init
 .text.USBH_LL_Start
                0x000000000800b4bc       0x36 ./USB_HOST/Target/usbh_conf.o
                0x000000000800b4bc                USBH_LL_Start
 .text.USBH_LL_Stop
                0x000000000800b4f2       0x36 ./USB_HOST/Target/usbh_conf.o
                0x000000000800b4f2                USBH_LL_Stop
 .text.USBH_LL_GetSpeed
                0x000000000800b528       0x4e ./USB_HOST/Target/usbh_conf.o
                0x000000000800b528                USBH_LL_GetSpeed
 .text.USBH_LL_ResetPort
                0x000000000800b576       0x36 ./USB_HOST/Target/usbh_conf.o
                0x000000000800b576                USBH_LL_ResetPort
 .text.USBH_LL_GetLastXferSize
                0x000000000800b5ac       0x26 ./USB_HOST/Target/usbh_conf.o
                0x000000000800b5ac                USBH_LL_GetLastXferSize
 .text.USBH_LL_OpenPipe
                0x000000000800b5d2       0x5e ./USB_HOST/Target/usbh_conf.o
                0x000000000800b5d2                USBH_LL_OpenPipe
 .text.USBH_LL_ClosePipe
                0x000000000800b630       0x3e ./USB_HOST/Target/usbh_conf.o
                0x000000000800b630                USBH_LL_ClosePipe
 .text.USBH_LL_SubmitURB
                0x000000000800b66e       0x62 ./USB_HOST/Target/usbh_conf.o
                0x000000000800b66e                USBH_LL_SubmitURB
 .text.USBH_LL_GetURBState
                0x000000000800b6d0       0x26 ./USB_HOST/Target/usbh_conf.o
                0x000000000800b6d0                USBH_LL_GetURBState
 .text.USBH_LL_DriverVBUS
                0x000000000800b6f6       0x2e ./USB_HOST/Target/usbh_conf.o
                0x000000000800b6f6                USBH_LL_DriverVBUS
 .text.USBH_LL_SetToggle
                0x000000000800b724       0x60 ./USB_HOST/Target/usbh_conf.o
                0x000000000800b724                USBH_LL_SetToggle
 .text.USBH_Delay
                0x000000000800b784       0x16 ./USB_HOST/Target/usbh_conf.o
                0x000000000800b784                USBH_Delay
 *fill*         0x000000000800b79a        0x2 
 .text.USBH_Get_USB_Status
                0x000000000800b79c       0x58 ./USB_HOST/Target/usbh_conf.o
                0x000000000800b79c                USBH_Get_USB_Status
 .text.MX_DriverVbusFS
                0x000000000800b7f4       0x38 ./USB_HOST/Target/usbh_platform.o
                0x000000000800b7f4                MX_DriverVbusFS
 .text.__cxa_pure_virtual
                0x000000000800b82c        0x6 c:/st/stm32cubeide_1.10.1/stm32cubeide/plugins/com.st.stm32cube.ide.mcu.externaltools.gnu-tools-for-stm32.10.3-2021.10.win32_1.0.0.202111181127/tools/bin/../lib/gcc/arm-none-eabi/10.3.1/../../../../arm-none-eabi/lib/thumb/v7e-m+fp/hard\libstdc++_nano.a(pure.o)
                0x000000000800b82c                __cxa_pure_virtual
 .text._ZN10__cxxabiv111__terminateEPFvvE
                0x000000000800b832        0x8 c:/st/stm32cubeide_1.10.1/stm32cubeide/plugins/com.st.stm32cube.ide.mcu.externaltools.gnu-tools-for-stm32.10.3-2021.10.win32_1.0.0.202111181127/tools/bin/../lib/gcc/arm-none-eabi/10.3.1/../../../../arm-none-eabi/lib/thumb/v7e-m+fp/hard\libstdc++_nano.a(eh_terminate.o)
                0x000000000800b832                __cxxabiv1::__terminate(void (*)())
 *fill*         0x000000000800b83a        0x2 
 .text._ZSt13get_terminatev
                0x000000000800b83c       0x10 c:/st/stm32cubeide_1.10.1/stm32cubeide/plugins/com.st.stm32cube.ide.mcu.externaltools.gnu-tools-for-stm32.10.3-2021.10.win32_1.0.0.202111181127/tools/bin/../lib/gcc/arm-none-eabi/10.3.1/../../../../arm-none-eabi/lib/thumb/v7e-m+fp/hard\libstdc++_nano.a(eh_terminate.o)
                0x000000000800b83c                std::get_terminate()
 .text._ZSt9terminatev
                0x000000000800b84c        0xa c:/st/stm32cubeide_1.10.1/stm32cubeide/plugins/com.st.stm32cube.ide.mcu.externaltools.gnu-tools-for-stm32.10.3-2021.10.win32_1.0.0.202111181127/tools/bin/../lib/gcc/arm-none-eabi/10.3.1/../../../../arm-none-eabi/lib/thumb/v7e-m+fp/hard\libstdc++_nano.a(eh_terminate.o)
                0x000000000800b84c                std::terminate()
 .text.abort    0x000000000800b856        0xe c:/st/stm32cubeide_1.10.1/stm32cubeide/plugins/com.st.stm32cube.ide.mcu.externaltools.gnu-tools-for-stm32.10.3-2021.10.win32_1.0.0.202111181127/tools/bin/../lib/gcc/arm-none-eabi/10.3.1/../../../../arm-none-eabi/lib/thumb/v7e-m+fp/hard\libc_nano.a(lib_a-abort.o)
                0x000000000800b856                abort
 .text.__errno  0x000000000800b864        0xc c:/st/stm32cubeide_1.10.1/stm32cubeide/plugins/com.st.stm32cube.ide.mcu.externaltools.gnu-tools-for-stm32.10.3-2021.10.win32_1.0.0.202111181127/tools/bin/../lib/gcc/arm-none-eabi/10.3.1/../../../../arm-none-eabi/lib/thumb/v7e-m+fp/hard\libc_nano.a(lib_a-errno.o)
                0x000000000800b864                __errno
 .text.__libc_init_array
                0x000000000800b870       0x48 c:/st/stm32cubeide_1.10.1/stm32cubeide/plugins/com.st.stm32cube.ide.mcu.externaltools.gnu-tools-for-stm32.10.3-2021.10.win32_1.0.0.202111181127/tools/bin/../lib/gcc/arm-none-eabi/10.3.1/../../../../arm-none-eabi/lib/thumb/v7e-m+fp/hard\libc_nano.a(lib_a-init.o)
                0x000000000800b870                __libc_init_array
 .text.malloc   0x000000000800b8b8       0x10 c:/st/stm32cubeide_1.10.1/stm32cubeide/plugins/com.st.stm32cube.ide.mcu.externaltools.gnu-tools-for-stm32.10.3-2021.10.win32_1.0.0.202111181127/tools/bin/../lib/gcc/arm-none-eabi/10.3.1/../../../../arm-none-eabi/lib/thumb/v7e-m+fp/hard\libc_nano.a(lib_a-malloc.o)
                0x000000000800b8b8                malloc
 .text.free     0x000000000800b8c8       0x10 c:/st/stm32cubeide_1.10.1/stm32cubeide/plugins/com.st.stm32cube.ide.mcu.externaltools.gnu-tools-for-stm32.10.3-2021.10.win32_1.0.0.202111181127/tools/bin/../lib/gcc/arm-none-eabi/10.3.1/../../../../arm-none-eabi/lib/thumb/v7e-m+fp/hard\libc_nano.a(lib_a-malloc.o)
                0x000000000800b8c8                free
 .text.memcpy   0x000000000800b8d8       0x1c c:/st/stm32cubeide_1.10.1/stm32cubeide/plugins/com.st.stm32cube.ide.mcu.externaltools.gnu-tools-for-stm32.10.3-2021.10.win32_1.0.0.202111181127/tools/bin/../lib/gcc/arm-none-eabi/10.3.1/../../../../arm-none-eabi/lib/thumb/v7e-m+fp/hard\libc_nano.a(lib_a-memcpy-stub.o)
                0x000000000800b8d8                memcpy
 .text.memset   0x000000000800b8f4       0x10 c:/st/stm32cubeide_1.10.1/stm32cubeide/plugins/com.st.stm32cube.ide.mcu.externaltools.gnu-tools-for-stm32.10.3-2021.10.win32_1.0.0.202111181127/tools/bin/../lib/gcc/arm-none-eabi/10.3.1/../../../../arm-none-eabi/lib/thumb/v7e-m+fp/hard\libc_nano.a(lib_a-memset.o)
                0x000000000800b8f4                memset
 .text._free_r  0x000000000800b904       0x98 c:/st/stm32cubeide_1.10.1/stm32cubeide/plugins/com.st.stm32cube.ide.mcu.externaltools.gnu-tools-for-stm32.10.3-2021.10.win32_1.0.0.202111181127/tools/bin/../lib/gcc/arm-none-eabi/10.3.1/../../../../arm-none-eabi/lib/thumb/v7e-m+fp/hard\libc_nano.a(lib_a-nano-freer.o)
                0x000000000800b904                _free_r
 .text.sbrk_aligned
                0x000000000800b99c       0x40 c:/st/stm32cubeide_1.10.1/stm32cubeide/plugins/com.st.stm32cube.ide.mcu.externaltools.gnu-tools-for-stm32.10.3-2021.10.win32_1.0.0.202111181127/tools/bin/../lib/gcc/arm-none-eabi/10.3.1/../../../../arm-none-eabi/lib/thumb/v7e-m+fp/hard\libc_nano.a(lib_a-nano-mallocr.o)
 .text._malloc_r
                0x000000000800b9dc       0xe8 c:/st/stm32cubeide_1.10.1/stm32cubeide/plugins/com.st.stm32cube.ide.mcu.externaltools.gnu-tools-for-stm32.10.3-2021.10.win32_1.0.0.202111181127/tools/bin/../lib/gcc/arm-none-eabi/10.3.1/../../../../arm-none-eabi/lib/thumb/v7e-m+fp/hard\libc_nano.a(lib_a-nano-mallocr.o)
                0x000000000800b9dc                _malloc_r
 .text.realloc  0x000000000800bac4       0x10 c:/st/stm32cubeide_1.10.1/stm32cubeide/plugins/com.st.stm32cube.ide.mcu.externaltools.gnu-tools-for-stm32.10.3-2021.10.win32_1.0.0.202111181127/tools/bin/../lib/gcc/arm-none-eabi/10.3.1/../../../../arm-none-eabi/lib/thumb/v7e-m+fp/hard\libc_nano.a(lib_a-realloc.o)
                0x000000000800bac4                realloc
 .text._sbrk_r  0x000000000800bad4       0x20 c:/st/stm32cubeide_1.10.1/stm32cubeide/plugins/com.st.stm32cube.ide.mcu.externaltools.gnu-tools-for-stm32.10.3-2021.10.win32_1.0.0.202111181127/tools/bin/../lib/gcc/arm-none-eabi/10.3.1/../../../../arm-none-eabi/lib/thumb/v7e-m+fp/hard\libc_nano.a(lib_a-sbrkr.o)
                0x000000000800bad4                _sbrk_r
 .text._raise_r
                0x000000000800baf4       0x50 c:/st/stm32cubeide_1.10.1/stm32cubeide/plugins/com.st.stm32cube.ide.mcu.externaltools.gnu-tools-for-stm32.10.3-2021.10.win32_1.0.0.202111181127/tools/bin/../lib/gcc/arm-none-eabi/10.3.1/../../../../arm-none-eabi/lib/thumb/v7e-m+fp/hard\libc_nano.a(lib_a-signal.o)
                0x000000000800baf4                _raise_r
 .text.raise    0x000000000800bb44       0x10 c:/st/stm32cubeide_1.10.1/stm32cubeide/plugins/com.st.stm32cube.ide.mcu.externaltools.gnu-tools-for-stm32.10.3-2021.10.win32_1.0.0.202111181127/tools/bin/../lib/gcc/arm-none-eabi/10.3.1/../../../../arm-none-eabi/lib/thumb/v7e-m+fp/hard\libc_nano.a(lib_a-signal.o)
                0x000000000800bb44                raise
 .text._kill_r  0x000000000800bb54       0x24 c:/st/stm32cubeide_1.10.1/stm32cubeide/plugins/com.st.stm32cube.ide.mcu.externaltools.gnu-tools-for-stm32.10.3-2021.10.win32_1.0.0.202111181127/tools/bin/../lib/gcc/arm-none-eabi/10.3.1/../../../../arm-none-eabi/lib/thumb/v7e-m+fp/hard\libc_nano.a(lib_a-signalr.o)
                0x000000000800bb54                _kill_r
 .text._getpid_r
                0x000000000800bb78        0x4 c:/st/stm32cubeide_1.10.1/stm32cubeide/plugins/com.st.stm32cube.ide.mcu.externaltools.gnu-tools-for-stm32.10.3-2021.10.win32_1.0.0.202111181127/tools/bin/../lib/gcc/arm-none-eabi/10.3.1/../../../../arm-none-eabi/lib/thumb/v7e-m+fp/hard\libc_nano.a(lib_a-signalr.o)
                0x000000000800bb78                _getpid_r
 .text.__malloc_lock
                0x000000000800bb7c        0xc c:/st/stm32cubeide_1.10.1/stm32cubeide/plugins/com.st.stm32cube.ide.mcu.externaltools.gnu-tools-for-stm32.10.3-2021.10.win32_1.0.0.202111181127/tools/bin/../lib/gcc/arm-none-eabi/10.3.1/../../../../arm-none-eabi/lib/thumb/v7e-m+fp/hard\libc_nano.a(lib_a-mlock.o)
                0x000000000800bb7c                __malloc_lock
 .text.__malloc_unlock
                0x000000000800bb88        0xc c:/st/stm32cubeide_1.10.1/stm32cubeide/plugins/com.st.stm32cube.ide.mcu.externaltools.gnu-tools-for-stm32.10.3-2021.10.win32_1.0.0.202111181127/tools/bin/../lib/gcc/arm-none-eabi/10.3.1/../../../../arm-none-eabi/lib/thumb/v7e-m+fp/hard\libc_nano.a(lib_a-mlock.o)
                0x000000000800bb88                __malloc_unlock
 .text._realloc_r
                0x000000000800bb94       0x5e c:/st/stm32cubeide_1.10.1/stm32cubeide/plugins/com.st.stm32cube.ide.mcu.externaltools.gnu-tools-for-stm32.10.3-2021.10.win32_1.0.0.202111181127/tools/bin/../lib/gcc/arm-none-eabi/10.3.1/../../../../arm-none-eabi/lib/thumb/v7e-m+fp/hard\libc_nano.a(lib_a-nano-reallocr.o)
                0x000000000800bb94                _realloc_r
 .text.__retarget_lock_acquire_recursive
                0x000000000800bbf2        0x2 c:/st/stm32cubeide_1.10.1/stm32cubeide/plugins/com.st.stm32cube.ide.mcu.externaltools.gnu-tools-for-stm32.10.3-2021.10.win32_1.0.0.202111181127/tools/bin/../lib/gcc/arm-none-eabi/10.3.1/../../../../arm-none-eabi/lib/thumb/v7e-m+fp/hard\libc_nano.a(lib_a-lock.o)
                0x000000000800bbf2                __retarget_lock_acquire_recursive
 .text.__retarget_lock_release_recursive
                0x000000000800bbf4        0x2 c:/st/stm32cubeide_1.10.1/stm32cubeide/plugins/com.st.stm32cube.ide.mcu.externaltools.gnu-tools-for-stm32.10.3-2021.10.win32_1.0.0.202111181127/tools/bin/../lib/gcc/arm-none-eabi/10.3.1/../../../../arm-none-eabi/lib/thumb/v7e-m+fp/hard\libc_nano.a(lib_a-lock.o)
                0x000000000800bbf4                __retarget_lock_release_recursive
 .text._malloc_usable_size_r
                0x000000000800bbf6       0x10 c:/st/stm32cubeide_1.10.1/stm32cubeide/plugins/com.st.stm32cube.ide.mcu.externaltools.gnu-tools-for-stm32.10.3-2021.10.win32_1.0.0.202111181127/tools/bin/../lib/gcc/arm-none-eabi/10.3.1/../../../../arm-none-eabi/lib/thumb/v7e-m+fp/hard\libc_nano.a(lib_a-nano-msizer.o)
                0x000000000800bbf6                _malloc_usable_size_r
 *(.glue_7)
 .glue_7        0x000000000800bc06        0x0 linker stubs
 *(.glue_7t)
 .glue_7t       0x000000000800bc06        0x0 linker stubs
 *(.eh_frame)
 *fill*         0x000000000800bc06        0x2 
 .eh_frame      0x000000000800bc08        0x0 c:/st/stm32cubeide_1.10.1/stm32cubeide/plugins/com.st.stm32cube.ide.mcu.externaltools.gnu-tools-for-stm32.10.3-2021.10.win32_1.0.0.202111181127/tools/bin/../lib/gcc/arm-none-eabi/10.3.1/thumb/v7e-m+fp/hard/crtbegin.o
 *(.init)
 .init          0x000000000800bc08        0x4 c:/st/stm32cubeide_1.10.1/stm32cubeide/plugins/com.st.stm32cube.ide.mcu.externaltools.gnu-tools-for-stm32.10.3-2021.10.win32_1.0.0.202111181127/tools/bin/../lib/gcc/arm-none-eabi/10.3.1/thumb/v7e-m+fp/hard/crti.o
                0x000000000800bc08                _init
 .init          0x000000000800bc0c        0x8 c:/st/stm32cubeide_1.10.1/stm32cubeide/plugins/com.st.stm32cube.ide.mcu.externaltools.gnu-tools-for-stm32.10.3-2021.10.win32_1.0.0.202111181127/tools/bin/../lib/gcc/arm-none-eabi/10.3.1/thumb/v7e-m+fp/hard/crtn.o
 *(.fini)
 .fini          0x000000000800bc14        0x4 c:/st/stm32cubeide_1.10.1/stm32cubeide/plugins/com.st.stm32cube.ide.mcu.externaltools.gnu-tools-for-stm32.10.3-2021.10.win32_1.0.0.202111181127/tools/bin/../lib/gcc/arm-none-eabi/10.3.1/thumb/v7e-m+fp/hard/crti.o
                0x000000000800bc14                _fini
 .fini          0x000000000800bc18        0x8 c:/st/stm32cubeide_1.10.1/stm32cubeide/plugins/com.st.stm32cube.ide.mcu.externaltools.gnu-tools-for-stm32.10.3-2021.10.win32_1.0.0.202111181127/tools/bin/../lib/gcc/arm-none-eabi/10.3.1/thumb/v7e-m+fp/hard/crtn.o
                0x000000000800bc20                . = ALIGN (0x4)
                0x000000000800bc20                _etext = .

.vfp11_veneer   0x000000000800bc20        0x0
 .vfp11_veneer  0x000000000800bc20        0x0 linker stubs

.v4_bx          0x000000000800bc20        0x0
 .v4_bx         0x000000000800bc20        0x0 linker stubs

.iplt           0x000000000800bc20        0x0
 .iplt          0x000000000800bc20        0x0 c:/st/stm32cubeide_1.10.1/stm32cubeide/plugins/com.st.stm32cube.ide.mcu.externaltools.gnu-tools-for-stm32.10.3-2021.10.win32_1.0.0.202111181127/tools/bin/../lib/gcc/arm-none-eabi/10.3.1/thumb/v7e-m+fp/hard/crtbegin.o

.rodata         0x000000000800bc20      0x244
                0x000000000800bc20                . = ALIGN (0x4)
 *(.rodata)
 .rodata        0x000000000800bc20      0x14c ./Core/Src/mainpp.o
 .rodata        0x000000000800bd6c        0x4 ./Middlewares/ST/STM32_USB_Host_Library/Class/CDC/Src/usbh_cdc.o
 *(.rodata*)
 .rodata._ZN14rosserial_msgsL12REQUESTPARAME
                0x000000000800bd70       0x1c ./Core/Src/mainpp.o
 .rodata._ZTVN3ros11NodeHandle_I13STM32HardwareLi25ELi25ELi1024ELi1024EEE
                0x000000000800bd8c       0x14 ./Core/Src/mainpp.o
                0x000000000800bd8c                vtable for ros::NodeHandle_<STM32Hardware, 25, 25, 1024, 1024>
 .rodata._ZTVN8std_msgs6StringE
                0x000000000800bda0       0x18 ./Core/Src/mainpp.o
                0x000000000800bda0                vtable for std_msgs::String
 .rodata._ZTVN3ros15NodeHandleBase_E
                0x000000000800bdb8       0x14 ./Core/Src/mainpp.o
                0x000000000800bdb8                vtable for ros::NodeHandleBase_
 .rodata._ZTVN14rosserial_msgs20RequestParamResponseE
                0x000000000800bdcc       0x18 ./Core/Src/mainpp.o
                0x000000000800bdcc                vtable for rosserial_msgs::RequestParamResponse
 .rodata._ZTVN14rosserial_msgs3LogE
                0x000000000800bde4       0x18 ./Core/Src/mainpp.o
                0x000000000800bde4                vtable for rosserial_msgs::Log
 .rodata._ZTVN14rosserial_msgs9TopicInfoE
                0x000000000800bdfc       0x18 ./Core/Src/mainpp.o
                0x000000000800bdfc                vtable for rosserial_msgs::TopicInfo
 .rodata._ZTVN8std_msgs4TimeE
                0x000000000800be14       0x18 ./Core/Src/mainpp.o
                0x000000000800be14                vtable for std_msgs::Time
 .rodata._ZTVN3ros3MsgE
                0x000000000800be2c       0x18 ./Core/Src/mainpp.o
                0x000000000800be2c                vtable for ros::Msg
 .rodata.AHBPrescTable
                0x000000000800be44       0x10 ./Core/Src/system_stm32f4xx.o
                0x000000000800be44                AHBPrescTable
 .rodata.APBPrescTable
                0x000000000800be54        0x8 ./Core/Src/system_stm32f4xx.o
                0x000000000800be54                APBPrescTable
 .rodata.flagBitshiftOffset.0
                0x000000000800be5c        0x8 ./Drivers/STM32F4xx_HAL_Driver/Src/stm32f4xx_hal_dma.o
                0x000000000800be64                . = ALIGN (0x4)

.ARM.extab      0x000000000800be64        0x0
                0x000000000800be64                . = ALIGN (0x4)
 *(.ARM.extab* .gnu.linkonce.armextab.*)
                0x000000000800be64                . = ALIGN (0x4)

.ARM            0x000000000800be64        0x8
                0x000000000800be64                . = ALIGN (0x4)
                0x000000000800be64                __exidx_start = .
 *(.ARM.exidx*)
 .ARM.exidx     0x000000000800be64        0x8 c:/st/stm32cubeide_1.10.1/stm32cubeide/plugins/com.st.stm32cube.ide.mcu.externaltools.gnu-tools-for-stm32.10.3-2021.10.win32_1.0.0.202111181127/tools/bin/../lib/gcc/arm-none-eabi/10.3.1/thumb/v7e-m+fp/hard\libgcc.a(_udivmoddi4.o)
                0x000000000800be6c                __exidx_end = .
                0x000000000800be6c                . = ALIGN (0x4)

.rel.dyn        0x000000000800be6c        0x0
 .rel.iplt      0x000000000800be6c        0x0 c:/st/stm32cubeide_1.10.1/stm32cubeide/plugins/com.st.stm32cube.ide.mcu.externaltools.gnu-tools-for-stm32.10.3-2021.10.win32_1.0.0.202111181127/tools/bin/../lib/gcc/arm-none-eabi/10.3.1/thumb/v7e-m+fp/hard/crtbegin.o

.preinit_array  0x000000000800be6c        0x0
                0x000000000800be6c                . = ALIGN (0x4)
                0x000000000800be6c                PROVIDE (__preinit_array_start = .)
 *(.preinit_array*)
                0x000000000800be6c                PROVIDE (__preinit_array_end = .)
                0x000000000800be6c                . = ALIGN (0x4)

.init_array     0x000000000800be6c        0x8
                0x000000000800be6c                . = ALIGN (0x4)
                0x000000000800be6c                PROVIDE (__init_array_start = .)
 *(SORT_BY_NAME(.init_array.*))
 *(.init_array*)
 .init_array    0x000000000800be6c        0x4 c:/st/stm32cubeide_1.10.1/stm32cubeide/plugins/com.st.stm32cube.ide.mcu.externaltools.gnu-tools-for-stm32.10.3-2021.10.win32_1.0.0.202111181127/tools/bin/../lib/gcc/arm-none-eabi/10.3.1/thumb/v7e-m+fp/hard/crtbegin.o
 .init_array    0x000000000800be70        0x4 ./Core/Src/mainpp.o
                0x000000000800be74                PROVIDE (__init_array_end = .)
                0x000000000800be74                . = ALIGN (0x4)

.fini_array     0x000000000800be74        0x4
                0x000000000800be74                . = ALIGN (0x4)
                [!provide]                        PROVIDE (__fini_array_start = .)
 *(SORT_BY_NAME(.fini_array.*))
 *(.fini_array*)
 .fini_array    0x000000000800be74        0x4 c:/st/stm32cubeide_1.10.1/stm32cubeide/plugins/com.st.stm32cube.ide.mcu.externaltools.gnu-tools-for-stm32.10.3-2021.10.win32_1.0.0.202111181127/tools/bin/../lib/gcc/arm-none-eabi/10.3.1/thumb/v7e-m+fp/hard/crtbegin.o
                [!provide]                        PROVIDE (__fini_array_end = .)
                0x000000000800be78                . = ALIGN (0x4)
                0x000000000800be78                _sidata = LOADADDR (.data)

.data           0x0000000020000000       0xa4 load address 0x000000000800be78
                0x0000000020000000                . = ALIGN (0x4)
                0x0000000020000000                _sdata = .
 *(.data)
 *(.data*)
 .data.hello    0x0000000020000000       0x10 ./Core/Src/mainpp.o
                0x0000000020000000                hello
 .data.SystemCoreClock
                0x0000000020000010        0x4 ./Core/Src/system_stm32f4xx.o
                0x0000000020000010                SystemCoreClock
 .data.uwTickPrio
                0x0000000020000014        0x4 ./Drivers/STM32F4xx_HAL_Driver/Src/stm32f4xx_hal.o
                0x0000000020000014                uwTickPrio
 .data.uwTickFreq
                0x0000000020000018        0x1 ./Drivers/STM32F4xx_HAL_Driver/Src/stm32f4xx_hal.o
                0x0000000020000018                uwTickFreq
 *fill*         0x0000000020000019        0x3 
 .data.CDC_Class
                0x000000002000001c       0x20 ./Middlewares/ST/STM32_USB_Host_Library/Class/CDC/Src/usbh_cdc.o
                0x000000002000001c                CDC_Class
 .data._ZN10__cxxabiv119__terminate_handlerE
                0x000000002000003c        0x4 c:/st/stm32cubeide_1.10.1/stm32cubeide/plugins/com.st.stm32cube.ide.mcu.externaltools.gnu-tools-for-stm32.10.3-2021.10.win32_1.0.0.202111181127/tools/bin/../lib/gcc/arm-none-eabi/10.3.1/../../../../arm-none-eabi/lib/thumb/v7e-m+fp/hard\libstdc++_nano.a(eh_term_handler.o)
                0x000000002000003c                __cxxabiv1::__terminate_handler
 .data._impure_ptr
                0x0000000020000040        0x4 c:/st/stm32cubeide_1.10.1/stm32cubeide/plugins/com.st.stm32cube.ide.mcu.externaltools.gnu-tools-for-stm32.10.3-2021.10.win32_1.0.0.202111181127/tools/bin/../lib/gcc/arm-none-eabi/10.3.1/../../../../arm-none-eabi/lib/thumb/v7e-m+fp/hard\libc_nano.a(lib_a-impure.o)
                0x0000000020000040                _impure_ptr
 .data.impure_data
                0x0000000020000044       0x60 c:/st/stm32cubeide_1.10.1/stm32cubeide/plugins/com.st.stm32cube.ide.mcu.externaltools.gnu-tools-for-stm32.10.3-2021.10.win32_1.0.0.202111181127/tools/bin/../lib/gcc/arm-none-eabi/10.3.1/../../../../arm-none-eabi/lib/thumb/v7e-m+fp/hard\libc_nano.a(lib_a-impure.o)
 *(.RamFunc)
 *(.RamFunc*)
                0x00000000200000a4                . = ALIGN (0x4)
                0x00000000200000a4                _edata = .

.igot.plt       0x00000000200000a4        0x0 load address 0x000000000800bf1c
 .igot.plt      0x00000000200000a4        0x0 c:/st/stm32cubeide_1.10.1/stm32cubeide/plugins/com.st.stm32cube.ide.mcu.externaltools.gnu-tools-for-stm32.10.3-2021.10.win32_1.0.0.202111181127/tools/bin/../lib/gcc/arm-none-eabi/10.3.1/thumb/v7e-m+fp/hard/crtbegin.o
                0x00000000200000a4                . = ALIGN (0x4)

.bss            0x00000000200000a4     0x1ab0 load address 0x000000000800bf1c
                0x00000000200000a4                _sbss = .
                0x00000000200000a4                __bss_start__ = _sbss
 *(.bss)
 .bss           0x00000000200000a4       0x1c c:/st/stm32cubeide_1.10.1/stm32cubeide/plugins/com.st.stm32cube.ide.mcu.externaltools.gnu-tools-for-stm32.10.3-2021.10.win32_1.0.0.202111181127/tools/bin/../lib/gcc/arm-none-eabi/10.3.1/thumb/v7e-m+fp/hard/crtbegin.o
 *(.bss*)
 .bss.hi2c1     0x00000000200000c0       0x54 ./Core/Src/main.o
                0x00000000200000c0                hi2c1
 .bss.hi2s2     0x0000000020000114       0x48 ./Core/Src/main.o
                0x0000000020000114                hi2s2
 .bss.hi2s3     0x000000002000015c       0x48 ./Core/Src/main.o
                0x000000002000015c                hi2s3
 .bss.hspi1     0x00000000200001a4       0x58 ./Core/Src/main.o
                0x00000000200001a4                hspi1
 .bss.huart1    0x00000000200001fc       0x44 ./Core/Src/main.o
                0x00000000200001fc                huart1
 .bss.hdma_usart1_rx
                0x0000000020000240       0x60 ./Core/Src/main.o
                0x0000000020000240                hdma_usart1_rx
 .bss.hdma_usart1_tx
                0x00000000200002a0       0x60 ./Core/Src/main.o
                0x00000000200002a0                hdma_usart1_tx
 .bss._ZZN13STM32Hardware5flushEvE5mutex
                0x0000000020000300        0x1 ./Core/Src/mainpp.o
                0x0000000020000300                STM32Hardware::flush()::mutex
 *fill*         0x0000000020000301        0x3 
 .bss.nh        0x0000000020000304     0x113c ./Core/Src/mainpp.o
                0x0000000020000304                nh
 .bss.str_msg   0x0000000020001440        0x8 ./Core/Src/mainpp.o
                0x0000000020001440                str_msg
 .bss.chatter   0x0000000020001448       0x14 ./Core/Src/mainpp.o
                0x0000000020001448                chatter
 .bss.__sbrk_heap_end
                0x000000002000145c        0x4 ./Core/Src/sysmem.o
 .bss.uwTick    0x0000000020001460        0x4 ./Drivers/STM32F4xx_HAL_Driver/Src/stm32f4xx_hal.o
                0x0000000020001460                uwTick
 .bss.hUsbHostFS
                0x0000000020001464      0x3d8 ./USB_HOST/App/usb_host.o
                0x0000000020001464                hUsbHostFS
 .bss.Appli_state
                0x000000002000183c        0x1 ./USB_HOST/App/usb_host.o
                0x000000002000183c                Appli_state
 *fill*         0x000000002000183d        0x3 
 .bss.hhcd_USB_OTG_FS
                0x0000000020001840      0x304 ./USB_HOST/Target/usbh_conf.o
                0x0000000020001840                hhcd_USB_OTG_FS
 .bss.__malloc_free_list
                0x0000000020001b44        0x4 c:/st/stm32cubeide_1.10.1/stm32cubeide/plugins/com.st.stm32cube.ide.mcu.externaltools.gnu-tools-for-stm32.10.3-2021.10.win32_1.0.0.202111181127/tools/bin/../lib/gcc/arm-none-eabi/10.3.1/../../../../arm-none-eabi/lib/thumb/v7e-m+fp/hard\libc_nano.a(lib_a-nano-mallocr.o)
                0x0000000020001b44                __malloc_free_list
 .bss.__malloc_sbrk_start
                0x0000000020001b48        0x4 c:/st/stm32cubeide_1.10.1/stm32cubeide/plugins/com.st.stm32cube.ide.mcu.externaltools.gnu-tools-for-stm32.10.3-2021.10.win32_1.0.0.202111181127/tools/bin/../lib/gcc/arm-none-eabi/10.3.1/../../../../arm-none-eabi/lib/thumb/v7e-m+fp/hard\libc_nano.a(lib_a-nano-mallocr.o)
                0x0000000020001b48                __malloc_sbrk_start
 .bss.errno     0x0000000020001b4c        0x4 c:/st/stm32cubeide_1.10.1/stm32cubeide/plugins/com.st.stm32cube.ide.mcu.externaltools.gnu-tools-for-stm32.10.3-2021.10.win32_1.0.0.202111181127/tools/bin/../lib/gcc/arm-none-eabi/10.3.1/../../../../arm-none-eabi/lib/thumb/v7e-m+fp/hard\libc_nano.a(lib_a-reent.o)
                0x0000000020001b4c                errno
 .bss.__lock___malloc_recursive_mutex
                0x0000000020001b50        0x1 c:/st/stm32cubeide_1.10.1/stm32cubeide/plugins/com.st.stm32cube.ide.mcu.externaltools.gnu-tools-for-stm32.10.3-2021.10.win32_1.0.0.202111181127/tools/bin/../lib/gcc/arm-none-eabi/10.3.1/../../../../arm-none-eabi/lib/thumb/v7e-m+fp/hard\libc_nano.a(lib_a-lock.o)
                0x0000000020001b50                __lock___malloc_recursive_mutex
 *(COMMON)
                0x0000000020001b54                . = ALIGN (0x4)
 *fill*         0x0000000020001b51        0x3 
                0x0000000020001b54                _ebss = .
                0x0000000020001b54                __bss_end__ = _ebss

._user_heap_stack
                0x0000000020001b54      0x604 load address 0x000000000800bf1c
                0x0000000020001b58                . = ALIGN (0x8)
 *fill*         0x0000000020001b54        0x4 
                [!provide]                        PROVIDE (end = .)
                0x0000000020001b58                PROVIDE (_end = .)
                0x0000000020001d58                . = (. + _Min_Heap_Size)
 *fill*         0x0000000020001b58      0x200 
                0x0000000020002158                . = (. + _Min_Stack_Size)
 *fill*         0x0000000020001d58      0x400 
                0x0000000020002158                . = ALIGN (0x8)

/DISCARD/
 libc.a(*)
 libm.a(*)
 libgcc.a(*)

.ARM.attributes
                0x0000000000000000       0x30
 *(.ARM.attributes)
 .ARM.attributes
                0x0000000000000000       0x1e c:/st/stm32cubeide_1.10.1/stm32cubeide/plugins/com.st.stm32cube.ide.mcu.externaltools.gnu-tools-for-stm32.10.3-2021.10.win32_1.0.0.202111181127/tools/bin/../lib/gcc/arm-none-eabi/10.3.1/thumb/v7e-m+fp/hard/crti.o
 .ARM.attributes
                0x000000000000001e       0x34 c:/st/stm32cubeide_1.10.1/stm32cubeide/plugins/com.st.stm32cube.ide.mcu.externaltools.gnu-tools-for-stm32.10.3-2021.10.win32_1.0.0.202111181127/tools/bin/../lib/gcc/arm-none-eabi/10.3.1/thumb/v7e-m+fp/hard/crtbegin.o
 .ARM.attributes
                0x0000000000000052       0x34 ./Core/Src/main.o
 .ARM.attributes
                0x0000000000000086       0x34 ./Core/Src/mainpp.o
 .ARM.attributes
                0x00000000000000ba       0x34 ./Core/Src/stm32f4xx_hal_msp.o
 .ARM.attributes
                0x00000000000000ee       0x34 ./Core/Src/stm32f4xx_it.o
 .ARM.attributes
                0x0000000000000122       0x34 ./Core/Src/syscalls.o
 .ARM.attributes
                0x0000000000000156       0x34 ./Core/Src/sysmem.o
 .ARM.attributes
                0x000000000000018a       0x34 ./Core/Src/system_stm32f4xx.o
 .ARM.attributes
                0x00000000000001be       0x34 ./Core/Src/time.o
 .ARM.attributes
                0x00000000000001f2       0x21 ./Core/Startup/startup_stm32f411vetx.o
 .ARM.attributes
                0x0000000000000213       0x34 ./Drivers/STM32F4xx_HAL_Driver/Src/stm32f4xx_hal.o
 .ARM.attributes
                0x0000000000000247       0x34 ./Drivers/STM32F4xx_HAL_Driver/Src/stm32f4xx_hal_cortex.o
 .ARM.attributes
                0x000000000000027b       0x34 ./Drivers/STM32F4xx_HAL_Driver/Src/stm32f4xx_hal_dma.o
 .ARM.attributes
                0x00000000000002af       0x34 ./Drivers/STM32F4xx_HAL_Driver/Src/stm32f4xx_hal_gpio.o
 .ARM.attributes
                0x00000000000002e3       0x34 ./Drivers/STM32F4xx_HAL_Driver/Src/stm32f4xx_hal_hcd.o
 .ARM.attributes
                0x0000000000000317       0x34 ./Drivers/STM32F4xx_HAL_Driver/Src/stm32f4xx_hal_i2c.o
 .ARM.attributes
                0x000000000000034b       0x34 ./Drivers/STM32F4xx_HAL_Driver/Src/stm32f4xx_hal_i2s.o
 .ARM.attributes
                0x000000000000037f       0x34 ./Drivers/STM32F4xx_HAL_Driver/Src/stm32f4xx_hal_i2s_ex.o
 .ARM.attributes
                0x00000000000003b3       0x34 ./Drivers/STM32F4xx_HAL_Driver/Src/stm32f4xx_hal_rcc.o
 .ARM.attributes
                0x00000000000003e7       0x34 ./Drivers/STM32F4xx_HAL_Driver/Src/stm32f4xx_hal_rcc_ex.o
 .ARM.attributes
                0x000000000000041b       0x34 ./Drivers/STM32F4xx_HAL_Driver/Src/stm32f4xx_hal_spi.o
 .ARM.attributes
                0x000000000000044f       0x34 ./Drivers/STM32F4xx_HAL_Driver/Src/stm32f4xx_hal_uart.o
 .ARM.attributes
                0x0000000000000483       0x34 ./Drivers/STM32F4xx_HAL_Driver/Src/stm32f4xx_ll_usb.o
 .ARM.attributes
                0x00000000000004b7       0x34 ./Middlewares/ST/STM32_USB_Host_Library/Class/CDC/Src/usbh_cdc.o
 .ARM.attributes
                0x00000000000004eb       0x34 ./Middlewares/ST/STM32_USB_Host_Library/Core/Src/usbh_core.o
 .ARM.attributes
                0x000000000000051f       0x34 ./Middlewares/ST/STM32_USB_Host_Library/Core/Src/usbh_ctlreq.o
 .ARM.attributes
                0x0000000000000553       0x34 ./Middlewares/ST/STM32_USB_Host_Library/Core/Src/usbh_ioreq.o
 .ARM.attributes
                0x0000000000000587       0x34 ./Middlewares/ST/STM32_USB_Host_Library/Core/Src/usbh_pipes.o
 .ARM.attributes
                0x00000000000005bb       0x34 ./USB_HOST/App/usb_host.o
 .ARM.attributes
                0x00000000000005ef       0x34 ./USB_HOST/Target/usbh_conf.o
 .ARM.attributes
                0x0000000000000623       0x34 ./USB_HOST/Target/usbh_platform.o
 .ARM.attributes
                0x0000000000000657       0x34 c:/st/stm32cubeide_1.10.1/stm32cubeide/plugins/com.st.stm32cube.ide.mcu.externaltools.gnu-tools-for-stm32.10.3-2021.10.win32_1.0.0.202111181127/tools/bin/../lib/gcc/arm-none-eabi/10.3.1/../../../../arm-none-eabi/lib/thumb/v7e-m+fp/hard\libstdc++_nano.a(pure.o)
 .ARM.attributes
                0x000000000000068b       0x34 c:/st/stm32cubeide_1.10.1/stm32cubeide/plugins/com.st.stm32cube.ide.mcu.externaltools.gnu-tools-for-stm32.10.3-2021.10.win32_1.0.0.202111181127/tools/bin/../lib/gcc/arm-none-eabi/10.3.1/../../../../arm-none-eabi/lib/thumb/v7e-m+fp/hard\libstdc++_nano.a(eh_terminate.o)
 .ARM.attributes